
*** Running vivado
    with args -log design_1_axi_mem_intercon_imp_auto_pc_2.vds -m64 -product Vivado -mode batch -messageDb vivado.pb -notrace -source design_1_axi_mem_intercon_imp_auto_pc_2.tcl


****** Vivado v2025.2 (64-bit)
  **** SW Build 6299465 on Fri Nov 14 12:34:56 MST 2025
  **** IP Build 6300035 on Fri Nov 14 10:48:45 MST 2025
  **** SharedData Build 6298862 on Thu Nov 13 04:50:51 MST 2025
  **** Start of session at: Tue Jul 21 15:52:21 2026
    ** Copyright 1986-2022 Xilinx, Inc. All Rights Reserved.
    ** Copyright 2022-2025 Advanced Micro Devices, Inc. All Rights Reserved.

source design_1_axi_mem_intercon_imp_auto_pc_2.tcl -notrace
create_project: Time (s): cpu = 00:00:27 ; elapsed = 00:00:12 . Memory (MB): peak = 1574.477 ; gain = 94.055 ; free physical = 12701 ; free virtual = 53966
INFO: [IP_Flow 19-234] Refreshing IP repositories
INFO: [IP_Flow 19-1700] Loaded user IP repository '/home/chipwisperer/Documents/SNN/Event-Driven-Spiking-Neural-Network-Accelerator-for-FPGA/hardware/ip_repo/snn_top_hls_1_0'.
INFO: [IP_Flow 19-2313] Loaded Vivado IP repository '/home/chipwisperer/AMD/2025.2/data/ip'.
Command: synth_design -top design_1_axi_mem_intercon_imp_auto_pc_2 -part xc7z020clg400-1 -incremental_mode off -mode out_of_context
Starting synth_design
Attempting to get a license for feature 'Synthesis' and/or device 'xc7z020'
INFO: [Common 17-349] Got license for feature 'Synthesis' and/or device 'xc7z020'
INFO: [Device 21-403] Loading part xc7z020clg400-1
INFO: [Synth 8-7079] Multithreading enabled for synth_design using a maximum of 7 processes.
INFO: [Synth 8-7078] Launching helper process for spawning children vivado processes
INFO: [Synth 8-7075] Helper process launched with PID 3128414
---------------------------------------------------------------------------------
Starting RTL Elaboration : Time (s): cpu = 00:00:11 ; elapsed = 00:00:12 . Memory (MB): peak = 2255.211 ; gain = 491.156 ; free physical = 5000 ; free virtual = 46295
---------------------------------------------------------------------------------
INFO: [Synth 8-6157] synthesizing module 'design_1_axi_mem_intercon_imp_auto_pc_2' [/home/chipwisperer/Documents/SNN/snn_accelerator_integration/snn_accelerator_integration.gen/sources_1/bd/design_1/ip/design_1_axi_mem_intercon_imp_auto_pc_2/synth/design_1_axi_mem_intercon_imp_auto_pc_2.v:53]
INFO: [Synth 8-6157] synthesizing module 'axi_protocol_converter_v2_1_37_axi_protocol_converter' [/home/chipwisperer/Documents/SNN/snn_accelerator_integration/snn_accelerator_integration.gen/sources_1/bd/design_1/ipshared/d98a/hdl/axi_protocol_converter_v2_1_vl_rfs.v:5285]
INFO: [Synth 8-6157] synthesizing module 'axi_protocol_converter_v2_1_37_axi3_conv' [/home/chipwisperer/Documents/SNN/snn_accelerator_integration/snn_accelerator_integration.gen/sources_1/bd/design_1/ipshared/d98a/hdl/axi_protocol_converter_v2_1_vl_rfs.v:951]
INFO: [Synth 8-6157] synthesizing module 'axi_protocol_converter_v2_1_37_b_downsizer' [/home/chipwisperer/Documents/SNN/snn_accelerator_integration/snn_accelerator_integration.gen/sources_1/bd/design_1/ipshared/d98a/hdl/axi_protocol_converter_v2_1_vl_rfs.v:2269]
INFO: [Synth 8-6155] done synthesizing module 'axi_protocol_converter_v2_1_37_b_downsizer' (0#1) [/home/chipwisperer/Documents/SNN/snn_accelerator_integration/snn_accelerator_integration.gen/sources_1/bd/design_1/ipshared/d98a/hdl/axi_protocol_converter_v2_1_vl_rfs.v:2269]
INFO: [Synth 8-6157] synthesizing module 'axi_protocol_converter_v2_1_37_a_axi3_conv' [/home/chipwisperer/Documents/SNN/snn_accelerator_integration/snn_accelerator_integration.gen/sources_1/bd/design_1/ipshared/d98a/hdl/axi_protocol_converter_v2_1_vl_rfs.v:60]
INFO: [Synth 8-6157] synthesizing module 'axi_data_fifo_v2_1_36_axic_fifo' [/home/chipwisperer/Documents/SNN/snn_accelerator_integration/snn_accelerator_integration.gen/sources_1/bd/design_1/ipshared/fb46/hdl/axi_data_fifo_v2_1_vl_rfs.v:62]
INFO: [Synth 8-6157] synthesizing module 'axi_data_fifo_v2_1_36_fifo_gen' [/home/chipwisperer/Documents/SNN/snn_accelerator_integration/snn_accelerator_integration.gen/sources_1/bd/design_1/ipshared/fb46/hdl/axi_data_fifo_v2_1_vl_rfs.v:165]
INFO: [Synth 8-6157] synthesizing module 'xpm_cdc_async_rst' [/home/chipwisperer/AMD/2025.2/data/ip/xpm/xpm_cdc/hdl/xpm_cdc.sv:1175]
INFO: [Synth 8-6155] done synthesizing module 'xpm_cdc_async_rst' (0#1) [/home/chipwisperer/AMD/2025.2/data/ip/xpm/xpm_cdc/hdl/xpm_cdc.sv:1175]
INFO: [Synth 8-6155] done synthesizing module 'axi_data_fifo_v2_1_36_fifo_gen' (0#1) [/home/chipwisperer/Documents/SNN/snn_accelerator_integration/snn_accelerator_integration.gen/sources_1/bd/design_1/ipshared/fb46/hdl/axi_data_fifo_v2_1_vl_rfs.v:165]
INFO: [Synth 8-6155] done synthesizing module 'axi_data_fifo_v2_1_36_axic_fifo' (0#1) [/home/chipwisperer/Documents/SNN/snn_accelerator_integration/snn_accelerator_integration.gen/sources_1/bd/design_1/ipshared/fb46/hdl/axi_data_fifo_v2_1_vl_rfs.v:62]
INFO: [Synth 8-6155] done synthesizing module 'axi_protocol_converter_v2_1_37_a_axi3_conv' (0#1) [/home/chipwisperer/Documents/SNN/snn_accelerator_integration/snn_accelerator_integration.gen/sources_1/bd/design_1/ipshared/d98a/hdl/axi_protocol_converter_v2_1_vl_rfs.v:60]
INFO: [Synth 8-6157] synthesizing module 'axi_protocol_converter_v2_1_37_w_axi3_conv' [/home/chipwisperer/Documents/SNN/snn_accelerator_integration/snn_accelerator_integration.gen/sources_1/bd/design_1/ipshared/d98a/hdl/axi_protocol_converter_v2_1_vl_rfs.v:1998]
INFO: [Synth 8-6155] done synthesizing module 'axi_protocol_converter_v2_1_37_w_axi3_conv' (0#1) [/home/chipwisperer/Documents/SNN/snn_accelerator_integration/snn_accelerator_integration.gen/sources_1/bd/design_1/ipshared/d98a/hdl/axi_protocol_converter_v2_1_vl_rfs.v:1998]
INFO: [Synth 8-6155] done synthesizing module 'axi_protocol_converter_v2_1_37_axi3_conv' (0#1) [/home/chipwisperer/Documents/SNN/snn_accelerator_integration/snn_accelerator_integration.gen/sources_1/bd/design_1/ipshared/d98a/hdl/axi_protocol_converter_v2_1_vl_rfs.v:951]
INFO: [Synth 8-6155] done synthesizing module 'axi_protocol_converter_v2_1_37_axi_protocol_converter' (0#1) [/home/chipwisperer/Documents/SNN/snn_accelerator_integration/snn_accelerator_integration.gen/sources_1/bd/design_1/ipshared/d98a/hdl/axi_protocol_converter_v2_1_vl_rfs.v:5285]
INFO: [Synth 8-6155] done synthesizing module 'design_1_axi_mem_intercon_imp_auto_pc_2' (0#1) [/home/chipwisperer/Documents/SNN/snn_accelerator_integration/snn_accelerator_integration.gen/sources_1/bd/design_1/ip/design_1_axi_mem_intercon_imp_auto_pc_2/synth/design_1_axi_mem_intercon_imp_auto_pc_2.v:53]
INFO: [Synth 8-6014] Unused sequential element S_AXI_AUSER_Q_reg was removed.  [/home/chipwisperer/Documents/SNN/snn_accelerator_integration/snn_accelerator_integration.gen/sources_1/bd/design_1/ipshared/d98a/hdl/axi_protocol_converter_v2_1_vl_rfs.v:280]
INFO: [Synth 8-7129] Port S_AXI_WLAST in module axi_protocol_converter_v2_1_37_w_axi3_conv is either unconnected or has no load
INFO: [Synth 8-7129] Port S_AXI_WUSER[0] in module axi_protocol_converter_v2_1_37_w_axi3_conv is either unconnected or has no load
INFO: [Synth 8-7129] Port ALMOST_FULL_I in module output_blk is either unconnected or has no load
INFO: [Synth 8-7129] Port PROG_FULL_I in module output_blk is either unconnected or has no load
INFO: [Synth 8-7129] Port ALMOST_EMPTY_I in module output_blk is either unconnected or has no load
INFO: [Synth 8-7129] Port PROG_EMPTY_I in module output_blk is either unconnected or has no load
INFO: [Synth 8-7129] Port WR_ACK_I in module output_blk is either unconnected or has no load
INFO: [Synth 8-7129] Port VALID_I in module output_blk is either unconnected or has no load
INFO: [Synth 8-7129] Port OVERFLOW_I in module output_blk is either unconnected or has no load
INFO: [Synth 8-7129] Port UNDERFLOW_I in module output_blk is either unconnected or has no load
INFO: [Synth 8-7129] Port DATA_COUNT_I[5] in module output_blk is either unconnected or has no load
INFO: [Synth 8-7129] Port DATA_COUNT_I[4] in module output_blk is either unconnected or has no load
INFO: [Synth 8-7129] Port DATA_COUNT_I[3] in module output_blk is either unconnected or has no load
INFO: [Synth 8-7129] Port DATA_COUNT_I[2] in module output_blk is either unconnected or has no load
INFO: [Synth 8-7129] Port DATA_COUNT_I[1] in module output_blk is either unconnected or has no load
INFO: [Synth 8-7129] Port DATA_COUNT_I[0] in module output_blk is either unconnected or has no load
INFO: [Synth 8-7129] Port WR_DATA_COUNT_I[5] in module output_blk is either unconnected or has no load
INFO: [Synth 8-7129] Port WR_DATA_COUNT_I[4] in module output_blk is either unconnected or has no load
INFO: [Synth 8-7129] Port WR_DATA_COUNT_I[3] in module output_blk is either unconnected or has no load
INFO: [Synth 8-7129] Port WR_DATA_COUNT_I[2] in module output_blk is either unconnected or has no load
INFO: [Synth 8-7129] Port WR_DATA_COUNT_I[1] in module output_blk is either unconnected or has no load
INFO: [Synth 8-7129] Port WR_DATA_COUNT_I[0] in module output_blk is either unconnected or has no load
INFO: [Synth 8-7129] Port RD_DATA_COUNT_I[5] in module output_blk is either unconnected or has no load
INFO: [Synth 8-7129] Port RD_DATA_COUNT_I[4] in module output_blk is either unconnected or has no load
INFO: [Synth 8-7129] Port RD_DATA_COUNT_I[3] in module output_blk is either unconnected or has no load
INFO: [Synth 8-7129] Port RD_DATA_COUNT_I[2] in module output_blk is either unconnected or has no load
INFO: [Synth 8-7129] Port RD_DATA_COUNT_I[1] in module output_blk is either unconnected or has no load
INFO: [Synth 8-7129] Port RD_DATA_COUNT_I[0] in module output_blk is either unconnected or has no load
INFO: [Synth 8-7129] Port SBITERR_I in module output_blk is either unconnected or has no load
INFO: [Synth 8-7129] Port DBITERR_I in module output_blk is either unconnected or has no load
INFO: [Synth 8-7129] Port SRST_FULL_FF in module wr_status_flags_ss is either unconnected or has no load
INFO: [Synth 8-7129] Port WR_RST in module wr_status_flags_ss is either unconnected or has no load
INFO: [Synth 8-7129] Port SRST in module wr_status_flags_ss is either unconnected or has no load
INFO: [Synth 8-7129] Port SAFETY_CKT_WR_RST in module wr_status_flags_ss is either unconnected or has no load
INFO: [Synth 8-7129] Port WR_PNTR_PLUS2[4] in module wr_status_flags_ss is either unconnected or has no load
INFO: [Synth 8-7129] Port WR_PNTR_PLUS2[3] in module wr_status_flags_ss is either unconnected or has no load
INFO: [Synth 8-7129] Port WR_PNTR_PLUS2[2] in module wr_status_flags_ss is either unconnected or has no load
INFO: [Synth 8-7129] Port WR_PNTR_PLUS2[1] in module wr_status_flags_ss is either unconnected or has no load
INFO: [Synth 8-7129] Port WR_PNTR_PLUS2[0] in module wr_status_flags_ss is either unconnected or has no load
INFO: [Synth 8-7129] Port WR_PNTR_PLUS3[4] in module wr_status_flags_ss is either unconnected or has no load
INFO: [Synth 8-7129] Port WR_PNTR_PLUS3[3] in module wr_status_flags_ss is either unconnected or has no load
INFO: [Synth 8-7129] Port WR_PNTR_PLUS3[2] in module wr_status_flags_ss is either unconnected or has no load
INFO: [Synth 8-7129] Port WR_PNTR_PLUS3[1] in module wr_status_flags_ss is either unconnected or has no load
INFO: [Synth 8-7129] Port WR_PNTR_PLUS3[0] in module wr_status_flags_ss is either unconnected or has no load
INFO: [Synth 8-7129] Port SRST in module wr_bin_cntr is either unconnected or has no load
INFO: [Synth 8-7129] Port WR_EN_INTO_LOGIC in module wr_logic is either unconnected or has no load
INFO: [Synth 8-7129] Port WR_RST_INTO_LOGIC in module wr_logic is either unconnected or has no load
INFO: [Synth 8-7129] Port RD_EN in module wr_logic is either unconnected or has no load
INFO: [Synth 8-7129] Port WR_RST_BUSY in module wr_logic is either unconnected or has no load
INFO: [Synth 8-7129] Port EMPTY in module wr_logic is either unconnected or has no load
INFO: [Synth 8-7129] Port ALMOST_EMPTY in module wr_logic is either unconnected or has no load
INFO: [Synth 8-7129] Port PROG_FULL_THRESH[4] in module wr_logic is either unconnected or has no load
INFO: [Synth 8-7129] Port PROG_FULL_THRESH[3] in module wr_logic is either unconnected or has no load
INFO: [Synth 8-7129] Port PROG_FULL_THRESH[2] in module wr_logic is either unconnected or has no load
INFO: [Synth 8-7129] Port PROG_FULL_THRESH[1] in module wr_logic is either unconnected or has no load
INFO: [Synth 8-7129] Port PROG_FULL_THRESH[0] in module wr_logic is either unconnected or has no load
INFO: [Synth 8-7129] Port PROG_FULL_THRESH_ASSERT[4] in module wr_logic is either unconnected or has no load
INFO: [Synth 8-7129] Port PROG_FULL_THRESH_ASSERT[3] in module wr_logic is either unconnected or has no load
INFO: [Synth 8-7129] Port PROG_FULL_THRESH_ASSERT[2] in module wr_logic is either unconnected or has no load
INFO: [Synth 8-7129] Port PROG_FULL_THRESH_ASSERT[1] in module wr_logic is either unconnected or has no load
INFO: [Synth 8-7129] Port PROG_FULL_THRESH_ASSERT[0] in module wr_logic is either unconnected or has no load
INFO: [Synth 8-7129] Port PROG_FULL_THRESH_NEGATE[4] in module wr_logic is either unconnected or has no load
INFO: [Synth 8-7129] Port PROG_FULL_THRESH_NEGATE[3] in module wr_logic is either unconnected or has no load
INFO: [Synth 8-7129] Port PROG_FULL_THRESH_NEGATE[2] in module wr_logic is either unconnected or has no load
INFO: [Synth 8-7129] Port PROG_FULL_THRESH_NEGATE[1] in module wr_logic is either unconnected or has no load
INFO: [Synth 8-7129] Port PROG_FULL_THRESH_NEGATE[0] in module wr_logic is either unconnected or has no load
INFO: [Synth 8-7129] Port SRST in module rd_fwft is either unconnected or has no load
INFO: [Synth 8-7129] Port SAFETY_CKT_RD_RST in module rd_fwft is either unconnected or has no load
INFO: [Synth 8-7129] Port RAM_ALMOST_EMPTY in module rd_fwft is either unconnected or has no load
INFO: [Synth 8-7129] Port SRST in module rd_status_flags_ss is either unconnected or has no load
INFO: [Synth 8-7129] Port SAFETY_CKT_RD_RST in module rd_status_flags_ss is either unconnected or has no load
INFO: [Synth 8-7129] Port RD_PNTR_PLUS2[4] in module rd_status_flags_ss is either unconnected or has no load
INFO: [Synth 8-7129] Port RD_PNTR_PLUS2[3] in module rd_status_flags_ss is either unconnected or has no load
INFO: [Synth 8-7129] Port RD_PNTR_PLUS2[2] in module rd_status_flags_ss is either unconnected or has no load
INFO: [Synth 8-7129] Port RD_PNTR_PLUS2[1] in module rd_status_flags_ss is either unconnected or has no load
INFO: [Synth 8-7129] Port RD_PNTR_PLUS2[0] in module rd_status_flags_ss is either unconnected or has no load
INFO: [Synth 8-7129] Port SRST in module rd_bin_cntr is either unconnected or has no load
INFO: [Synth 8-7129] Port RD_EN_INTO_LOGIC in module rd_logic is either unconnected or has no load
INFO: [Synth 8-7129] Port RD_RST_INTO_LOGIC in module rd_logic is either unconnected or has no load
INFO: [Synth 8-7129] Port RD_RST_BUSY in module rd_logic is either unconnected or has no load
INFO: [Synth 8-7129] Port RST_FULL_FF in module rd_logic is either unconnected or has no load
INFO: [Synth 8-7129] Port ALMOST_FULL_FB in module rd_logic is either unconnected or has no load
INFO: [Synth 8-7129] Port FULL in module rd_logic is either unconnected or has no load
INFO: [Synth 8-7129] Port WR_PNTR_PLUS1_RD[4] in module rd_logic is either unconnected or has no load
INFO: [Synth 8-7129] Port WR_PNTR_PLUS1_RD[3] in module rd_logic is either unconnected or has no load
INFO: [Synth 8-7129] Port WR_PNTR_PLUS1_RD[2] in module rd_logic is either unconnected or has no load
INFO: [Synth 8-7129] Port WR_PNTR_PLUS1_RD[1] in module rd_logic is either unconnected or has no load
INFO: [Synth 8-7129] Port WR_PNTR_PLUS1_RD[0] in module rd_logic is either unconnected or has no load
INFO: [Synth 8-7129] Port PROG_EMPTY_THRESH[4] in module rd_logic is either unconnected or has no load
INFO: [Synth 8-7129] Port PROG_EMPTY_THRESH[3] in module rd_logic is either unconnected or has no load
INFO: [Synth 8-7129] Port PROG_EMPTY_THRESH[2] in module rd_logic is either unconnected or has no load
INFO: [Synth 8-7129] Port PROG_EMPTY_THRESH[1] in module rd_logic is either unconnected or has no load
INFO: [Synth 8-7129] Port PROG_EMPTY_THRESH[0] in module rd_logic is either unconnected or has no load
INFO: [Synth 8-7129] Port PROG_EMPTY_THRESH_ASSERT[4] in module rd_logic is either unconnected or has no load
INFO: [Synth 8-7129] Port PROG_EMPTY_THRESH_ASSERT[3] in module rd_logic is either unconnected or has no load
INFO: [Synth 8-7129] Port PROG_EMPTY_THRESH_ASSERT[2] in module rd_logic is either unconnected or has no load
INFO: [Synth 8-7129] Port PROG_EMPTY_THRESH_ASSERT[1] in module rd_logic is either unconnected or has no load
INFO: [Synth 8-7129] Port PROG_EMPTY_THRESH_ASSERT[0] in module rd_logic is either unconnected or has no load
INFO: [Synth 8-7129] Port PROG_EMPTY_THRESH_NEGATE[4] in module rd_logic is either unconnected or has no load
INFO: [Synth 8-7129] Port PROG_EMPTY_THRESH_NEGATE[3] in module rd_logic is either unconnected or has no load
INFO: [Common 17-14] Message 'Synth 8-7129' appears 100 times and further instances of the messages will be disabled. Use the Tcl command set_msg_config to change the current settings.
---------------------------------------------------------------------------------
Finished RTL Elaboration : Time (s): cpu = 00:00:20 ; elapsed = 00:00:21 . Memory (MB): peak = 2458.148 ; gain = 694.094 ; free physical = 3850 ; free virtual = 45152
---------------------------------------------------------------------------------
---------------------------------------------------------------------------------
Start Handling Custom Attributes
---------------------------------------------------------------------------------
---------------------------------------------------------------------------------
Finished Handling Custom Attributes : Time (s): cpu = 00:00:20 ; elapsed = 00:00:21 . Memory (MB): peak = 2458.148 ; gain = 694.094 ; free physical = 3842 ; free virtual = 45143
---------------------------------------------------------------------------------
---------------------------------------------------------------------------------
Finished RTL Optimization Phase 1 : Time (s): cpu = 00:00:20 ; elapsed = 00:00:21 . Memory (MB): peak = 2458.148 ; gain = 694.094 ; free physical = 3842 ; free virtual = 45143
---------------------------------------------------------------------------------
Netlist sorting complete. Time (s): cpu = 00:00:00.03 ; elapsed = 00:00:00.02 . Memory (MB): peak = 2458.148 ; gain = 0.000 ; free physical = 3826 ; free virtual = 45128
INFO: [Project 1-570] Preparing netlist for logic optimization

Processing XDC Constraints
Initializing timing engine
Parsing XDC File [/home/chipwisperer/Documents/SNN/snn_accelerator_integration/snn_accelerator_integration.gen/sources_1/bd/design_1/ip/design_1_axi_mem_intercon_imp_auto_pc_2/design_1_axi_mem_intercon_imp_auto_pc_2_ooc.xdc] for cell 'inst'
Finished Parsing XDC File [/home/chipwisperer/Documents/SNN/snn_accelerator_integration/snn_accelerator_integration.gen/sources_1/bd/design_1/ip/design_1_axi_mem_intercon_imp_auto_pc_2/design_1_axi_mem_intercon_imp_auto_pc_2_ooc.xdc] for cell 'inst'
Parsing XDC File [/home/chipwisperer/Documents/SNN/snn_accelerator_integration/snn_accelerator_integration.runs/design_1_axi_mem_intercon_imp_auto_pc_2_synth_1/dont_touch.xdc]
Finished Parsing XDC File [/home/chipwisperer/Documents/SNN/snn_accelerator_integration/snn_accelerator_integration.runs/design_1_axi_mem_intercon_imp_auto_pc_2_synth_1/dont_touch.xdc]
INFO: [Project 1-1714] 2 XPM XDC files have been applied to the design.
Completed Processing XDC Constraints

Netlist sorting complete. Time (s): cpu = 00:00:00 ; elapsed = 00:00:00 . Memory (MB): peak = 2510.043 ; gain = 0.000 ; free physical = 3802 ; free virtual = 45111
INFO: [Project 1-111] Unisim Transformation Summary:
No Unisim elements were transformed.

Constraint Validation Runtime : Time (s): cpu = 00:00:00.05 ; elapsed = 00:00:00.04 . Memory (MB): peak = 2510.078 ; gain = 0.000 ; free physical = 3803 ; free virtual = 45111
INFO: [Designutils 20-5008] Incremental synthesis strategy off
---------------------------------------------------------------------------------
Finished Constraint Validation : Time (s): cpu = 00:00:32 ; elapsed = 00:00:34 . Memory (MB): peak = 2510.078 ; gain = 746.023 ; free physical = 3941 ; free virtual = 45254
---------------------------------------------------------------------------------
---------------------------------------------------------------------------------
Start Loading Part and Timing Information
---------------------------------------------------------------------------------
Loading part: xc7z020clg400-1
---------------------------------------------------------------------------------
Finished Loading Part and Timing Information : Time (s): cpu = 00:00:32 ; elapsed = 00:00:34 . Memory (MB): peak = 2518.047 ; gain = 753.992 ; free physical = 3941 ; free virtual = 45254
---------------------------------------------------------------------------------
---------------------------------------------------------------------------------
Start Applying 'set_property' XDC Constraints
---------------------------------------------------------------------------------
---------------------------------------------------------------------------------
Finished applying 'set_property' XDC Constraints : Time (s): cpu = 00:00:32 ; elapsed = 00:00:34 . Memory (MB): peak = 2518.047 ; gain = 753.992 ; free physical = 3941 ; free virtual = 45254
---------------------------------------------------------------------------------
INFO: [Synth 8-802] inferred FSM for state register 'gpregsm1.curr_fwft_state_reg' in module 'rd_fwft'
INFO: [Synth 8-6159] Found Keep on FSM register 'gpregsm1.curr_fwft_state_reg' in module 'rd_fwft', re-encoding will not be performed
---------------------------------------------------------------------------------------------------
                   State |                     New Encoding |                Previous Encoding 
---------------------------------------------------------------------------------------------------
                 invalid |                               00 |                               00
            stage1_valid |                               10 |                               10
       both_stages_valid |                               11 |                               11
            stage2_valid |                               01 |                               01
---------------------------------------------------------------------------------------------------
---------------------------------------------------------------------------------
Finished RTL Optimization Phase 2 : Time (s): cpu = 00:00:33 ; elapsed = 00:00:35 . Memory (MB): peak = 2518.047 ; gain = 753.992 ; free physical = 3938 ; free virtual = 45252
---------------------------------------------------------------------------------
---------------------------------------------------------------------------------
Start RTL Component Statistics 
---------------------------------------------------------------------------------
---------------------------------------------------------------------------------
Finished RTL Component Statistics 
---------------------------------------------------------------------------------
---------------------------------------------------------------------------------
Start Part Resource Summary
---------------------------------------------------------------------------------
Part Resources:
DSPs: 220 (col length:60)
BRAMs: 280 (col length: RAMB18 60 RAMB36 30)
---------------------------------------------------------------------------------
Finished Part Resource Summary
---------------------------------------------------------------------------------
---------------------------------------------------------------------------------
Start Cross Boundary and Area Optimization
---------------------------------------------------------------------------------
---------------------------------------------------------------------------------
Finished Cross Boundary and Area Optimization : Time (s): cpu = 00:00:36 ; elapsed = 00:00:38 . Memory (MB): peak = 2518.047 ; gain = 753.992 ; free physical = 3919 ; free virtual = 45235
---------------------------------------------------------------------------------
---------------------------------------------------------------------------------
Start Applying XDC Timing Constraints
---------------------------------------------------------------------------------
---------------------------------------------------------------------------------
Finished Applying XDC Timing Constraints : Time (s): cpu = 00:00:45 ; elapsed = 00:00:47 . Memory (MB): peak = 2528.047 ; gain = 763.992 ; free physical = 3582 ; free virtual = 44900
---------------------------------------------------------------------------------
---------------------------------------------------------------------------------
Start Timing Optimization
---------------------------------------------------------------------------------
---------------------------------------------------------------------------------
Finished Timing Optimization : Time (s): cpu = 00:00:46 ; elapsed = 00:00:48 . Memory (MB): peak = 2562.102 ; gain = 798.047 ; free physical = 3505 ; free virtual = 44824
---------------------------------------------------------------------------------
---------------------------------------------------------------------------------
Start Technology Mapping
---------------------------------------------------------------------------------
---------------------------------------------------------------------------------
Finished Technology Mapping : Time (s): cpu = 00:00:46 ; elapsed = 00:00:48 . Memory (MB): peak = 2562.102 ; gain = 798.047 ; free physical = 3489 ; free virtual = 44808
---------------------------------------------------------------------------------
---------------------------------------------------------------------------------
Start IO Insertion
---------------------------------------------------------------------------------
---------------------------------------------------------------------------------
Start Flattening Before IO Insertion
---------------------------------------------------------------------------------
---------------------------------------------------------------------------------
Finished Flattening Before IO Insertion
---------------------------------------------------------------------------------
---------------------------------------------------------------------------------
Start Final Netlist Cleanup
---------------------------------------------------------------------------------
---------------------------------------------------------------------------------
Finished Final Netlist Cleanup
---------------------------------------------------------------------------------
---------------------------------------------------------------------------------
Finished IO Insertion : Time (s): cpu = 00:00:52 ; elapsed = 00:00:54 . Memory (MB): peak = 2727.914 ; gain = 963.859 ; free physical = 3096 ; free virtual = 44419
---------------------------------------------------------------------------------
---------------------------------------------------------------------------------
Start Renaming Generated Instances
---------------------------------------------------------------------------------
---------------------------------------------------------------------------------
Finished Renaming Generated Instances : Time (s): cpu = 00:00:52 ; elapsed = 00:00:54 . Memory (MB): peak = 2727.914 ; gain = 963.859 ; free physical = 3096 ; free virtual = 44419
---------------------------------------------------------------------------------
---------------------------------------------------------------------------------
Start Rebuilding User Hierarchy
---------------------------------------------------------------------------------
---------------------------------------------------------------------------------
Finished Rebuilding User Hierarchy : Time (s): cpu = 00:00:52 ; elapsed = 00:00:54 . Memory (MB): peak = 2727.914 ; gain = 963.859 ; free physical = 3088 ; free virtual = 44412
---------------------------------------------------------------------------------
---------------------------------------------------------------------------------
Start Renaming Generated Ports
---------------------------------------------------------------------------------
---------------------------------------------------------------------------------
Finished Renaming Generated Ports : Time (s): cpu = 00:00:52 ; elapsed = 00:00:54 . Memory (MB): peak = 2727.914 ; gain = 963.859 ; free physical = 3088 ; free virtual = 44412
---------------------------------------------------------------------------------
---------------------------------------------------------------------------------
Start Handling Custom Attributes
---------------------------------------------------------------------------------
---------------------------------------------------------------------------------
Finished Handling Custom Attributes : Time (s): cpu = 00:00:52 ; elapsed = 00:00:54 . Memory (MB): peak = 2727.914 ; gain = 963.859 ; free physical = 3088 ; free virtual = 44412
---------------------------------------------------------------------------------
---------------------------------------------------------------------------------
Start Renaming Generated Nets
---------------------------------------------------------------------------------
---------------------------------------------------------------------------------
Finished Renaming Generated Nets : Time (s): cpu = 00:00:52 ; elapsed = 00:00:54 . Memory (MB): peak = 2727.914 ; gain = 963.859 ; free physical = 3080 ; free virtual = 44404
---------------------------------------------------------------------------------
---------------------------------------------------------------------------------
Start Writing Synthesis Report
---------------------------------------------------------------------------------

Report BlackBoxes: 
+-+--------------+----------+
| |BlackBox name |Instances |
+-+--------------+----------+
+-+--------------+----------+

Report Cell Usage: 
+------+-------+------+
|      |Cell   |Count |
+------+-------+------+
|1     |CARRY4 |     8|
|2     |LUT1   |    29|
|3     |LUT2   |    22|
|4     |LUT3   |    28|
|5     |LUT4   |    34|
|6     |LUT5   |    80|
|7     |LUT6   |    41|
|8     |RAM32M |     2|
|9     |FDCE   |    46|
|10    |FDPE   |    22|
|11    |FDRE   |   165|
|12    |FDSE   |     2|
+------+-------+------+
---------------------------------------------------------------------------------
Finished Writing Synthesis Report : Time (s): cpu = 00:00:52 ; elapsed = 00:00:54 . Memory (MB): peak = 2727.914 ; gain = 963.859 ; free physical = 3080 ; free virtual = 44404
---------------------------------------------------------------------------------
Synthesis finished with 0 errors, 0 critical warnings and 0 warnings.
Synthesis Optimization Runtime : Time (s): cpu = 00:00:49 ; elapsed = 00:00:51 . Memory (MB): peak = 2727.914 ; gain = 911.930 ; free physical = 3073 ; free virtual = 44396
Synthesis Optimization Complete : Time (s): cpu = 00:00:52 ; elapsed = 00:00:54 . Memory (MB): peak = 2727.922 ; gain = 963.859 ; free physical = 3073 ; free virtual = 44396
INFO: [Project 1-571] Translating synthesized netlist
Netlist sorting complete. Time (s): cpu = 00:00:00.02 ; elapsed = 00:00:00.01 . Memory (MB): peak = 2727.922 ; gain = 0.000 ; free physical = 3065 ; free virtual = 44388
INFO: [Netlist 29-17] Analyzing 10 Unisim elements for replacement
INFO: [Netlist 29-28] Unisim Transformation completed in 0 CPU seconds
INFO: [Project 1-570] Preparing netlist for logic optimization
INFO: [Opt 31-138] Pushed 0 inverter(s) to 0 load pin(s).
Netlist sorting complete. Time (s): cpu = 00:00:00 ; elapsed = 00:00:00 . Memory (MB): peak = 2783.941 ; gain = 0.000 ; free physical = 3333 ; free virtual = 44659
INFO: [Project 1-111] Unisim Transformation Summary:
  A total of 2 instances were transformed.
  RAM32M => RAM32M (RAMD32(x6), RAMS32(x2)): 2 instances

Synth Design complete | Checksum: e4df10eb
INFO: [Common 17-83] Releasing license: Synthesis
141 Infos, 0 Warnings, 0 Critical Warnings and 0 Errors encountered.
synth_design completed successfully
synth_design: Time (s): cpu = 00:01:06 ; elapsed = 00:01:02 . Memory (MB): peak = 2783.977 ; gain = 1209.500 ; free physical = 3292 ; free virtual = 44619
INFO: [Common 17-2834] synth_design peak Physical Memory [PSS] (MB): overall = 1711.199; main = 1627.985; forked = 187.542
INFO: [Common 17-2834] synth_design peak Virtual Memory [VSS] (MB): overall = 3610.098; main = 2783.945; forked = 993.992
Write ShapeDB Complete: Time (s): cpu = 00:00:00.01 ; elapsed = 00:00:00.01 . Memory (MB): peak = 2807.953 ; gain = 0.000 ; free physical = 3292 ; free virtual = 44619
INFO: [Common 17-1381] The checkpoint '/home/chipwisperer/Documents/SNN/snn_accelerator_integration/snn_accelerator_integration.runs/design_1_axi_mem_intercon_imp_auto_pc_2_synth_1/design_1_axi_mem_intercon_imp_auto_pc_2.dcp' has been generated.
INFO: [Coretcl 2-1648] Added synthesis output to IP cache for IP design_1_axi_mem_intercon_imp_auto_pc_2, cache-ID = 03aa50d38a71a540
INFO: [Coretcl 2-1174] Renamed 39 cell refs.
Write ShapeDB Complete: Time (s): cpu = 00:00:00.01 ; elapsed = 00:00:00 . Memory (MB): peak = 2807.953 ; gain = 0.000 ; free physical = 5050 ; free virtual = 46377
INFO: [Common 17-1381] The checkpoint '/home/chipwisperer/Documents/SNN/snn_accelerator_integration/snn_accelerator_integration.runs/design_1_axi_mem_intercon_imp_auto_pc_2_synth_1/design_1_axi_mem_intercon_imp_auto_pc_2.dcp' has been generated.
INFO: [Vivado 12-24828] Executing command : report_utilization -file design_1_axi_mem_intercon_imp_auto_pc_2_utilization_synth.rpt -pb design_1_axi_mem_intercon_imp_auto_pc_2_utilization_synth.pb
INFO: [Common 17-206] Exiting Vivado at Tue Jul 21 15:53:47 2026...
