
*** Running vivado
    with args -log design_1_axi_mem_intercon_imp_auto_us_0.vds -m64 -product Vivado -mode batch -messageDb vivado.pb -notrace -source design_1_axi_mem_intercon_imp_auto_us_0.tcl


****** Vivado v2025.2 (64-bit)
  **** SW Build 6299465 on Fri Nov 14 12:34:56 MST 2025
  **** IP Build 6300035 on Fri Nov 14 10:48:45 MST 2025
  **** SharedData Build 6298862 on Thu Nov 13 04:50:51 MST 2025
  **** Start of session at: Tue Jul 21 15:52:20 2026
    ** Copyright 1986-2022 Xilinx, Inc. All Rights Reserved.
    ** Copyright 2022-2025 Advanced Micro Devices, Inc. All Rights Reserved.

source design_1_axi_mem_intercon_imp_auto_us_0.tcl -notrace
create_project: Time (s): cpu = 00:00:26 ; elapsed = 00:00:13 . Memory (MB): peak = 1577.527 ; gain = 98.055 ; free physical = 12793 ; free virtual = 54053
INFO: [IP_Flow 19-234] Refreshing IP repositories
INFO: [IP_Flow 19-1700] Loaded user IP repository '/home/chipwisperer/Documents/SNN/Event-Driven-Spiking-Neural-Network-Accelerator-for-FPGA/hardware/ip_repo/snn_top_hls_1_0'.
INFO: [IP_Flow 19-2313] Loaded Vivado IP repository '/home/chipwisperer/AMD/2025.2/data/ip'.
Command: synth_design -top design_1_axi_mem_intercon_imp_auto_us_0 -part xc7z020clg400-1 -incremental_mode off -mode out_of_context
Starting synth_design
Attempting to get a license for feature 'Synthesis' and/or device 'xc7z020'
INFO: [Common 17-349] Got license for feature 'Synthesis' and/or device 'xc7z020'
INFO: [Device 21-403] Loading part xc7z020clg400-1
INFO: [Synth 8-7079] Multithreading enabled for synth_design using a maximum of 7 processes.
INFO: [Synth 8-7078] Launching helper process for spawning children vivado processes
INFO: [Synth 8-7075] Helper process launched with PID 3128472
---------------------------------------------------------------------------------
Starting RTL Elaboration : Time (s): cpu = 00:00:12 ; elapsed = 00:00:12 . Memory (MB): peak = 2248.355 ; gain = 482.188 ; free physical = 4869 ; free virtual = 46164
---------------------------------------------------------------------------------
INFO: [Synth 8-6157] synthesizing module 'design_1_axi_mem_intercon_imp_auto_us_0' [/home/chipwisperer/Documents/SNN/snn_accelerator_integration/snn_accelerator_integration.gen/sources_1/bd/design_1/ip/design_1_axi_mem_intercon_imp_auto_us_0/synth/design_1_axi_mem_intercon_imp_auto_us_0.v:53]
INFO: [Synth 8-6157] synthesizing module 'axi_dwidth_converter_v2_1_37_top' [/home/chipwisperer/Documents/SNN/snn_accelerator_integration/snn_accelerator_integration.gen/sources_1/bd/design_1/ipshared/21f8/hdl/axi_dwidth_converter_v2_1_vlsyn_rfs.v:14527]
INFO: [Synth 8-6157] synthesizing module 'axi_dwidth_converter_v2_1_37_axi_upsizer' [/home/chipwisperer/Documents/SNN/snn_accelerator_integration/snn_accelerator_integration.gen/sources_1/bd/design_1/ipshared/21f8/hdl/axi_dwidth_converter_v2_1_vlsyn_rfs.v:7025]
INFO: [Synth 8-6157] synthesizing module 'axi_dwidth_converter_v2_1_37_r_upsizer' [/home/chipwisperer/Documents/SNN/snn_accelerator_integration/snn_accelerator_integration.gen/sources_1/bd/design_1/ipshared/21f8/hdl/axi_dwidth_converter_v2_1_vlsyn_rfs.v:4643]
INFO: [Synth 8-6155] done synthesizing module 'axi_dwidth_converter_v2_1_37_r_upsizer' (0#1) [/home/chipwisperer/Documents/SNN/snn_accelerator_integration/snn_accelerator_integration.gen/sources_1/bd/design_1/ipshared/21f8/hdl/axi_dwidth_converter_v2_1_vlsyn_rfs.v:4643]
INFO: [Synth 8-6157] synthesizing module 'axi_register_slice_v2_1_36_axi_register_slice' [/home/chipwisperer/Documents/SNN/snn_accelerator_integration/snn_accelerator_integration.gen/sources_1/bd/design_1/ipshared/bc4b/hdl/axi_register_slice_v2_1_vl_rfs.v:3721]
INFO: [Synth 8-6157] synthesizing module 'axi_infrastructure_v1_1_0_axi2vector' [/home/chipwisperer/Documents/SNN/snn_accelerator_integration/snn_accelerator_integration.gen/sources_1/bd/design_1/ipshared/ec67/hdl/axi_infrastructure_v1_1_vl_rfs.v:59]
INFO: [Synth 8-6155] done synthesizing module 'axi_infrastructure_v1_1_0_axi2vector' (0#1) [/home/chipwisperer/Documents/SNN/snn_accelerator_integration/snn_accelerator_integration.gen/sources_1/bd/design_1/ipshared/ec67/hdl/axi_infrastructure_v1_1_vl_rfs.v:59]
INFO: [Synth 8-6157] synthesizing module 'axi_infrastructure_v1_1_0_vector2axi' [/home/chipwisperer/Documents/SNN/snn_accelerator_integration/snn_accelerator_integration.gen/sources_1/bd/design_1/ipshared/ec67/hdl/axi_infrastructure_v1_1_vl_rfs.v:473]
INFO: [Synth 8-6155] done synthesizing module 'axi_infrastructure_v1_1_0_vector2axi' (0#1) [/home/chipwisperer/Documents/SNN/snn_accelerator_integration/snn_accelerator_integration.gen/sources_1/bd/design_1/ipshared/ec67/hdl/axi_infrastructure_v1_1_vl_rfs.v:473]
INFO: [Synth 8-6157] synthesizing module 'axi_register_slice_v2_1_36_axic_register_slice' [/home/chipwisperer/Documents/SNN/snn_accelerator_integration/snn_accelerator_integration.gen/sources_1/bd/design_1/ipshared/bc4b/hdl/axi_register_slice_v2_1_vl_rfs.v:1492]
INFO: [Synth 8-6155] done synthesizing module 'axi_register_slice_v2_1_36_axic_register_slice' (0#1) [/home/chipwisperer/Documents/SNN/snn_accelerator_integration/snn_accelerator_integration.gen/sources_1/bd/design_1/ipshared/bc4b/hdl/axi_register_slice_v2_1_vl_rfs.v:1492]
INFO: [Synth 8-6157] synthesizing module 'axi_register_slice_v2_1_36_axic_register_slice__parameterized0' [/home/chipwisperer/Documents/SNN/snn_accelerator_integration/snn_accelerator_integration.gen/sources_1/bd/design_1/ipshared/bc4b/hdl/axi_register_slice_v2_1_vl_rfs.v:1492]
INFO: [Synth 8-6155] done synthesizing module 'axi_register_slice_v2_1_36_axic_register_slice__parameterized0' (0#1) [/home/chipwisperer/Documents/SNN/snn_accelerator_integration/snn_accelerator_integration.gen/sources_1/bd/design_1/ipshared/bc4b/hdl/axi_register_slice_v2_1_vl_rfs.v:1492]
INFO: [Synth 8-6157] synthesizing module 'axi_register_slice_v2_1_36_axic_register_slice__parameterized1' [/home/chipwisperer/Documents/SNN/snn_accelerator_integration/snn_accelerator_integration.gen/sources_1/bd/design_1/ipshared/bc4b/hdl/axi_register_slice_v2_1_vl_rfs.v:1492]
INFO: [Synth 8-6155] done synthesizing module 'axi_register_slice_v2_1_36_axic_register_slice__parameterized1' (0#1) [/home/chipwisperer/Documents/SNN/snn_accelerator_integration/snn_accelerator_integration.gen/sources_1/bd/design_1/ipshared/bc4b/hdl/axi_register_slice_v2_1_vl_rfs.v:1492]
INFO: [Synth 8-6157] synthesizing module 'axi_register_slice_v2_1_36_axic_register_slice__parameterized2' [/home/chipwisperer/Documents/SNN/snn_accelerator_integration/snn_accelerator_integration.gen/sources_1/bd/design_1/ipshared/bc4b/hdl/axi_register_slice_v2_1_vl_rfs.v:1492]
INFO: [Synth 8-6155] done synthesizing module 'axi_register_slice_v2_1_36_axic_register_slice__parameterized2' (0#1) [/home/chipwisperer/Documents/SNN/snn_accelerator_integration/snn_accelerator_integration.gen/sources_1/bd/design_1/ipshared/bc4b/hdl/axi_register_slice_v2_1_vl_rfs.v:1492]
INFO: [Synth 8-6155] done synthesizing module 'axi_register_slice_v2_1_36_axi_register_slice' (0#1) [/home/chipwisperer/Documents/SNN/snn_accelerator_integration/snn_accelerator_integration.gen/sources_1/bd/design_1/ipshared/bc4b/hdl/axi_register_slice_v2_1_vl_rfs.v:3721]
INFO: [Synth 8-7071] port 'aclk2x' of module 'axi_register_slice_v2_1_36_axi_register_slice' is unconnected for instance 'mi_register_slice_inst' [/home/chipwisperer/Documents/SNN/snn_accelerator_integration/snn_accelerator_integration.gen/sources_1/bd/design_1/ipshared/21f8/hdl/axi_dwidth_converter_v2_1_vlsyn_rfs.v:8463]
INFO: [Synth 8-7023] instance 'mi_register_slice_inst' of module 'axi_register_slice_v2_1_36_axi_register_slice' has 93 connections declared, but only 92 given [/home/chipwisperer/Documents/SNN/snn_accelerator_integration/snn_accelerator_integration.gen/sources_1/bd/design_1/ipshared/21f8/hdl/axi_dwidth_converter_v2_1_vlsyn_rfs.v:8463]
INFO: [Synth 8-6157] synthesizing module 'axi_dwidth_converter_v2_1_37_a_upsizer' [/home/chipwisperer/Documents/SNN/snn_accelerator_integration/snn_accelerator_integration.gen/sources_1/bd/design_1/ipshared/21f8/hdl/axi_dwidth_converter_v2_1_vlsyn_rfs.v:3594]
INFO: [Synth 8-6157] synthesizing module 'generic_baseblocks_v2_1_2_command_fifo' [/home/chipwisperer/Documents/SNN/snn_accelerator_integration/snn_accelerator_integration.gen/sources_1/bd/design_1/ipshared/0c28/hdl/generic_baseblocks_v2_1_vl_rfs.v:648]
INFO: [Synth 8-6155] done synthesizing module 'generic_baseblocks_v2_1_2_command_fifo' (0#1) [/home/chipwisperer/Documents/SNN/snn_accelerator_integration/snn_accelerator_integration.gen/sources_1/bd/design_1/ipshared/0c28/hdl/generic_baseblocks_v2_1_vl_rfs.v:648]
INFO: [Synth 8-6155] done synthesizing module 'axi_dwidth_converter_v2_1_37_a_upsizer' (0#1) [/home/chipwisperer/Documents/SNN/snn_accelerator_integration/snn_accelerator_integration.gen/sources_1/bd/design_1/ipshared/21f8/hdl/axi_dwidth_converter_v2_1_vlsyn_rfs.v:3594]
INFO: [Synth 8-6157] synthesizing module 'axi_register_slice_v2_1_36_axi_register_slice__parameterized0' [/home/chipwisperer/Documents/SNN/snn_accelerator_integration/snn_accelerator_integration.gen/sources_1/bd/design_1/ipshared/bc4b/hdl/axi_register_slice_v2_1_vl_rfs.v:3721]
INFO: [Synth 8-6157] synthesizing module 'axi_infrastructure_v1_1_0_axi2vector__parameterized0' [/home/chipwisperer/Documents/SNN/snn_accelerator_integration/snn_accelerator_integration.gen/sources_1/bd/design_1/ipshared/ec67/hdl/axi_infrastructure_v1_1_vl_rfs.v:59]
INFO: [Synth 8-6155] done synthesizing module 'axi_infrastructure_v1_1_0_axi2vector__parameterized0' (0#1) [/home/chipwisperer/Documents/SNN/snn_accelerator_integration/snn_accelerator_integration.gen/sources_1/bd/design_1/ipshared/ec67/hdl/axi_infrastructure_v1_1_vl_rfs.v:59]
INFO: [Synth 8-6157] synthesizing module 'axi_infrastructure_v1_1_0_vector2axi__parameterized0' [/home/chipwisperer/Documents/SNN/snn_accelerator_integration/snn_accelerator_integration.gen/sources_1/bd/design_1/ipshared/ec67/hdl/axi_infrastructure_v1_1_vl_rfs.v:473]
INFO: [Synth 8-6155] done synthesizing module 'axi_infrastructure_v1_1_0_vector2axi__parameterized0' (0#1) [/home/chipwisperer/Documents/SNN/snn_accelerator_integration/snn_accelerator_integration.gen/sources_1/bd/design_1/ipshared/ec67/hdl/axi_infrastructure_v1_1_vl_rfs.v:473]
INFO: [Synth 8-6157] synthesizing module 'axi_register_slice_v2_1_36_axic_register_slice__parameterized3' [/home/chipwisperer/Documents/SNN/snn_accelerator_integration/snn_accelerator_integration.gen/sources_1/bd/design_1/ipshared/bc4b/hdl/axi_register_slice_v2_1_vl_rfs.v:1492]
INFO: [Synth 8-6155] done synthesizing module 'axi_register_slice_v2_1_36_axic_register_slice__parameterized3' (0#1) [/home/chipwisperer/Documents/SNN/snn_accelerator_integration/snn_accelerator_integration.gen/sources_1/bd/design_1/ipshared/bc4b/hdl/axi_register_slice_v2_1_vl_rfs.v:1492]
INFO: [Synth 8-6157] synthesizing module 'axi_register_slice_v2_1_36_axic_register_slice__parameterized4' [/home/chipwisperer/Documents/SNN/snn_accelerator_integration/snn_accelerator_integration.gen/sources_1/bd/design_1/ipshared/bc4b/hdl/axi_register_slice_v2_1_vl_rfs.v:1492]
INFO: [Synth 8-6155] done synthesizing module 'axi_register_slice_v2_1_36_axic_register_slice__parameterized4' (0#1) [/home/chipwisperer/Documents/SNN/snn_accelerator_integration/snn_accelerator_integration.gen/sources_1/bd/design_1/ipshared/bc4b/hdl/axi_register_slice_v2_1_vl_rfs.v:1492]
INFO: [Synth 8-6157] synthesizing module 'axi_register_slice_v2_1_36_axic_register_slice__parameterized5' [/home/chipwisperer/Documents/SNN/snn_accelerator_integration/snn_accelerator_integration.gen/sources_1/bd/design_1/ipshared/bc4b/hdl/axi_register_slice_v2_1_vl_rfs.v:1492]
INFO: [Synth 8-6155] done synthesizing module 'axi_register_slice_v2_1_36_axic_register_slice__parameterized5' (0#1) [/home/chipwisperer/Documents/SNN/snn_accelerator_integration/snn_accelerator_integration.gen/sources_1/bd/design_1/ipshared/bc4b/hdl/axi_register_slice_v2_1_vl_rfs.v:1492]
INFO: [Synth 8-6157] synthesizing module 'axi_register_slice_v2_1_36_axic_register_slice__parameterized6' [/home/chipwisperer/Documents/SNN/snn_accelerator_integration/snn_accelerator_integration.gen/sources_1/bd/design_1/ipshared/bc4b/hdl/axi_register_slice_v2_1_vl_rfs.v:1492]
INFO: [Synth 8-6155] done synthesizing module 'axi_register_slice_v2_1_36_axic_register_slice__parameterized6' (0#1) [/home/chipwisperer/Documents/SNN/snn_accelerator_integration/snn_accelerator_integration.gen/sources_1/bd/design_1/ipshared/bc4b/hdl/axi_register_slice_v2_1_vl_rfs.v:1492]
INFO: [Synth 8-6155] done synthesizing module 'axi_register_slice_v2_1_36_axi_register_slice__parameterized0' (0#1) [/home/chipwisperer/Documents/SNN/snn_accelerator_integration/snn_accelerator_integration.gen/sources_1/bd/design_1/ipshared/bc4b/hdl/axi_register_slice_v2_1_vl_rfs.v:3721]
INFO: [Synth 8-7071] port 'aclk2x' of module 'axi_register_slice_v2_1_36_axi_register_slice' is unconnected for instance 'si_register_slice_inst' [/home/chipwisperer/Documents/SNN/snn_accelerator_integration/snn_accelerator_integration.gen/sources_1/bd/design_1/ipshared/21f8/hdl/axi_dwidth_converter_v2_1_vlsyn_rfs.v:7367]
INFO: [Synth 8-7023] instance 'si_register_slice_inst' of module 'axi_register_slice_v2_1_36_axi_register_slice' has 93 connections declared, but only 92 given [/home/chipwisperer/Documents/SNN/snn_accelerator_integration/snn_accelerator_integration.gen/sources_1/bd/design_1/ipshared/21f8/hdl/axi_dwidth_converter_v2_1_vlsyn_rfs.v:7367]
INFO: [Synth 8-6155] done synthesizing module 'axi_dwidth_converter_v2_1_37_axi_upsizer' (0#1) [/home/chipwisperer/Documents/SNN/snn_accelerator_integration/snn_accelerator_integration.gen/sources_1/bd/design_1/ipshared/21f8/hdl/axi_dwidth_converter_v2_1_vlsyn_rfs.v:7025]
INFO: [Synth 8-6155] done synthesizing module 'axi_dwidth_converter_v2_1_37_top' (0#1) [/home/chipwisperer/Documents/SNN/snn_accelerator_integration/snn_accelerator_integration.gen/sources_1/bd/design_1/ipshared/21f8/hdl/axi_dwidth_converter_v2_1_vlsyn_rfs.v:14527]
INFO: [Synth 8-6155] done synthesizing module 'design_1_axi_mem_intercon_imp_auto_us_0' (0#1) [/home/chipwisperer/Documents/SNN/snn_accelerator_integration/snn_accelerator_integration.gen/sources_1/bd/design_1/ip/design_1_axi_mem_intercon_imp_auto_us_0/synth/design_1_axi_mem_intercon_imp_auto_us_0.v:53]
INFO: [Synth 8-7129] Port ACLK in module axi_register_slice_v2_1_36_axic_register_slice__parameterized3 is either unconnected or has no load
INFO: [Synth 8-7129] Port ARESET in module axi_register_slice_v2_1_36_axic_register_slice__parameterized3 is either unconnected or has no load
INFO: [Synth 8-7129] Port m_axi_buser[0] in module axi_infrastructure_v1_1_0_vector2axi__parameterized0 is either unconnected or has no load
INFO: [Synth 8-7129] Port m_axi_ruser[0] in module axi_infrastructure_v1_1_0_vector2axi__parameterized0 is either unconnected or has no load
INFO: [Synth 8-7129] Port s_axi_awregion[3] in module axi_infrastructure_v1_1_0_axi2vector__parameterized0 is either unconnected or has no load
INFO: [Synth 8-7129] Port s_axi_awregion[2] in module axi_infrastructure_v1_1_0_axi2vector__parameterized0 is either unconnected or has no load
INFO: [Synth 8-7129] Port s_axi_awregion[1] in module axi_infrastructure_v1_1_0_axi2vector__parameterized0 is either unconnected or has no load
INFO: [Synth 8-7129] Port s_axi_awregion[0] in module axi_infrastructure_v1_1_0_axi2vector__parameterized0 is either unconnected or has no load
INFO: [Synth 8-7129] Port s_axi_awuser[0] in module axi_infrastructure_v1_1_0_axi2vector__parameterized0 is either unconnected or has no load
INFO: [Synth 8-7129] Port s_axi_wuser[0] in module axi_infrastructure_v1_1_0_axi2vector__parameterized0 is either unconnected or has no load
INFO: [Synth 8-7129] Port s_axi_arregion[3] in module axi_infrastructure_v1_1_0_axi2vector__parameterized0 is either unconnected or has no load
INFO: [Synth 8-7129] Port s_axi_arregion[2] in module axi_infrastructure_v1_1_0_axi2vector__parameterized0 is either unconnected or has no load
INFO: [Synth 8-7129] Port s_axi_arregion[1] in module axi_infrastructure_v1_1_0_axi2vector__parameterized0 is either unconnected or has no load
INFO: [Synth 8-7129] Port s_axi_arregion[0] in module axi_infrastructure_v1_1_0_axi2vector__parameterized0 is either unconnected or has no load
INFO: [Synth 8-7129] Port s_axi_aruser[0] in module axi_infrastructure_v1_1_0_axi2vector__parameterized0 is either unconnected or has no load
INFO: [Synth 8-7129] Port aclk2x in module axi_register_slice_v2_1_36_axi_register_slice__parameterized0 is either unconnected or has no load
INFO: [Synth 8-7129] Port cmd_id_ready in module axi_dwidth_converter_v2_1_37_a_upsizer is either unconnected or has no load
INFO: [Synth 8-7129] Port S_AXI_AID[0] in module axi_dwidth_converter_v2_1_37_a_upsizer is either unconnected or has no load
INFO: [Synth 8-7129] Port m_axi_buser[0] in module axi_infrastructure_v1_1_0_vector2axi is either unconnected or has no load
INFO: [Synth 8-7129] Port m_axi_ruser[0] in module axi_infrastructure_v1_1_0_vector2axi is either unconnected or has no load
INFO: [Synth 8-7129] Port s_axi_awuser[0] in module axi_infrastructure_v1_1_0_axi2vector is either unconnected or has no load
INFO: [Synth 8-7129] Port s_axi_wid[0] in module axi_infrastructure_v1_1_0_axi2vector is either unconnected or has no load
INFO: [Synth 8-7129] Port s_axi_wuser[0] in module axi_infrastructure_v1_1_0_axi2vector is either unconnected or has no load
INFO: [Synth 8-7129] Port s_axi_aruser[0] in module axi_infrastructure_v1_1_0_axi2vector is either unconnected or has no load
INFO: [Synth 8-7129] Port aclk2x in module axi_register_slice_v2_1_36_axi_register_slice is either unconnected or has no load
INFO: [Synth 8-7129] Port s_axi_awlen[7] in module axi_dwidth_converter_v2_1_37_axi_upsizer is either unconnected or has no load
INFO: [Synth 8-7129] Port s_axi_awlen[6] in module axi_dwidth_converter_v2_1_37_axi_upsizer is either unconnected or has no load
INFO: [Synth 8-7129] Port s_axi_awlen[5] in module axi_dwidth_converter_v2_1_37_axi_upsizer is either unconnected or has no load
INFO: [Synth 8-7129] Port s_axi_awlen[4] in module axi_dwidth_converter_v2_1_37_axi_upsizer is either unconnected or has no load
INFO: [Synth 8-7129] Port s_axi_wdata[31] in module axi_dwidth_converter_v2_1_37_axi_upsizer is either unconnected or has no load
INFO: [Synth 8-7129] Port s_axi_wdata[30] in module axi_dwidth_converter_v2_1_37_axi_upsizer is either unconnected or has no load
INFO: [Synth 8-7129] Port s_axi_wdata[29] in module axi_dwidth_converter_v2_1_37_axi_upsizer is either unconnected or has no load
INFO: [Synth 8-7129] Port s_axi_wdata[28] in module axi_dwidth_converter_v2_1_37_axi_upsizer is either unconnected or has no load
INFO: [Synth 8-7129] Port s_axi_wdata[27] in module axi_dwidth_converter_v2_1_37_axi_upsizer is either unconnected or has no load
INFO: [Synth 8-7129] Port s_axi_wdata[26] in module axi_dwidth_converter_v2_1_37_axi_upsizer is either unconnected or has no load
INFO: [Synth 8-7129] Port s_axi_wdata[25] in module axi_dwidth_converter_v2_1_37_axi_upsizer is either unconnected or has no load
INFO: [Synth 8-7129] Port s_axi_wdata[24] in module axi_dwidth_converter_v2_1_37_axi_upsizer is either unconnected or has no load
INFO: [Synth 8-7129] Port s_axi_wdata[23] in module axi_dwidth_converter_v2_1_37_axi_upsizer is either unconnected or has no load
INFO: [Synth 8-7129] Port s_axi_wdata[22] in module axi_dwidth_converter_v2_1_37_axi_upsizer is either unconnected or has no load
INFO: [Synth 8-7129] Port s_axi_wdata[21] in module axi_dwidth_converter_v2_1_37_axi_upsizer is either unconnected or has no load
INFO: [Synth 8-7129] Port s_axi_wdata[20] in module axi_dwidth_converter_v2_1_37_axi_upsizer is either unconnected or has no load
INFO: [Synth 8-7129] Port s_axi_wdata[19] in module axi_dwidth_converter_v2_1_37_axi_upsizer is either unconnected or has no load
INFO: [Synth 8-7129] Port s_axi_wdata[18] in module axi_dwidth_converter_v2_1_37_axi_upsizer is either unconnected or has no load
INFO: [Synth 8-7129] Port s_axi_wdata[17] in module axi_dwidth_converter_v2_1_37_axi_upsizer is either unconnected or has no load
INFO: [Synth 8-7129] Port s_axi_wdata[16] in module axi_dwidth_converter_v2_1_37_axi_upsizer is either unconnected or has no load
INFO: [Synth 8-7129] Port s_axi_wdata[15] in module axi_dwidth_converter_v2_1_37_axi_upsizer is either unconnected or has no load
INFO: [Synth 8-7129] Port s_axi_wdata[14] in module axi_dwidth_converter_v2_1_37_axi_upsizer is either unconnected or has no load
INFO: [Synth 8-7129] Port s_axi_wdata[13] in module axi_dwidth_converter_v2_1_37_axi_upsizer is either unconnected or has no load
INFO: [Synth 8-7129] Port s_axi_wdata[12] in module axi_dwidth_converter_v2_1_37_axi_upsizer is either unconnected or has no load
INFO: [Synth 8-7129] Port s_axi_wdata[11] in module axi_dwidth_converter_v2_1_37_axi_upsizer is either unconnected or has no load
INFO: [Synth 8-7129] Port s_axi_wdata[10] in module axi_dwidth_converter_v2_1_37_axi_upsizer is either unconnected or has no load
INFO: [Synth 8-7129] Port s_axi_wdata[9] in module axi_dwidth_converter_v2_1_37_axi_upsizer is either unconnected or has no load
INFO: [Synth 8-7129] Port s_axi_wdata[8] in module axi_dwidth_converter_v2_1_37_axi_upsizer is either unconnected or has no load
INFO: [Synth 8-7129] Port s_axi_wdata[7] in module axi_dwidth_converter_v2_1_37_axi_upsizer is either unconnected or has no load
INFO: [Synth 8-7129] Port s_axi_wdata[6] in module axi_dwidth_converter_v2_1_37_axi_upsizer is either unconnected or has no load
INFO: [Synth 8-7129] Port s_axi_wdata[5] in module axi_dwidth_converter_v2_1_37_axi_upsizer is either unconnected or has no load
INFO: [Synth 8-7129] Port s_axi_wdata[4] in module axi_dwidth_converter_v2_1_37_axi_upsizer is either unconnected or has no load
INFO: [Synth 8-7129] Port s_axi_wdata[3] in module axi_dwidth_converter_v2_1_37_axi_upsizer is either unconnected or has no load
INFO: [Synth 8-7129] Port s_axi_wdata[2] in module axi_dwidth_converter_v2_1_37_axi_upsizer is either unconnected or has no load
INFO: [Synth 8-7129] Port s_axi_wdata[1] in module axi_dwidth_converter_v2_1_37_axi_upsizer is either unconnected or has no load
INFO: [Synth 8-7129] Port s_axi_wdata[0] in module axi_dwidth_converter_v2_1_37_axi_upsizer is either unconnected or has no load
INFO: [Synth 8-7129] Port s_axi_wstrb[3] in module axi_dwidth_converter_v2_1_37_axi_upsizer is either unconnected or has no load
INFO: [Synth 8-7129] Port s_axi_wstrb[2] in module axi_dwidth_converter_v2_1_37_axi_upsizer is either unconnected or has no load
INFO: [Synth 8-7129] Port s_axi_wstrb[1] in module axi_dwidth_converter_v2_1_37_axi_upsizer is either unconnected or has no load
INFO: [Synth 8-7129] Port s_axi_wstrb[0] in module axi_dwidth_converter_v2_1_37_axi_upsizer is either unconnected or has no load
INFO: [Synth 8-7129] Port s_axi_wlast in module axi_dwidth_converter_v2_1_37_axi_upsizer is either unconnected or has no load
INFO: [Synth 8-7129] Port s_axi_wvalid in module axi_dwidth_converter_v2_1_37_axi_upsizer is either unconnected or has no load
INFO: [Synth 8-7129] Port s_axi_bready in module axi_dwidth_converter_v2_1_37_axi_upsizer is either unconnected or has no load
INFO: [Synth 8-7129] Port s_axi_arlen[7] in module axi_dwidth_converter_v2_1_37_axi_upsizer is either unconnected or has no load
INFO: [Synth 8-7129] Port s_axi_arlen[6] in module axi_dwidth_converter_v2_1_37_axi_upsizer is either unconnected or has no load
INFO: [Synth 8-7129] Port s_axi_arlen[5] in module axi_dwidth_converter_v2_1_37_axi_upsizer is either unconnected or has no load
INFO: [Synth 8-7129] Port s_axi_arlen[4] in module axi_dwidth_converter_v2_1_37_axi_upsizer is either unconnected or has no load
INFO: [Synth 8-7129] Port m_axi_aresetn in module axi_dwidth_converter_v2_1_37_axi_upsizer is either unconnected or has no load
INFO: [Synth 8-7129] Port m_axi_aclk in module axi_dwidth_converter_v2_1_37_axi_upsizer is either unconnected or has no load
INFO: [Synth 8-7129] Port m_axi_awready in module axi_dwidth_converter_v2_1_37_axi_upsizer is either unconnected or has no load
INFO: [Synth 8-7129] Port m_axi_wready in module axi_dwidth_converter_v2_1_37_axi_upsizer is either unconnected or has no load
INFO: [Synth 8-7129] Port m_axi_bresp[1] in module axi_dwidth_converter_v2_1_37_axi_upsizer is either unconnected or has no load
INFO: [Synth 8-7129] Port m_axi_bresp[0] in module axi_dwidth_converter_v2_1_37_axi_upsizer is either unconnected or has no load
INFO: [Synth 8-7129] Port m_axi_bvalid in module axi_dwidth_converter_v2_1_37_axi_upsizer is either unconnected or has no load
INFO: [Synth 8-7129] Port s_axi_awregion[3] in module axi_dwidth_converter_v2_1_37_top is either unconnected or has no load
INFO: [Synth 8-7129] Port s_axi_awregion[2] in module axi_dwidth_converter_v2_1_37_top is either unconnected or has no load
INFO: [Synth 8-7129] Port s_axi_awregion[1] in module axi_dwidth_converter_v2_1_37_top is either unconnected or has no load
INFO: [Synth 8-7129] Port s_axi_awregion[0] in module axi_dwidth_converter_v2_1_37_top is either unconnected or has no load
INFO: [Synth 8-7129] Port s_axi_arregion[3] in module axi_dwidth_converter_v2_1_37_top is either unconnected or has no load
INFO: [Synth 8-7129] Port s_axi_arregion[2] in module axi_dwidth_converter_v2_1_37_top is either unconnected or has no load
INFO: [Synth 8-7129] Port s_axi_arregion[1] in module axi_dwidth_converter_v2_1_37_top is either unconnected or has no load
INFO: [Synth 8-7129] Port s_axi_arregion[0] in module axi_dwidth_converter_v2_1_37_top is either unconnected or has no load
---------------------------------------------------------------------------------
Finished RTL Elaboration : Time (s): cpu = 00:00:20 ; elapsed = 00:00:21 . Memory (MB): peak = 2463.293 ; gain = 697.125 ; free physical = 3803 ; free virtual = 45114
---------------------------------------------------------------------------------
---------------------------------------------------------------------------------
Start Handling Custom Attributes
---------------------------------------------------------------------------------
---------------------------------------------------------------------------------
Finished Handling Custom Attributes : Time (s): cpu = 00:00:20 ; elapsed = 00:00:22 . Memory (MB): peak = 2463.293 ; gain = 697.125 ; free physical = 3795 ; free virtual = 45112
---------------------------------------------------------------------------------
---------------------------------------------------------------------------------
Finished RTL Optimization Phase 1 : Time (s): cpu = 00:00:20 ; elapsed = 00:00:22 . Memory (MB): peak = 2463.293 ; gain = 697.125 ; free physical = 3795 ; free virtual = 45112
---------------------------------------------------------------------------------
Netlist sorting complete. Time (s): cpu = 00:00:00.04 ; elapsed = 00:00:00.04 . Memory (MB): peak = 2463.293 ; gain = 0.000 ; free physical = 3763 ; free virtual = 45093
INFO: [Project 1-570] Preparing netlist for logic optimization

Processing XDC Constraints
Initializing timing engine
Parsing XDC File [/home/chipwisperer/Documents/SNN/snn_accelerator_integration/snn_accelerator_integration.gen/sources_1/bd/design_1/ip/design_1_axi_mem_intercon_imp_auto_us_0/design_1_axi_mem_intercon_imp_auto_us_0_ooc.xdc] for cell 'inst'
Finished Parsing XDC File [/home/chipwisperer/Documents/SNN/snn_accelerator_integration/snn_accelerator_integration.gen/sources_1/bd/design_1/ip/design_1_axi_mem_intercon_imp_auto_us_0/design_1_axi_mem_intercon_imp_auto_us_0_ooc.xdc] for cell 'inst'
Parsing XDC File [/home/chipwisperer/Documents/SNN/snn_accelerator_integration/snn_accelerator_integration.runs/design_1_axi_mem_intercon_imp_auto_us_0_synth_1/dont_touch.xdc]
Finished Parsing XDC File [/home/chipwisperer/Documents/SNN/snn_accelerator_integration/snn_accelerator_integration.runs/design_1_axi_mem_intercon_imp_auto_us_0_synth_1/dont_touch.xdc]
Completed Processing XDC Constraints

Netlist sorting complete. Time (s): cpu = 00:00:00 ; elapsed = 00:00:00 . Memory (MB): peak = 2523.125 ; gain = 0.000 ; free physical = 3831 ; free virtual = 45139
INFO: [Project 1-111] Unisim Transformation Summary:
No Unisim elements were transformed.

Constraint Validation Runtime : Time (s): cpu = 00:00:00.1 ; elapsed = 00:00:00.07 . Memory (MB): peak = 2523.160 ; gain = 0.000 ; free physical = 3837 ; free virtual = 45146
INFO: [Designutils 20-5008] Incremental synthesis strategy off
---------------------------------------------------------------------------------
Finished Constraint Validation : Time (s): cpu = 00:00:32 ; elapsed = 00:00:34 . Memory (MB): peak = 2523.160 ; gain = 756.992 ; free physical = 3930 ; free virtual = 45244
---------------------------------------------------------------------------------
---------------------------------------------------------------------------------
Start Loading Part and Timing Information
---------------------------------------------------------------------------------
Loading part: xc7z020clg400-1
---------------------------------------------------------------------------------
Finished Loading Part and Timing Information : Time (s): cpu = 00:00:32 ; elapsed = 00:00:34 . Memory (MB): peak = 2531.129 ; gain = 764.961 ; free physical = 3930 ; free virtual = 45244
---------------------------------------------------------------------------------
---------------------------------------------------------------------------------
Start Applying 'set_property' XDC Constraints
---------------------------------------------------------------------------------
---------------------------------------------------------------------------------
Finished applying 'set_property' XDC Constraints : Time (s): cpu = 00:00:32 ; elapsed = 00:00:34 . Memory (MB): peak = 2531.129 ; gain = 764.961 ; free physical = 3930 ; free virtual = 45245
---------------------------------------------------------------------------------
---------------------------------------------------------------------------------
Finished RTL Optimization Phase 2 : Time (s): cpu = 00:00:33 ; elapsed = 00:00:35 . Memory (MB): peak = 2531.129 ; gain = 764.961 ; free physical = 3929 ; free virtual = 45246
---------------------------------------------------------------------------------
---------------------------------------------------------------------------------
Start RTL Component Statistics 
---------------------------------------------------------------------------------
---------------------------------------------------------------------------------
Finished RTL Component Statistics 
---------------------------------------------------------------------------------
---------------------------------------------------------------------------------
Start Part Resource Summary
---------------------------------------------------------------------------------
Part Resources:
DSPs: 220 (col length:60)
BRAMs: 280 (col length: RAMB18 60 RAMB36 30)
---------------------------------------------------------------------------------
Finished Part Resource Summary
---------------------------------------------------------------------------------
---------------------------------------------------------------------------------
Start Cross Boundary and Area Optimization
---------------------------------------------------------------------------------
INFO: [Synth 8-3936] Found unconnected internal register 'gen_upsizer.gen_full_upsizer.axi_upsizer_inst/USE_READ.gen_non_fifo_r_upsizer.mi_register_slice_inst/r.r_pipe/m_payload_i_reg' and it is trimmed from '68' to '67' bits. [/home/chipwisperer/Documents/SNN/snn_accelerator_integration/snn_accelerator_integration.gen/sources_1/bd/design_1/ipshared/bc4b/hdl/axi_register_slice_v2_1_vl_rfs.v:1726]
INFO: [Synth 8-7129] Port s_axi_awid[0] in module axi_dwidth_converter_v2_1_37_top is either unconnected or has no load
INFO: [Synth 8-7129] Port s_axi_awaddr[31] in module axi_dwidth_converter_v2_1_37_top is either unconnected or has no load
INFO: [Synth 8-7129] Port s_axi_awaddr[30] in module axi_dwidth_converter_v2_1_37_top is either unconnected or has no load
INFO: [Synth 8-7129] Port s_axi_awaddr[29] in module axi_dwidth_converter_v2_1_37_top is either unconnected or has no load
INFO: [Synth 8-7129] Port s_axi_awaddr[28] in module axi_dwidth_converter_v2_1_37_top is either unconnected or has no load
INFO: [Synth 8-7129] Port s_axi_awaddr[27] in module axi_dwidth_converter_v2_1_37_top is either unconnected or has no load
INFO: [Synth 8-7129] Port s_axi_awaddr[26] in module axi_dwidth_converter_v2_1_37_top is either unconnected or has no load
INFO: [Synth 8-7129] Port s_axi_awaddr[25] in module axi_dwidth_converter_v2_1_37_top is either unconnected or has no load
INFO: [Synth 8-7129] Port s_axi_awaddr[24] in module axi_dwidth_converter_v2_1_37_top is either unconnected or has no load
INFO: [Synth 8-7129] Port s_axi_awaddr[23] in module axi_dwidth_converter_v2_1_37_top is either unconnected or has no load
INFO: [Synth 8-7129] Port s_axi_awaddr[22] in module axi_dwidth_converter_v2_1_37_top is either unconnected or has no load
INFO: [Synth 8-7129] Port s_axi_awaddr[21] in module axi_dwidth_converter_v2_1_37_top is either unconnected or has no load
INFO: [Synth 8-7129] Port s_axi_awaddr[20] in module axi_dwidth_converter_v2_1_37_top is either unconnected or has no load
INFO: [Common 17-14] Message 'Synth 8-7129' appears 100 times and further instances of the messages will be disabled. Use the Tcl command set_msg_config to change the current settings.
---------------------------------------------------------------------------------
Finished Cross Boundary and Area Optimization : Time (s): cpu = 00:00:37 ; elapsed = 00:00:39 . Memory (MB): peak = 2531.129 ; gain = 764.961 ; free physical = 3805 ; free virtual = 45124
---------------------------------------------------------------------------------
---------------------------------------------------------------------------------
Start Applying XDC Timing Constraints
---------------------------------------------------------------------------------
---------------------------------------------------------------------------------
Finished Applying XDC Timing Constraints : Time (s): cpu = 00:00:46 ; elapsed = 00:00:48 . Memory (MB): peak = 2532.129 ; gain = 765.961 ; free physical = 3454 ; free virtual = 44773
---------------------------------------------------------------------------------
---------------------------------------------------------------------------------
Start Timing Optimization
---------------------------------------------------------------------------------
---------------------------------------------------------------------------------
Finished Timing Optimization : Time (s): cpu = 00:00:46 ; elapsed = 00:00:48 . Memory (MB): peak = 2554.160 ; gain = 787.992 ; free physical = 3388 ; free virtual = 44706
---------------------------------------------------------------------------------
---------------------------------------------------------------------------------
Start Technology Mapping
---------------------------------------------------------------------------------
---------------------------------------------------------------------------------
Finished Technology Mapping : Time (s): cpu = 00:00:47 ; elapsed = 00:00:48 . Memory (MB): peak = 2554.160 ; gain = 787.992 ; free physical = 3380 ; free virtual = 44698
---------------------------------------------------------------------------------
---------------------------------------------------------------------------------
Start IO Insertion
---------------------------------------------------------------------------------
---------------------------------------------------------------------------------
Start Flattening Before IO Insertion
---------------------------------------------------------------------------------
---------------------------------------------------------------------------------
Finished Flattening Before IO Insertion
---------------------------------------------------------------------------------
---------------------------------------------------------------------------------
Start Final Netlist Cleanup
---------------------------------------------------------------------------------
---------------------------------------------------------------------------------
Finished Final Netlist Cleanup
---------------------------------------------------------------------------------
---------------------------------------------------------------------------------
Finished IO Insertion : Time (s): cpu = 00:00:52 ; elapsed = 00:00:54 . Memory (MB): peak = 2729.973 ; gain = 963.805 ; free physical = 3070 ; free virtual = 44396
---------------------------------------------------------------------------------
---------------------------------------------------------------------------------
Start Renaming Generated Instances
---------------------------------------------------------------------------------
---------------------------------------------------------------------------------
Finished Renaming Generated Instances : Time (s): cpu = 00:00:52 ; elapsed = 00:00:54 . Memory (MB): peak = 2729.973 ; gain = 963.805 ; free physical = 3070 ; free virtual = 44396
---------------------------------------------------------------------------------
---------------------------------------------------------------------------------
Start Rebuilding User Hierarchy
---------------------------------------------------------------------------------
---------------------------------------------------------------------------------
Finished Rebuilding User Hierarchy : Time (s): cpu = 00:00:53 ; elapsed = 00:00:54 . Memory (MB): peak = 2729.973 ; gain = 963.805 ; free physical = 3067 ; free virtual = 44393
---------------------------------------------------------------------------------
---------------------------------------------------------------------------------
Start Renaming Generated Ports
---------------------------------------------------------------------------------
---------------------------------------------------------------------------------
Finished Renaming Generated Ports : Time (s): cpu = 00:00:53 ; elapsed = 00:00:54 . Memory (MB): peak = 2729.973 ; gain = 963.805 ; free physical = 3067 ; free virtual = 44393
---------------------------------------------------------------------------------
---------------------------------------------------------------------------------
Start Handling Custom Attributes
---------------------------------------------------------------------------------
---------------------------------------------------------------------------------
Finished Handling Custom Attributes : Time (s): cpu = 00:00:53 ; elapsed = 00:00:55 . Memory (MB): peak = 2729.973 ; gain = 963.805 ; free physical = 3063 ; free virtual = 44389
---------------------------------------------------------------------------------
---------------------------------------------------------------------------------
Start Renaming Generated Nets
---------------------------------------------------------------------------------
---------------------------------------------------------------------------------
Finished Renaming Generated Nets : Time (s): cpu = 00:00:53 ; elapsed = 00:00:55 . Memory (MB): peak = 2729.973 ; gain = 963.805 ; free physical = 3063 ; free virtual = 44389
---------------------------------------------------------------------------------
---------------------------------------------------------------------------------
Start Writing Synthesis Report
---------------------------------------------------------------------------------

Report BlackBoxes: 
+-+--------------+----------+
| |BlackBox name |Instances |
+-+--------------+----------+
+-+--------------+----------+

Report Cell Usage: 
+------+--------+------+
|      |Cell    |Count |
+------+--------+------+
|1     |LUT1    |     4|
|2     |LUT2    |    12|
|3     |LUT3    |    84|
|4     |LUT4    |    19|
|5     |LUT5    |    28|
|6     |LUT6    |    81|
|7     |SRLC32E |    24|
|8     |FDRE    |   309|
|9     |FDSE    |     2|
+------+--------+------+
---------------------------------------------------------------------------------
Finished Writing Synthesis Report : Time (s): cpu = 00:00:53 ; elapsed = 00:00:55 . Memory (MB): peak = 2729.973 ; gain = 963.805 ; free physical = 3062 ; free virtual = 44388
---------------------------------------------------------------------------------
Synthesis finished with 0 errors, 0 critical warnings and 0 warnings.
Synthesis Optimization Runtime : Time (s): cpu = 00:00:49 ; elapsed = 00:00:51 . Memory (MB): peak = 2729.973 ; gain = 903.938 ; free physical = 3073 ; free virtual = 44399
Synthesis Optimization Complete : Time (s): cpu = 00:00:53 ; elapsed = 00:00:55 . Memory (MB): peak = 2729.980 ; gain = 963.805 ; free physical = 3080 ; free virtual = 44406
INFO: [Project 1-571] Translating synthesized netlist
Netlist sorting complete. Time (s): cpu = 00:00:00.02 ; elapsed = 00:00:00.01 . Memory (MB): peak = 2729.980 ; gain = 0.000 ; free physical = 3080 ; free virtual = 44406
INFO: [Project 1-570] Preparing netlist for logic optimization
INFO: [Opt 31-138] Pushed 0 inverter(s) to 0 load pin(s).
Netlist sorting complete. Time (s): cpu = 00:00:00 ; elapsed = 00:00:00 . Memory (MB): peak = 2786.000 ; gain = 0.000 ; free physical = 5050 ; free virtual = 46376
INFO: [Project 1-111] Unisim Transformation Summary:
No Unisim elements were transformed.

Synth Design complete | Checksum: beee16d4
INFO: [Common 17-83] Releasing license: Synthesis
162 Infos, 0 Warnings, 0 Critical Warnings and 0 Errors encountered.
synth_design completed successfully
synth_design: Time (s): cpu = 00:01:08 ; elapsed = 00:01:04 . Memory (MB): peak = 2786.035 ; gain = 1208.508 ; free physical = 5028 ; free virtual = 46355
INFO: [Common 17-2834] synth_design peak Physical Memory [PSS] (MB): overall = 1697.708; main = 1641.475; forked = 187.586
INFO: [Common 17-2834] synth_design peak Virtual Memory [VSS] (MB): overall = 3593.156; main = 2786.004; forked = 993.992
Write ShapeDB Complete: Time (s): cpu = 00:00:00 ; elapsed = 00:00:00 . Memory (MB): peak = 2810.012 ; gain = 0.000 ; free physical = 5022 ; free virtual = 46349
INFO: [Common 17-1381] The checkpoint '/home/chipwisperer/Documents/SNN/snn_accelerator_integration/snn_accelerator_integration.runs/design_1_axi_mem_intercon_imp_auto_us_0_synth_1/design_1_axi_mem_intercon_imp_auto_us_0.dcp' has been generated.
INFO: [Coretcl 2-1648] Added synthesis output to IP cache for IP design_1_axi_mem_intercon_imp_auto_us_0, cache-ID = 936da873decf96cb
INFO: [Coretcl 2-1174] Renamed 9 cell refs.
Write ShapeDB Complete: Time (s): cpu = 00:00:00 ; elapsed = 00:00:00 . Memory (MB): peak = 2810.012 ; gain = 0.000 ; free physical = 4963 ; free virtual = 46291
INFO: [Common 17-1381] The checkpoint '/home/chipwisperer/Documents/SNN/snn_accelerator_integration/snn_accelerator_integration.runs/design_1_axi_mem_intercon_imp_auto_us_0_synth_1/design_1_axi_mem_intercon_imp_auto_us_0.dcp' has been generated.
INFO: [Vivado 12-24828] Executing command : report_utilization -file design_1_axi_mem_intercon_imp_auto_us_0_utilization_synth.rpt -pb design_1_axi_mem_intercon_imp_auto_us_0_utilization_synth.pb
INFO: [Common 17-206] Exiting Vivado at Tue Jul 21 15:53:48 2026...
