
*** Running vivado
    with args -log design_1_axi_mem_intercon_imp_xbar_0.vds -m64 -product Vivado -mode batch -messageDb vivado.pb -notrace -source design_1_axi_mem_intercon_imp_xbar_0.tcl


****** Vivado v2025.2 (64-bit)
  **** SW Build 6299465 on Fri Nov 14 12:34:56 MST 2025
  **** IP Build 6300035 on Fri Nov 14 10:48:45 MST 2025
  **** SharedData Build 6298862 on Thu Nov 13 04:50:51 MST 2025
  **** Start of session at: Tue Jul 21 15:52:21 2026
    ** Copyright 1986-2022 Xilinx, Inc. All Rights Reserved.
    ** Copyright 2022-2025 Advanced Micro Devices, Inc. All Rights Reserved.

source design_1_axi_mem_intercon_imp_xbar_0.tcl -notrace
create_project: Time (s): cpu = 00:00:26 ; elapsed = 00:00:07 . Memory (MB): peak = 1572.570 ; gain = 93.055 ; free physical = 12665 ; free virtual = 53930
INFO: [IP_Flow 19-234] Refreshing IP repositories
INFO: [IP_Flow 19-1700] Loaded user IP repository '/home/chipwisperer/Documents/SNN/Event-Driven-Spiking-Neural-Network-Accelerator-for-FPGA/hardware/ip_repo/snn_top_hls_1_0'.
INFO: [IP_Flow 19-2313] Loaded Vivado IP repository '/home/chipwisperer/AMD/2025.2/data/ip'.
Command: synth_design -top design_1_axi_mem_intercon_imp_xbar_0 -part xc7z020clg400-1 -incremental_mode off -mode out_of_context
Starting synth_design
Attempting to get a license for feature 'Synthesis' and/or device 'xc7z020'
INFO: [Common 17-349] Got license for feature 'Synthesis' and/or device 'xc7z020'
INFO: [Device 21-403] Loading part xc7z020clg400-1
INFO: [Synth 8-7079] Multithreading enabled for synth_design using a maximum of 7 processes.
INFO: [Synth 8-7078] Launching helper process for spawning children vivado processes
INFO: [Synth 8-7075] Helper process launched with PID 3128522
---------------------------------------------------------------------------------
Starting RTL Elaboration : Time (s): cpu = 00:00:11 ; elapsed = 00:00:13 . Memory (MB): peak = 2253.711 ; gain = 481.594 ; free physical = 4814 ; free virtual = 46109
---------------------------------------------------------------------------------
INFO: [Synth 8-6157] synthesizing module 'design_1_axi_mem_intercon_imp_xbar_0' [/home/chipwisperer/Documents/SNN/snn_accelerator_integration/snn_accelerator_integration.gen/sources_1/bd/design_1/ip/design_1_axi_mem_intercon_imp_xbar_0/synth/design_1_axi_mem_intercon_imp_xbar_0.v:53]
INFO: [Synth 8-6157] synthesizing module 'axi_crossbar_v2_1_38_axi_crossbar' [/home/chipwisperer/Documents/SNN/snn_accelerator_integration/snn_accelerator_integration.gen/sources_1/bd/design_1/ipshared/f084/hdl/axi_crossbar_v2_1_vl_rfs.v:4871]
INFO: [Synth 8-6157] synthesizing module 'axi_crossbar_v2_1_38_crossbar' [/home/chipwisperer/Documents/SNN/snn_accelerator_integration/snn_accelerator_integration.gen/sources_1/bd/design_1/ipshared/f084/hdl/axi_crossbar_v2_1_vl_rfs.v:2232]
INFO: [Synth 8-6157] synthesizing module 'axi_crossbar_v2_1_38_si_transactor' [/home/chipwisperer/Documents/SNN/snn_accelerator_integration/snn_accelerator_integration.gen/sources_1/bd/design_1/ipshared/f084/hdl/axi_crossbar_v2_1_vl_rfs.v:3791]
INFO: [Synth 8-6157] synthesizing module 'axi_crossbar_v2_1_38_addr_decoder' [/home/chipwisperer/Documents/SNN/snn_accelerator_integration/snn_accelerator_integration.gen/sources_1/bd/design_1/ipshared/f084/hdl/axi_crossbar_v2_1_vl_rfs.v:790]
INFO: [Synth 8-6157] synthesizing module 'generic_baseblocks_v2_1_2_comparator_static' [/home/chipwisperer/Documents/SNN/snn_accelerator_integration/snn_accelerator_integration.gen/sources_1/bd/design_1/ipshared/0c28/hdl/generic_baseblocks_v2_1_vl_rfs.v:2119]
INFO: [Synth 8-6157] synthesizing module 'generic_baseblocks_v2_1_2_carry_and' [/home/chipwisperer/Documents/SNN/snn_accelerator_integration/snn_accelerator_integration.gen/sources_1/bd/design_1/ipshared/0c28/hdl/generic_baseblocks_v2_1_vl_rfs.v:60]
INFO: [Synth 8-6155] done synthesizing module 'generic_baseblocks_v2_1_2_carry_and' (0#1) [/home/chipwisperer/Documents/SNN/snn_accelerator_integration/snn_accelerator_integration.gen/sources_1/bd/design_1/ipshared/0c28/hdl/generic_baseblocks_v2_1_vl_rfs.v:60]
INFO: [Synth 8-6155] done synthesizing module 'generic_baseblocks_v2_1_2_comparator_static' (0#1) [/home/chipwisperer/Documents/SNN/snn_accelerator_integration/snn_accelerator_integration.gen/sources_1/bd/design_1/ipshared/0c28/hdl/generic_baseblocks_v2_1_vl_rfs.v:2119]
INFO: [Synth 8-6157] synthesizing module 'generic_baseblocks_v2_1_2_comparator_static__parameterized0' [/home/chipwisperer/Documents/SNN/snn_accelerator_integration/snn_accelerator_integration.gen/sources_1/bd/design_1/ipshared/0c28/hdl/generic_baseblocks_v2_1_vl_rfs.v:2119]
INFO: [Synth 8-6155] done synthesizing module 'generic_baseblocks_v2_1_2_comparator_static__parameterized0' (0#1) [/home/chipwisperer/Documents/SNN/snn_accelerator_integration/snn_accelerator_integration.gen/sources_1/bd/design_1/ipshared/0c28/hdl/generic_baseblocks_v2_1_vl_rfs.v:2119]
INFO: [Synth 8-6155] done synthesizing module 'axi_crossbar_v2_1_38_addr_decoder' (0#1) [/home/chipwisperer/Documents/SNN/snn_accelerator_integration/snn_accelerator_integration.gen/sources_1/bd/design_1/ipshared/f084/hdl/axi_crossbar_v2_1_vl_rfs.v:790]
INFO: [Synth 8-6157] synthesizing module 'axi_data_fifo_v2_1_36_axic_srl_fifo' [/home/chipwisperer/Documents/SNN/snn_accelerator_integration/snn_accelerator_integration.gen/sources_1/bd/design_1/ipshared/fb46/hdl/axi_data_fifo_v2_1_vl_rfs.v:694]
INFO: [Synth 8-6157] synthesizing module 'axi_data_fifo_v2_1_36_ndeep_srl' [/home/chipwisperer/Documents/SNN/snn_accelerator_integration/snn_accelerator_integration.gen/sources_1/bd/design_1/ipshared/fb46/hdl/axi_data_fifo_v2_1_vl_rfs.v:1129]
INFO: [Synth 8-6157] synthesizing module 'SRLC32E' [/home/chipwisperer/AMD/2025.2/Vivado/scripts/rt/data/unisim_comp.v:165484]
INFO: [Synth 8-6155] done synthesizing module 'SRLC32E' (0#1) [/home/chipwisperer/AMD/2025.2/Vivado/scripts/rt/data/unisim_comp.v:165484]
INFO: [Synth 8-6155] done synthesizing module 'axi_data_fifo_v2_1_36_ndeep_srl' (0#1) [/home/chipwisperer/Documents/SNN/snn_accelerator_integration/snn_accelerator_integration.gen/sources_1/bd/design_1/ipshared/fb46/hdl/axi_data_fifo_v2_1_vl_rfs.v:1129]
INFO: [Synth 8-6155] done synthesizing module 'axi_data_fifo_v2_1_36_axic_srl_fifo' (0#1) [/home/chipwisperer/Documents/SNN/snn_accelerator_integration/snn_accelerator_integration.gen/sources_1/bd/design_1/ipshared/fb46/hdl/axi_data_fifo_v2_1_vl_rfs.v:694]
INFO: [Synth 8-6157] synthesizing module 'generic_baseblocks_v2_1_2_mux_enc' [/home/chipwisperer/Documents/SNN/snn_accelerator_integration/snn_accelerator_integration.gen/sources_1/bd/design_1/ipshared/0c28/hdl/generic_baseblocks_v2_1_vl_rfs.v:2436]
INFO: [Synth 8-6155] done synthesizing module 'generic_baseblocks_v2_1_2_mux_enc' (0#1) [/home/chipwisperer/Documents/SNN/snn_accelerator_integration/snn_accelerator_integration.gen/sources_1/bd/design_1/ipshared/0c28/hdl/generic_baseblocks_v2_1_vl_rfs.v:2436]
INFO: [Synth 8-6155] done synthesizing module 'axi_crossbar_v2_1_38_si_transactor' (0#1) [/home/chipwisperer/Documents/SNN/snn_accelerator_integration/snn_accelerator_integration.gen/sources_1/bd/design_1/ipshared/f084/hdl/axi_crossbar_v2_1_vl_rfs.v:3791]
INFO: [Synth 8-6157] synthesizing module 'axi_crossbar_v2_1_38_si_transactor__parameterized0' [/home/chipwisperer/Documents/SNN/snn_accelerator_integration/snn_accelerator_integration.gen/sources_1/bd/design_1/ipshared/f084/hdl/axi_crossbar_v2_1_vl_rfs.v:3791]
INFO: [Synth 8-6157] synthesizing module 'axi_data_fifo_v2_1_36_axic_srl_fifo__parameterized0' [/home/chipwisperer/Documents/SNN/snn_accelerator_integration/snn_accelerator_integration.gen/sources_1/bd/design_1/ipshared/fb46/hdl/axi_data_fifo_v2_1_vl_rfs.v:694]
INFO: [Synth 8-6157] synthesizing module 'axi_data_fifo_v2_1_36_ndeep_srl__parameterized0' [/home/chipwisperer/Documents/SNN/snn_accelerator_integration/snn_accelerator_integration.gen/sources_1/bd/design_1/ipshared/fb46/hdl/axi_data_fifo_v2_1_vl_rfs.v:1129]
INFO: [Synth 8-6155] done synthesizing module 'axi_data_fifo_v2_1_36_ndeep_srl__parameterized0' (0#1) [/home/chipwisperer/Documents/SNN/snn_accelerator_integration/snn_accelerator_integration.gen/sources_1/bd/design_1/ipshared/fb46/hdl/axi_data_fifo_v2_1_vl_rfs.v:1129]
INFO: [Synth 8-6155] done synthesizing module 'axi_data_fifo_v2_1_36_axic_srl_fifo__parameterized0' (0#1) [/home/chipwisperer/Documents/SNN/snn_accelerator_integration/snn_accelerator_integration.gen/sources_1/bd/design_1/ipshared/fb46/hdl/axi_data_fifo_v2_1_vl_rfs.v:694]
INFO: [Synth 8-6155] done synthesizing module 'axi_crossbar_v2_1_38_si_transactor__parameterized0' (0#1) [/home/chipwisperer/Documents/SNN/snn_accelerator_integration/snn_accelerator_integration.gen/sources_1/bd/design_1/ipshared/f084/hdl/axi_crossbar_v2_1_vl_rfs.v:3791]
INFO: [Synth 8-6157] synthesizing module 'axi_crossbar_v2_1_38_si_transactor__parameterized1' [/home/chipwisperer/Documents/SNN/snn_accelerator_integration/snn_accelerator_integration.gen/sources_1/bd/design_1/ipshared/f084/hdl/axi_crossbar_v2_1_vl_rfs.v:3791]
INFO: [Synth 8-6157] synthesizing module 'generic_baseblocks_v2_1_2_mux_enc__parameterized0' [/home/chipwisperer/Documents/SNN/snn_accelerator_integration/snn_accelerator_integration.gen/sources_1/bd/design_1/ipshared/0c28/hdl/generic_baseblocks_v2_1_vl_rfs.v:2436]
INFO: [Synth 8-6155] done synthesizing module 'generic_baseblocks_v2_1_2_mux_enc__parameterized0' (0#1) [/home/chipwisperer/Documents/SNN/snn_accelerator_integration/snn_accelerator_integration.gen/sources_1/bd/design_1/ipshared/0c28/hdl/generic_baseblocks_v2_1_vl_rfs.v:2436]
INFO: [Synth 8-6155] done synthesizing module 'axi_crossbar_v2_1_38_si_transactor__parameterized1' (0#1) [/home/chipwisperer/Documents/SNN/snn_accelerator_integration/snn_accelerator_integration.gen/sources_1/bd/design_1/ipshared/f084/hdl/axi_crossbar_v2_1_vl_rfs.v:3791]
INFO: [Synth 8-6157] synthesizing module 'axi_crossbar_v2_1_38_splitter' [/home/chipwisperer/Documents/SNN/snn_accelerator_integration/snn_accelerator_integration.gen/sources_1/bd/design_1/ipshared/f084/hdl/axi_crossbar_v2_1_vl_rfs.v:4451]
INFO: [Synth 8-6155] done synthesizing module 'axi_crossbar_v2_1_38_splitter' (0#1) [/home/chipwisperer/Documents/SNN/snn_accelerator_integration/snn_accelerator_integration.gen/sources_1/bd/design_1/ipshared/f084/hdl/axi_crossbar_v2_1_vl_rfs.v:4451]
INFO: [Synth 8-6157] synthesizing module 'axi_crossbar_v2_1_38_wdata_router' [/home/chipwisperer/Documents/SNN/snn_accelerator_integration/snn_accelerator_integration.gen/sources_1/bd/design_1/ipshared/f084/hdl/axi_crossbar_v2_1_vl_rfs.v:4724]
INFO: [Synth 8-6157] synthesizing module 'axi_data_fifo_v2_1_36_axic_reg_srl_fifo' [/home/chipwisperer/Documents/SNN/snn_accelerator_integration/snn_accelerator_integration.gen/sources_1/bd/design_1/ipshared/fb46/hdl/axi_data_fifo_v2_1_vl_rfs.v:884]
INFO: [Synth 8-155] case statement is not full and has no default [/home/chipwisperer/Documents/SNN/snn_accelerator_integration/snn_accelerator_integration.gen/sources_1/bd/design_1/ipshared/fb46/hdl/axi_data_fifo_v2_1_vl_rfs.v:982]
INFO: [Synth 8-6155] done synthesizing module 'axi_data_fifo_v2_1_36_axic_reg_srl_fifo' (0#1) [/home/chipwisperer/Documents/SNN/snn_accelerator_integration/snn_accelerator_integration.gen/sources_1/bd/design_1/ipshared/fb46/hdl/axi_data_fifo_v2_1_vl_rfs.v:884]
INFO: [Synth 8-6155] done synthesizing module 'axi_crossbar_v2_1_38_wdata_router' (0#1) [/home/chipwisperer/Documents/SNN/snn_accelerator_integration/snn_accelerator_integration.gen/sources_1/bd/design_1/ipshared/f084/hdl/axi_crossbar_v2_1_vl_rfs.v:4724]
INFO: [Synth 8-6157] synthesizing module 'axi_crossbar_v2_1_38_si_transactor__parameterized2' [/home/chipwisperer/Documents/SNN/snn_accelerator_integration/snn_accelerator_integration.gen/sources_1/bd/design_1/ipshared/f084/hdl/axi_crossbar_v2_1_vl_rfs.v:3791]
INFO: [Synth 8-6155] done synthesizing module 'axi_crossbar_v2_1_38_si_transactor__parameterized2' (0#1) [/home/chipwisperer/Documents/SNN/snn_accelerator_integration/snn_accelerator_integration.gen/sources_1/bd/design_1/ipshared/f084/hdl/axi_crossbar_v2_1_vl_rfs.v:3791]
INFO: [Synth 8-6157] synthesizing module 'axi_crossbar_v2_1_38_si_transactor__parameterized3' [/home/chipwisperer/Documents/SNN/snn_accelerator_integration/snn_accelerator_integration.gen/sources_1/bd/design_1/ipshared/f084/hdl/axi_crossbar_v2_1_vl_rfs.v:3791]
INFO: [Synth 8-6155] done synthesizing module 'axi_crossbar_v2_1_38_si_transactor__parameterized3' (0#1) [/home/chipwisperer/Documents/SNN/snn_accelerator_integration/snn_accelerator_integration.gen/sources_1/bd/design_1/ipshared/f084/hdl/axi_crossbar_v2_1_vl_rfs.v:3791]
INFO: [Synth 8-6157] synthesizing module 'axi_crossbar_v2_1_38_wdata_router__parameterized0' [/home/chipwisperer/Documents/SNN/snn_accelerator_integration/snn_accelerator_integration.gen/sources_1/bd/design_1/ipshared/f084/hdl/axi_crossbar_v2_1_vl_rfs.v:4724]
INFO: [Synth 8-6157] synthesizing module 'axi_data_fifo_v2_1_36_axic_reg_srl_fifo__parameterized0' [/home/chipwisperer/Documents/SNN/snn_accelerator_integration/snn_accelerator_integration.gen/sources_1/bd/design_1/ipshared/fb46/hdl/axi_data_fifo_v2_1_vl_rfs.v:884]
INFO: [Synth 8-6157] synthesizing module 'axi_data_fifo_v2_1_36_ndeep_srl__parameterized1' [/home/chipwisperer/Documents/SNN/snn_accelerator_integration/snn_accelerator_integration.gen/sources_1/bd/design_1/ipshared/fb46/hdl/axi_data_fifo_v2_1_vl_rfs.v:1129]
INFO: [Synth 8-6155] done synthesizing module 'axi_data_fifo_v2_1_36_ndeep_srl__parameterized1' (0#1) [/home/chipwisperer/Documents/SNN/snn_accelerator_integration/snn_accelerator_integration.gen/sources_1/bd/design_1/ipshared/fb46/hdl/axi_data_fifo_v2_1_vl_rfs.v:1129]
INFO: [Synth 8-155] case statement is not full and has no default [/home/chipwisperer/Documents/SNN/snn_accelerator_integration/snn_accelerator_integration.gen/sources_1/bd/design_1/ipshared/fb46/hdl/axi_data_fifo_v2_1_vl_rfs.v:982]
INFO: [Synth 8-6155] done synthesizing module 'axi_data_fifo_v2_1_36_axic_reg_srl_fifo__parameterized0' (0#1) [/home/chipwisperer/Documents/SNN/snn_accelerator_integration/snn_accelerator_integration.gen/sources_1/bd/design_1/ipshared/fb46/hdl/axi_data_fifo_v2_1_vl_rfs.v:884]
INFO: [Synth 8-6155] done synthesizing module 'axi_crossbar_v2_1_38_wdata_router__parameterized0' (0#1) [/home/chipwisperer/Documents/SNN/snn_accelerator_integration/snn_accelerator_integration.gen/sources_1/bd/design_1/ipshared/f084/hdl/axi_crossbar_v2_1_vl_rfs.v:4724]
INFO: [Synth 8-6157] synthesizing module 'axi_crossbar_v2_1_38_si_transactor__parameterized4' [/home/chipwisperer/Documents/SNN/snn_accelerator_integration/snn_accelerator_integration.gen/sources_1/bd/design_1/ipshared/f084/hdl/axi_crossbar_v2_1_vl_rfs.v:3791]
INFO: [Synth 8-6155] done synthesizing module 'axi_crossbar_v2_1_38_si_transactor__parameterized4' (0#1) [/home/chipwisperer/Documents/SNN/snn_accelerator_integration/snn_accelerator_integration.gen/sources_1/bd/design_1/ipshared/f084/hdl/axi_crossbar_v2_1_vl_rfs.v:3791]
INFO: [Synth 8-6157] synthesizing module 'axi_crossbar_v2_1_38_si_transactor__parameterized5' [/home/chipwisperer/Documents/SNN/snn_accelerator_integration/snn_accelerator_integration.gen/sources_1/bd/design_1/ipshared/f084/hdl/axi_crossbar_v2_1_vl_rfs.v:3791]
INFO: [Synth 8-6155] done synthesizing module 'axi_crossbar_v2_1_38_si_transactor__parameterized5' (0#1) [/home/chipwisperer/Documents/SNN/snn_accelerator_integration/snn_accelerator_integration.gen/sources_1/bd/design_1/ipshared/f084/hdl/axi_crossbar_v2_1_vl_rfs.v:3791]
INFO: [Synth 8-6157] synthesizing module 'axi_crossbar_v2_1_38_si_transactor__parameterized6' [/home/chipwisperer/Documents/SNN/snn_accelerator_integration/snn_accelerator_integration.gen/sources_1/bd/design_1/ipshared/f084/hdl/axi_crossbar_v2_1_vl_rfs.v:3791]
INFO: [Synth 8-6155] done synthesizing module 'axi_crossbar_v2_1_38_si_transactor__parameterized6' (0#1) [/home/chipwisperer/Documents/SNN/snn_accelerator_integration/snn_accelerator_integration.gen/sources_1/bd/design_1/ipshared/f084/hdl/axi_crossbar_v2_1_vl_rfs.v:3791]
INFO: [Synth 8-6157] synthesizing module 'axi_crossbar_v2_1_38_si_transactor__parameterized7' [/home/chipwisperer/Documents/SNN/snn_accelerator_integration/snn_accelerator_integration.gen/sources_1/bd/design_1/ipshared/f084/hdl/axi_crossbar_v2_1_vl_rfs.v:3791]
INFO: [Synth 8-6155] done synthesizing module 'axi_crossbar_v2_1_38_si_transactor__parameterized7' (0#1) [/home/chipwisperer/Documents/SNN/snn_accelerator_integration/snn_accelerator_integration.gen/sources_1/bd/design_1/ipshared/f084/hdl/axi_crossbar_v2_1_vl_rfs.v:3791]
INFO: [Synth 8-6157] synthesizing module 'axi_crossbar_v2_1_38_si_transactor__parameterized8' [/home/chipwisperer/Documents/SNN/snn_accelerator_integration/snn_accelerator_integration.gen/sources_1/bd/design_1/ipshared/f084/hdl/axi_crossbar_v2_1_vl_rfs.v:3791]
INFO: [Synth 8-6155] done synthesizing module 'axi_crossbar_v2_1_38_si_transactor__parameterized8' (0#1) [/home/chipwisperer/Documents/SNN/snn_accelerator_integration/snn_accelerator_integration.gen/sources_1/bd/design_1/ipshared/f084/hdl/axi_crossbar_v2_1_vl_rfs.v:3791]
INFO: [Synth 8-6157] synthesizing module 'axi_crossbar_v2_1_38_si_transactor__parameterized9' [/home/chipwisperer/Documents/SNN/snn_accelerator_integration/snn_accelerator_integration.gen/sources_1/bd/design_1/ipshared/f084/hdl/axi_crossbar_v2_1_vl_rfs.v:3791]
INFO: [Synth 8-6155] done synthesizing module 'axi_crossbar_v2_1_38_si_transactor__parameterized9' (0#1) [/home/chipwisperer/Documents/SNN/snn_accelerator_integration/snn_accelerator_integration.gen/sources_1/bd/design_1/ipshared/f084/hdl/axi_crossbar_v2_1_vl_rfs.v:3791]
INFO: [Synth 8-6157] synthesizing module 'axi_crossbar_v2_1_38_addr_decoder__parameterized0' [/home/chipwisperer/Documents/SNN/snn_accelerator_integration/snn_accelerator_integration.gen/sources_1/bd/design_1/ipshared/f084/hdl/axi_crossbar_v2_1_vl_rfs.v:790]
INFO: [Synth 8-6155] done synthesizing module 'axi_crossbar_v2_1_38_addr_decoder__parameterized0' (0#1) [/home/chipwisperer/Documents/SNN/snn_accelerator_integration/snn_accelerator_integration.gen/sources_1/bd/design_1/ipshared/f084/hdl/axi_crossbar_v2_1_vl_rfs.v:790]
INFO: [Synth 8-6157] synthesizing module 'axi_crossbar_v2_1_38_addr_decoder__parameterized1' [/home/chipwisperer/Documents/SNN/snn_accelerator_integration/snn_accelerator_integration.gen/sources_1/bd/design_1/ipshared/f084/hdl/axi_crossbar_v2_1_vl_rfs.v:790]
INFO: [Synth 8-6155] done synthesizing module 'axi_crossbar_v2_1_38_addr_decoder__parameterized1' (0#1) [/home/chipwisperer/Documents/SNN/snn_accelerator_integration/snn_accelerator_integration.gen/sources_1/bd/design_1/ipshared/f084/hdl/axi_crossbar_v2_1_vl_rfs.v:790]
INFO: [Synth 8-6157] synthesizing module 'axi_data_fifo_v2_1_36_axic_srl_fifo__parameterized1' [/home/chipwisperer/Documents/SNN/snn_accelerator_integration/snn_accelerator_integration.gen/sources_1/bd/design_1/ipshared/fb46/hdl/axi_data_fifo_v2_1_vl_rfs.v:694]
INFO: [Synth 8-6157] synthesizing module 'axi_data_fifo_v2_1_36_ndeep_srl__parameterized2' [/home/chipwisperer/Documents/SNN/snn_accelerator_integration/snn_accelerator_integration.gen/sources_1/bd/design_1/ipshared/fb46/hdl/axi_data_fifo_v2_1_vl_rfs.v:1129]
INFO: [Synth 8-6155] done synthesizing module 'axi_data_fifo_v2_1_36_ndeep_srl__parameterized2' (0#1) [/home/chipwisperer/Documents/SNN/snn_accelerator_integration/snn_accelerator_integration.gen/sources_1/bd/design_1/ipshared/fb46/hdl/axi_data_fifo_v2_1_vl_rfs.v:1129]
INFO: [Synth 8-6155] done synthesizing module 'axi_data_fifo_v2_1_36_axic_srl_fifo__parameterized1' (0#1) [/home/chipwisperer/Documents/SNN/snn_accelerator_integration/snn_accelerator_integration.gen/sources_1/bd/design_1/ipshared/fb46/hdl/axi_data_fifo_v2_1_vl_rfs.v:694]
INFO: [Synth 8-6157] synthesizing module 'axi_crossbar_v2_1_38_wdata_mux' [/home/chipwisperer/Documents/SNN/snn_accelerator_integration/snn_accelerator_integration.gen/sources_1/bd/design_1/ipshared/f084/hdl/axi_crossbar_v2_1_vl_rfs.v:4550]
INFO: [Synth 8-6157] synthesizing module 'axi_data_fifo_v2_1_36_axic_reg_srl_fifo__parameterized1' [/home/chipwisperer/Documents/SNN/snn_accelerator_integration/snn_accelerator_integration.gen/sources_1/bd/design_1/ipshared/fb46/hdl/axi_data_fifo_v2_1_vl_rfs.v:884]
INFO: [Synth 8-155] case statement is not full and has no default [/home/chipwisperer/Documents/SNN/snn_accelerator_integration/snn_accelerator_integration.gen/sources_1/bd/design_1/ipshared/fb46/hdl/axi_data_fifo_v2_1_vl_rfs.v:982]
INFO: [Synth 8-6155] done synthesizing module 'axi_data_fifo_v2_1_36_axic_reg_srl_fifo__parameterized1' (0#1) [/home/chipwisperer/Documents/SNN/snn_accelerator_integration/snn_accelerator_integration.gen/sources_1/bd/design_1/ipshared/fb46/hdl/axi_data_fifo_v2_1_vl_rfs.v:884]
INFO: [Synth 8-6157] synthesizing module 'generic_baseblocks_v2_1_2_mux_enc__parameterized1' [/home/chipwisperer/Documents/SNN/snn_accelerator_integration/snn_accelerator_integration.gen/sources_1/bd/design_1/ipshared/0c28/hdl/generic_baseblocks_v2_1_vl_rfs.v:2436]
INFO: [Synth 8-6155] done synthesizing module 'generic_baseblocks_v2_1_2_mux_enc__parameterized1' (0#1) [/home/chipwisperer/Documents/SNN/snn_accelerator_integration/snn_accelerator_integration.gen/sources_1/bd/design_1/ipshared/0c28/hdl/generic_baseblocks_v2_1_vl_rfs.v:2436]
INFO: [Synth 8-6155] done synthesizing module 'axi_crossbar_v2_1_38_wdata_mux' (0#1) [/home/chipwisperer/Documents/SNN/snn_accelerator_integration/snn_accelerator_integration.gen/sources_1/bd/design_1/ipshared/f084/hdl/axi_crossbar_v2_1_vl_rfs.v:4550]
INFO: [Synth 8-6157] synthesizing module 'axi_register_slice_v2_1_36_axi_register_slice' [/home/chipwisperer/Documents/SNN/snn_accelerator_integration/snn_accelerator_integration.gen/sources_1/bd/design_1/ipshared/bc4b/hdl/axi_register_slice_v2_1_vl_rfs.v:3721]
INFO: [Synth 8-6157] synthesizing module 'axi_infrastructure_v1_1_0_axi2vector' [/home/chipwisperer/Documents/SNN/snn_accelerator_integration/snn_accelerator_integration.gen/sources_1/bd/design_1/ipshared/ec67/hdl/axi_infrastructure_v1_1_vl_rfs.v:59]
INFO: [Synth 8-6155] done synthesizing module 'axi_infrastructure_v1_1_0_axi2vector' (0#1) [/home/chipwisperer/Documents/SNN/snn_accelerator_integration/snn_accelerator_integration.gen/sources_1/bd/design_1/ipshared/ec67/hdl/axi_infrastructure_v1_1_vl_rfs.v:59]
INFO: [Synth 8-6157] synthesizing module 'axi_infrastructure_v1_1_0_vector2axi' [/home/chipwisperer/Documents/SNN/snn_accelerator_integration/snn_accelerator_integration.gen/sources_1/bd/design_1/ipshared/ec67/hdl/axi_infrastructure_v1_1_vl_rfs.v:473]
INFO: [Synth 8-6155] done synthesizing module 'axi_infrastructure_v1_1_0_vector2axi' (0#1) [/home/chipwisperer/Documents/SNN/snn_accelerator_integration/snn_accelerator_integration.gen/sources_1/bd/design_1/ipshared/ec67/hdl/axi_infrastructure_v1_1_vl_rfs.v:473]
INFO: [Synth 8-6157] synthesizing module 'axi_register_slice_v2_1_36_axic_register_slice' [/home/chipwisperer/Documents/SNN/snn_accelerator_integration/snn_accelerator_integration.gen/sources_1/bd/design_1/ipshared/bc4b/hdl/axi_register_slice_v2_1_vl_rfs.v:1492]
INFO: [Synth 8-6155] done synthesizing module 'axi_register_slice_v2_1_36_axic_register_slice' (0#1) [/home/chipwisperer/Documents/SNN/snn_accelerator_integration/snn_accelerator_integration.gen/sources_1/bd/design_1/ipshared/bc4b/hdl/axi_register_slice_v2_1_vl_rfs.v:1492]
INFO: [Synth 8-6157] synthesizing module 'axi_register_slice_v2_1_36_axic_register_slice__parameterized0' [/home/chipwisperer/Documents/SNN/snn_accelerator_integration/snn_accelerator_integration.gen/sources_1/bd/design_1/ipshared/bc4b/hdl/axi_register_slice_v2_1_vl_rfs.v:1492]
INFO: [Synth 8-6155] done synthesizing module 'axi_register_slice_v2_1_36_axic_register_slice__parameterized0' (0#1) [/home/chipwisperer/Documents/SNN/snn_accelerator_integration/snn_accelerator_integration.gen/sources_1/bd/design_1/ipshared/bc4b/hdl/axi_register_slice_v2_1_vl_rfs.v:1492]
INFO: [Synth 8-6157] synthesizing module 'axi_register_slice_v2_1_36_axic_register_slice__parameterized1' [/home/chipwisperer/Documents/SNN/snn_accelerator_integration/snn_accelerator_integration.gen/sources_1/bd/design_1/ipshared/bc4b/hdl/axi_register_slice_v2_1_vl_rfs.v:1492]
INFO: [Synth 8-6155] done synthesizing module 'axi_register_slice_v2_1_36_axic_register_slice__parameterized1' (0#1) [/home/chipwisperer/Documents/SNN/snn_accelerator_integration/snn_accelerator_integration.gen/sources_1/bd/design_1/ipshared/bc4b/hdl/axi_register_slice_v2_1_vl_rfs.v:1492]
INFO: [Synth 8-6157] synthesizing module 'axi_register_slice_v2_1_36_axic_register_slice__parameterized2' [/home/chipwisperer/Documents/SNN/snn_accelerator_integration/snn_accelerator_integration.gen/sources_1/bd/design_1/ipshared/bc4b/hdl/axi_register_slice_v2_1_vl_rfs.v:1492]
INFO: [Synth 8-6155] done synthesizing module 'axi_register_slice_v2_1_36_axic_register_slice__parameterized2' (0#1) [/home/chipwisperer/Documents/SNN/snn_accelerator_integration/snn_accelerator_integration.gen/sources_1/bd/design_1/ipshared/bc4b/hdl/axi_register_slice_v2_1_vl_rfs.v:1492]
INFO: [Synth 8-6155] done synthesizing module 'axi_register_slice_v2_1_36_axi_register_slice' (0#1) [/home/chipwisperer/Documents/SNN/snn_accelerator_integration/snn_accelerator_integration.gen/sources_1/bd/design_1/ipshared/bc4b/hdl/axi_register_slice_v2_1_vl_rfs.v:3721]
INFO: [Synth 8-7071] port 'aclk2x' of module 'axi_register_slice_v2_1_36_axi_register_slice' is unconnected for instance 'reg_slice_mi' [/home/chipwisperer/Documents/SNN/snn_accelerator_integration/snn_accelerator_integration.gen/sources_1/bd/design_1/ipshared/f084/hdl/axi_crossbar_v2_1_vl_rfs.v:3116]
INFO: [Synth 8-7023] instance 'reg_slice_mi' of module 'axi_register_slice_v2_1_36_axi_register_slice' has 93 connections declared, but only 92 given [/home/chipwisperer/Documents/SNN/snn_accelerator_integration/snn_accelerator_integration.gen/sources_1/bd/design_1/ipshared/f084/hdl/axi_crossbar_v2_1_vl_rfs.v:3116]
INFO: [Synth 8-7071] port 'aclk2x' of module 'axi_register_slice_v2_1_36_axi_register_slice' is unconnected for instance 'reg_slice_mi' [/home/chipwisperer/Documents/SNN/snn_accelerator_integration/snn_accelerator_integration.gen/sources_1/bd/design_1/ipshared/f084/hdl/axi_crossbar_v2_1_vl_rfs.v:3116]
INFO: [Synth 8-7023] instance 'reg_slice_mi' of module 'axi_register_slice_v2_1_36_axi_register_slice' has 93 connections declared, but only 92 given [/home/chipwisperer/Documents/SNN/snn_accelerator_integration/snn_accelerator_integration.gen/sources_1/bd/design_1/ipshared/f084/hdl/axi_crossbar_v2_1_vl_rfs.v:3116]
INFO: [Synth 8-6157] synthesizing module 'axi_crossbar_v2_1_38_addr_decoder__parameterized2' [/home/chipwisperer/Documents/SNN/snn_accelerator_integration/snn_accelerator_integration.gen/sources_1/bd/design_1/ipshared/f084/hdl/axi_crossbar_v2_1_vl_rfs.v:790]
INFO: [Synth 8-6155] done synthesizing module 'axi_crossbar_v2_1_38_addr_decoder__parameterized2' (0#1) [/home/chipwisperer/Documents/SNN/snn_accelerator_integration/snn_accelerator_integration.gen/sources_1/bd/design_1/ipshared/f084/hdl/axi_crossbar_v2_1_vl_rfs.v:790]
INFO: [Synth 8-6157] synthesizing module 'axi_data_fifo_v2_1_36_axic_srl_fifo__parameterized2' [/home/chipwisperer/Documents/SNN/snn_accelerator_integration/snn_accelerator_integration.gen/sources_1/bd/design_1/ipshared/fb46/hdl/axi_data_fifo_v2_1_vl_rfs.v:694]
INFO: [Synth 8-6155] done synthesizing module 'axi_data_fifo_v2_1_36_axic_srl_fifo__parameterized2' (0#1) [/home/chipwisperer/Documents/SNN/snn_accelerator_integration/snn_accelerator_integration.gen/sources_1/bd/design_1/ipshared/fb46/hdl/axi_data_fifo_v2_1_vl_rfs.v:694]
INFO: [Synth 8-6157] synthesizing module 'axi_crossbar_v2_1_38_wdata_mux__parameterized0' [/home/chipwisperer/Documents/SNN/snn_accelerator_integration/snn_accelerator_integration.gen/sources_1/bd/design_1/ipshared/f084/hdl/axi_crossbar_v2_1_vl_rfs.v:4550]
INFO: [Synth 8-6157] synthesizing module 'axi_data_fifo_v2_1_36_axic_reg_srl_fifo__parameterized2' [/home/chipwisperer/Documents/SNN/snn_accelerator_integration/snn_accelerator_integration.gen/sources_1/bd/design_1/ipshared/fb46/hdl/axi_data_fifo_v2_1_vl_rfs.v:884]
INFO: [Synth 8-155] case statement is not full and has no default [/home/chipwisperer/Documents/SNN/snn_accelerator_integration/snn_accelerator_integration.gen/sources_1/bd/design_1/ipshared/fb46/hdl/axi_data_fifo_v2_1_vl_rfs.v:982]
INFO: [Synth 8-6155] done synthesizing module 'axi_data_fifo_v2_1_36_axic_reg_srl_fifo__parameterized2' (0#1) [/home/chipwisperer/Documents/SNN/snn_accelerator_integration/snn_accelerator_integration.gen/sources_1/bd/design_1/ipshared/fb46/hdl/axi_data_fifo_v2_1_vl_rfs.v:884]
INFO: [Synth 8-6155] done synthesizing module 'axi_crossbar_v2_1_38_wdata_mux__parameterized0' (0#1) [/home/chipwisperer/Documents/SNN/snn_accelerator_integration/snn_accelerator_integration.gen/sources_1/bd/design_1/ipshared/f084/hdl/axi_crossbar_v2_1_vl_rfs.v:4550]
INFO: [Synth 8-7071] port 'aclk2x' of module 'axi_register_slice_v2_1_36_axi_register_slice' is unconnected for instance 'reg_slice_mi' [/home/chipwisperer/Documents/SNN/snn_accelerator_integration/snn_accelerator_integration.gen/sources_1/bd/design_1/ipshared/f084/hdl/axi_crossbar_v2_1_vl_rfs.v:3116]
INFO: [Synth 8-7023] instance 'reg_slice_mi' of module 'axi_register_slice_v2_1_36_axi_register_slice' has 93 connections declared, but only 92 given [/home/chipwisperer/Documents/SNN/snn_accelerator_integration/snn_accelerator_integration.gen/sources_1/bd/design_1/ipshared/f084/hdl/axi_crossbar_v2_1_vl_rfs.v:3116]
INFO: [Synth 8-6157] synthesizing module 'axi_crossbar_v2_1_38_decerr_slave' [/home/chipwisperer/Documents/SNN/snn_accelerator_integration/snn_accelerator_integration.gen/sources_1/bd/design_1/ipshared/f084/hdl/axi_crossbar_v2_1_vl_rfs.v:3493]
INFO: [Synth 8-155] case statement is not full and has no default [/home/chipwisperer/Documents/SNN/snn_accelerator_integration/snn_accelerator_integration.gen/sources_1/bd/design_1/ipshared/f084/hdl/axi_crossbar_v2_1_vl_rfs.v:3626]
INFO: [Synth 8-6155] done synthesizing module 'axi_crossbar_v2_1_38_decerr_slave' (0#1) [/home/chipwisperer/Documents/SNN/snn_accelerator_integration/snn_accelerator_integration.gen/sources_1/bd/design_1/ipshared/f084/hdl/axi_crossbar_v2_1_vl_rfs.v:3493]
INFO: [Synth 8-6157] synthesizing module 'axi_crossbar_v2_1_38_addr_arbiter' [/home/chipwisperer/Documents/SNN/snn_accelerator_integration/snn_accelerator_integration.gen/sources_1/bd/design_1/ipshared/f084/hdl/axi_crossbar_v2_1_vl_rfs.v:420]
INFO: [Synth 8-6157] synthesizing module 'generic_baseblocks_v2_1_2_mux_enc__parameterized2' [/home/chipwisperer/Documents/SNN/snn_accelerator_integration/snn_accelerator_integration.gen/sources_1/bd/design_1/ipshared/0c28/hdl/generic_baseblocks_v2_1_vl_rfs.v:2436]
INFO: [Synth 8-6155] done synthesizing module 'generic_baseblocks_v2_1_2_mux_enc__parameterized2' (0#1) [/home/chipwisperer/Documents/SNN/snn_accelerator_integration/snn_accelerator_integration.gen/sources_1/bd/design_1/ipshared/0c28/hdl/generic_baseblocks_v2_1_vl_rfs.v:2436]
INFO: [Synth 8-6157] synthesizing module 'generic_baseblocks_v2_1_2_mux_enc__parameterized3' [/home/chipwisperer/Documents/SNN/snn_accelerator_integration/snn_accelerator_integration.gen/sources_1/bd/design_1/ipshared/0c28/hdl/generic_baseblocks_v2_1_vl_rfs.v:2436]
INFO: [Synth 8-6155] done synthesizing module 'generic_baseblocks_v2_1_2_mux_enc__parameterized3' (0#1) [/home/chipwisperer/Documents/SNN/snn_accelerator_integration/snn_accelerator_integration.gen/sources_1/bd/design_1/ipshared/0c28/hdl/generic_baseblocks_v2_1_vl_rfs.v:2436]
INFO: [Synth 8-6155] done synthesizing module 'axi_crossbar_v2_1_38_addr_arbiter' (0#1) [/home/chipwisperer/Documents/SNN/snn_accelerator_integration/snn_accelerator_integration.gen/sources_1/bd/design_1/ipshared/f084/hdl/axi_crossbar_v2_1_vl_rfs.v:420]
INFO: [Synth 8-6155] done synthesizing module 'axi_crossbar_v2_1_38_crossbar' (0#1) [/home/chipwisperer/Documents/SNN/snn_accelerator_integration/snn_accelerator_integration.gen/sources_1/bd/design_1/ipshared/f084/hdl/axi_crossbar_v2_1_vl_rfs.v:2232]
INFO: [Synth 8-6155] done synthesizing module 'axi_crossbar_v2_1_38_axi_crossbar' (0#1) [/home/chipwisperer/Documents/SNN/snn_accelerator_integration/snn_accelerator_integration.gen/sources_1/bd/design_1/ipshared/f084/hdl/axi_crossbar_v2_1_vl_rfs.v:4871]
INFO: [Synth 8-6155] done synthesizing module 'design_1_axi_mem_intercon_imp_xbar_0' (0#1) [/home/chipwisperer/Documents/SNN/snn_accelerator_integration/snn_accelerator_integration.gen/sources_1/bd/design_1/ip/design_1_axi_mem_intercon_imp_xbar_0/synth/design_1_axi_mem_intercon_imp_xbar_0.v:53]
INFO: [Synth 8-6014] Unused sequential element areset_d1_reg was removed.  [/home/chipwisperer/Documents/SNN/snn_accelerator_integration/snn_accelerator_integration.gen/sources_1/bd/design_1/ipshared/fb46/hdl/axi_data_fifo_v2_1_vl_rfs.v:747]
INFO: [Synth 8-6014] Unused sequential element S_READY_i_reg was removed.  [/home/chipwisperer/Documents/SNN/snn_accelerator_integration/snn_accelerator_integration.gen/sources_1/bd/design_1/ipshared/fb46/hdl/axi_data_fifo_v2_1_vl_rfs.v:786]
INFO: [Synth 8-6014] Unused sequential element gen_single_thread.gen_debug_r_single_thread.debug_r_beat_cnt_i_reg was removed.  [/home/chipwisperer/Documents/SNN/snn_accelerator_integration/snn_accelerator_integration.gen/sources_1/bd/design_1/ipshared/f084/hdl/axi_crossbar_v2_1_vl_rfs.v:4184]
INFO: [Synth 8-6014] Unused sequential element gen_single_thread.active_id_reg was removed.  [/home/chipwisperer/Documents/SNN/snn_accelerator_integration/snn_accelerator_integration.gen/sources_1/bd/design_1/ipshared/f084/hdl/axi_crossbar_v2_1_vl_rfs.v:4142]
INFO: [Synth 8-6014] Unused sequential element areset_d1_reg was removed.  [/home/chipwisperer/Documents/SNN/snn_accelerator_integration/snn_accelerator_integration.gen/sources_1/bd/design_1/ipshared/fb46/hdl/axi_data_fifo_v2_1_vl_rfs.v:747]
INFO: [Synth 8-6014] Unused sequential element S_READY_i_reg was removed.  [/home/chipwisperer/Documents/SNN/snn_accelerator_integration/snn_accelerator_integration.gen/sources_1/bd/design_1/ipshared/fb46/hdl/axi_data_fifo_v2_1_vl_rfs.v:786]
INFO: [Synth 8-6014] Unused sequential element gen_single_thread.gen_debug_r_single_thread.debug_r_beat_cnt_i_reg was removed.  [/home/chipwisperer/Documents/SNN/snn_accelerator_integration/snn_accelerator_integration.gen/sources_1/bd/design_1/ipshared/f084/hdl/axi_crossbar_v2_1_vl_rfs.v:4184]
INFO: [Synth 8-6014] Unused sequential element gen_single_thread.active_id_reg was removed.  [/home/chipwisperer/Documents/SNN/snn_accelerator_integration/snn_accelerator_integration.gen/sources_1/bd/design_1/ipshared/f084/hdl/axi_crossbar_v2_1_vl_rfs.v:4142]
INFO: [Synth 8-6014] Unused sequential element gen_single_thread.gen_debug_r_single_thread.debug_r_beat_cnt_i_reg was removed.  [/home/chipwisperer/Documents/SNN/snn_accelerator_integration/snn_accelerator_integration.gen/sources_1/bd/design_1/ipshared/f084/hdl/axi_crossbar_v2_1_vl_rfs.v:4184]
INFO: [Synth 8-6014] Unused sequential element gen_single_thread.active_id_reg was removed.  [/home/chipwisperer/Documents/SNN/snn_accelerator_integration/snn_accelerator_integration.gen/sources_1/bd/design_1/ipshared/f084/hdl/axi_crossbar_v2_1_vl_rfs.v:4142]
INFO: [Synth 8-6014] Unused sequential element gen_single_thread.gen_debug_r_single_thread.debug_r_beat_cnt_i_reg was removed.  [/home/chipwisperer/Documents/SNN/snn_accelerator_integration/snn_accelerator_integration.gen/sources_1/bd/design_1/ipshared/f084/hdl/axi_crossbar_v2_1_vl_rfs.v:4184]
INFO: [Synth 8-6014] Unused sequential element gen_single_thread.active_id_reg was removed.  [/home/chipwisperer/Documents/SNN/snn_accelerator_integration/snn_accelerator_integration.gen/sources_1/bd/design_1/ipshared/f084/hdl/axi_crossbar_v2_1_vl_rfs.v:4142]
INFO: [Synth 8-6014] Unused sequential element areset_d1_reg was removed.  [/home/chipwisperer/Documents/SNN/snn_accelerator_integration/snn_accelerator_integration.gen/sources_1/bd/design_1/ipshared/fb46/hdl/axi_data_fifo_v2_1_vl_rfs.v:747]
INFO: [Synth 8-6014] Unused sequential element S_READY_i_reg was removed.  [/home/chipwisperer/Documents/SNN/snn_accelerator_integration/snn_accelerator_integration.gen/sources_1/bd/design_1/ipshared/fb46/hdl/axi_data_fifo_v2_1_vl_rfs.v:786]
INFO: [Synth 8-6014] Unused sequential element s_ready_i_reg was removed.  [/home/chipwisperer/Documents/SNN/snn_accelerator_integration/snn_accelerator_integration.gen/sources_1/bd/design_1/ipshared/fb46/hdl/axi_data_fifo_v2_1_vl_rfs.v:1034]
INFO: [Synth 8-6014] Unused sequential element s_ready_i_reg was removed.  [/home/chipwisperer/Documents/SNN/snn_accelerator_integration/snn_accelerator_integration.gen/sources_1/bd/design_1/ipshared/fb46/hdl/axi_data_fifo_v2_1_vl_rfs.v:1034]
INFO: [Synth 8-6014] Unused sequential element gen_master_slots[0].gen_mi_write.gen_debug_w.debug_w_beat_cnt_i_reg was removed.  [/home/chipwisperer/Documents/SNN/snn_accelerator_integration/snn_accelerator_integration.gen/sources_1/bd/design_1/ipshared/f084/hdl/axi_crossbar_v2_1_vl_rfs.v:2991]
INFO: [Synth 8-6014] Unused sequential element gen_master_slots[1].gen_mi_write.gen_debug_w.debug_w_beat_cnt_i_reg was removed.  [/home/chipwisperer/Documents/SNN/snn_accelerator_integration/snn_accelerator_integration.gen/sources_1/bd/design_1/ipshared/f084/hdl/axi_crossbar_v2_1_vl_rfs.v:2991]
INFO: [Synth 8-6014] Unused sequential element gen_master_slots[2].gen_mi_write.gen_debug_w.debug_w_beat_cnt_i_reg was removed.  [/home/chipwisperer/Documents/SNN/snn_accelerator_integration/snn_accelerator_integration.gen/sources_1/bd/design_1/ipshared/f084/hdl/axi_crossbar_v2_1_vl_rfs.v:2991]
INFO: [Synth 8-7129] Port ACLK in module axi_register_slice_v2_1_36_axic_register_slice is either unconnected or has no load
INFO: [Synth 8-7129] Port ARESET in module axi_register_slice_v2_1_36_axic_register_slice is either unconnected or has no load
INFO: [Synth 8-7129] Port ACLK in module axi_register_slice_v2_1_36_axic_register_slice__parameterized0 is either unconnected or has no load
INFO: [Synth 8-7129] Port ARESET in module axi_register_slice_v2_1_36_axic_register_slice__parameterized0 is either unconnected or has no load
INFO: [Synth 8-7129] Port m_axi_buser[0] in module axi_infrastructure_v1_1_0_vector2axi is either unconnected or has no load
INFO: [Synth 8-7129] Port m_axi_ruser[0] in module axi_infrastructure_v1_1_0_vector2axi is either unconnected or has no load
INFO: [Synth 8-7129] Port s_axi_awregion[3] in module axi_infrastructure_v1_1_0_axi2vector is either unconnected or has no load
INFO: [Synth 8-7129] Port s_axi_awregion[2] in module axi_infrastructure_v1_1_0_axi2vector is either unconnected or has no load
INFO: [Synth 8-7129] Port s_axi_awregion[1] in module axi_infrastructure_v1_1_0_axi2vector is either unconnected or has no load
INFO: [Synth 8-7129] Port s_axi_awregion[0] in module axi_infrastructure_v1_1_0_axi2vector is either unconnected or has no load
INFO: [Synth 8-7129] Port s_axi_awuser[0] in module axi_infrastructure_v1_1_0_axi2vector is either unconnected or has no load
INFO: [Synth 8-7129] Port s_axi_wuser[0] in module axi_infrastructure_v1_1_0_axi2vector is either unconnected or has no load
INFO: [Synth 8-7129] Port s_axi_arregion[3] in module axi_infrastructure_v1_1_0_axi2vector is either unconnected or has no load
INFO: [Synth 8-7129] Port s_axi_arregion[2] in module axi_infrastructure_v1_1_0_axi2vector is either unconnected or has no load
INFO: [Synth 8-7129] Port s_axi_arregion[1] in module axi_infrastructure_v1_1_0_axi2vector is either unconnected or has no load
INFO: [Synth 8-7129] Port s_axi_arregion[0] in module axi_infrastructure_v1_1_0_axi2vector is either unconnected or has no load
INFO: [Synth 8-7129] Port s_axi_aruser[0] in module axi_infrastructure_v1_1_0_axi2vector is either unconnected or has no load
INFO: [Synth 8-7129] Port aclk2x in module axi_register_slice_v2_1_36_axi_register_slice is either unconnected or has no load
INFO: [Synth 8-7129] Port ADDR[1] in module axi_crossbar_v2_1_38_addr_decoder is either unconnected or has no load
INFO: [Synth 8-7129] Port ADDR[0] in module axi_crossbar_v2_1_38_addr_decoder is either unconnected or has no load
INFO: [Synth 8-7129] Port S_ABURST[1] in module axi_crossbar_v2_1_38_si_transactor__parameterized1 is either unconnected or has no load
INFO: [Synth 8-7129] Port S_ABURST[0] in module axi_crossbar_v2_1_38_si_transactor__parameterized1 is either unconnected or has no load
INFO: [Synth 8-7129] Port S_ABURST[1] in module axi_crossbar_v2_1_38_si_transactor__parameterized0 is either unconnected or has no load
INFO: [Synth 8-7129] Port S_ABURST[0] in module axi_crossbar_v2_1_38_si_transactor__parameterized0 is either unconnected or has no load
INFO: [Synth 8-7129] Port S_ABURST[1] in module axi_crossbar_v2_1_38_si_transactor__parameterized3 is either unconnected or has no load
INFO: [Synth 8-7129] Port S_ABURST[0] in module axi_crossbar_v2_1_38_si_transactor__parameterized3 is either unconnected or has no load
INFO: [Synth 8-7129] Port S_ABURST[1] in module axi_crossbar_v2_1_38_si_transactor is either unconnected or has no load
INFO: [Synth 8-7129] Port S_ABURST[0] in module axi_crossbar_v2_1_38_si_transactor is either unconnected or has no load
INFO: [Synth 8-7129] Port S_AXI_AWID[23] in module axi_crossbar_v2_1_38_crossbar is either unconnected or has no load
INFO: [Synth 8-7129] Port S_AXI_AWID[22] in module axi_crossbar_v2_1_38_crossbar is either unconnected or has no load
INFO: [Synth 8-7129] Port S_AXI_AWID[21] in module axi_crossbar_v2_1_38_crossbar is either unconnected or has no load
INFO: [Synth 8-7129] Port S_AXI_AWID[20] in module axi_crossbar_v2_1_38_crossbar is either unconnected or has no load
INFO: [Synth 8-7129] Port S_AXI_AWID[19] in module axi_crossbar_v2_1_38_crossbar is either unconnected or has no load
INFO: [Synth 8-7129] Port S_AXI_AWID[18] in module axi_crossbar_v2_1_38_crossbar is either unconnected or has no load
INFO: [Synth 8-7129] Port S_AXI_AWID[17] in module axi_crossbar_v2_1_38_crossbar is either unconnected or has no load
INFO: [Synth 8-7129] Port S_AXI_AWID[16] in module axi_crossbar_v2_1_38_crossbar is either unconnected or has no load
INFO: [Synth 8-7129] Port S_AXI_AWID[15] in module axi_crossbar_v2_1_38_crossbar is either unconnected or has no load
INFO: [Synth 8-7129] Port S_AXI_AWID[14] in module axi_crossbar_v2_1_38_crossbar is either unconnected or has no load
INFO: [Synth 8-7129] Port S_AXI_AWID[13] in module axi_crossbar_v2_1_38_crossbar is either unconnected or has no load
INFO: [Synth 8-7129] Port S_AXI_AWID[12] in module axi_crossbar_v2_1_38_crossbar is either unconnected or has no load
INFO: [Synth 8-7129] Port S_AXI_AWID[11] in module axi_crossbar_v2_1_38_crossbar is either unconnected or has no load
INFO: [Synth 8-7129] Port S_AXI_AWID[10] in module axi_crossbar_v2_1_38_crossbar is either unconnected or has no load
INFO: [Synth 8-7129] Port S_AXI_AWID[9] in module axi_crossbar_v2_1_38_crossbar is either unconnected or has no load
INFO: [Synth 8-7129] Port S_AXI_AWID[8] in module axi_crossbar_v2_1_38_crossbar is either unconnected or has no load
INFO: [Synth 8-7129] Port S_AXI_AWID[7] in module axi_crossbar_v2_1_38_crossbar is either unconnected or has no load
INFO: [Synth 8-7129] Port S_AXI_AWID[6] in module axi_crossbar_v2_1_38_crossbar is either unconnected or has no load
INFO: [Synth 8-7129] Port S_AXI_AWID[5] in module axi_crossbar_v2_1_38_crossbar is either unconnected or has no load
INFO: [Synth 8-7129] Port S_AXI_AWID[4] in module axi_crossbar_v2_1_38_crossbar is either unconnected or has no load
INFO: [Synth 8-7129] Port S_AXI_AWID[3] in module axi_crossbar_v2_1_38_crossbar is either unconnected or has no load
INFO: [Synth 8-7129] Port S_AXI_AWID[2] in module axi_crossbar_v2_1_38_crossbar is either unconnected or has no load
INFO: [Synth 8-7129] Port S_AXI_AWID[1] in module axi_crossbar_v2_1_38_crossbar is either unconnected or has no load
INFO: [Synth 8-7129] Port S_AXI_AWID[0] in module axi_crossbar_v2_1_38_crossbar is either unconnected or has no load
INFO: [Synth 8-7129] Port S_AXI_AWADDR[191] in module axi_crossbar_v2_1_38_crossbar is either unconnected or has no load
INFO: [Synth 8-7129] Port S_AXI_AWADDR[190] in module axi_crossbar_v2_1_38_crossbar is either unconnected or has no load
INFO: [Synth 8-7129] Port S_AXI_AWADDR[189] in module axi_crossbar_v2_1_38_crossbar is either unconnected or has no load
INFO: [Synth 8-7129] Port S_AXI_AWADDR[188] in module axi_crossbar_v2_1_38_crossbar is either unconnected or has no load
INFO: [Synth 8-7129] Port S_AXI_AWADDR[187] in module axi_crossbar_v2_1_38_crossbar is either unconnected or has no load
INFO: [Synth 8-7129] Port S_AXI_AWADDR[186] in module axi_crossbar_v2_1_38_crossbar is either unconnected or has no load
INFO: [Synth 8-7129] Port S_AXI_AWADDR[185] in module axi_crossbar_v2_1_38_crossbar is either unconnected or has no load
INFO: [Synth 8-7129] Port S_AXI_AWADDR[184] in module axi_crossbar_v2_1_38_crossbar is either unconnected or has no load
INFO: [Synth 8-7129] Port S_AXI_AWADDR[183] in module axi_crossbar_v2_1_38_crossbar is either unconnected or has no load
INFO: [Synth 8-7129] Port S_AXI_AWADDR[182] in module axi_crossbar_v2_1_38_crossbar is either unconnected or has no load
INFO: [Synth 8-7129] Port S_AXI_AWADDR[181] in module axi_crossbar_v2_1_38_crossbar is either unconnected or has no load
INFO: [Synth 8-7129] Port S_AXI_AWADDR[180] in module axi_crossbar_v2_1_38_crossbar is either unconnected or has no load
INFO: [Synth 8-7129] Port S_AXI_AWADDR[179] in module axi_crossbar_v2_1_38_crossbar is either unconnected or has no load
INFO: [Synth 8-7129] Port S_AXI_AWADDR[178] in module axi_crossbar_v2_1_38_crossbar is either unconnected or has no load
INFO: [Synth 8-7129] Port S_AXI_AWADDR[177] in module axi_crossbar_v2_1_38_crossbar is either unconnected or has no load
INFO: [Synth 8-7129] Port S_AXI_AWADDR[176] in module axi_crossbar_v2_1_38_crossbar is either unconnected or has no load
INFO: [Synth 8-7129] Port S_AXI_AWADDR[175] in module axi_crossbar_v2_1_38_crossbar is either unconnected or has no load
INFO: [Synth 8-7129] Port S_AXI_AWADDR[174] in module axi_crossbar_v2_1_38_crossbar is either unconnected or has no load
INFO: [Synth 8-7129] Port S_AXI_AWADDR[173] in module axi_crossbar_v2_1_38_crossbar is either unconnected or has no load
INFO: [Synth 8-7129] Port S_AXI_AWADDR[172] in module axi_crossbar_v2_1_38_crossbar is either unconnected or has no load
INFO: [Synth 8-7129] Port S_AXI_AWADDR[171] in module axi_crossbar_v2_1_38_crossbar is either unconnected or has no load
INFO: [Synth 8-7129] Port S_AXI_AWADDR[170] in module axi_crossbar_v2_1_38_crossbar is either unconnected or has no load
INFO: [Synth 8-7129] Port S_AXI_AWADDR[169] in module axi_crossbar_v2_1_38_crossbar is either unconnected or has no load
INFO: [Synth 8-7129] Port S_AXI_AWADDR[168] in module axi_crossbar_v2_1_38_crossbar is either unconnected or has no load
INFO: [Synth 8-7129] Port S_AXI_AWADDR[167] in module axi_crossbar_v2_1_38_crossbar is either unconnected or has no load
INFO: [Synth 8-7129] Port S_AXI_AWADDR[166] in module axi_crossbar_v2_1_38_crossbar is either unconnected or has no load
INFO: [Synth 8-7129] Port S_AXI_AWADDR[165] in module axi_crossbar_v2_1_38_crossbar is either unconnected or has no load
INFO: [Synth 8-7129] Port S_AXI_AWADDR[164] in module axi_crossbar_v2_1_38_crossbar is either unconnected or has no load
INFO: [Synth 8-7129] Port S_AXI_AWADDR[163] in module axi_crossbar_v2_1_38_crossbar is either unconnected or has no load
INFO: [Synth 8-7129] Port S_AXI_AWADDR[162] in module axi_crossbar_v2_1_38_crossbar is either unconnected or has no load
INFO: [Synth 8-7129] Port S_AXI_AWADDR[161] in module axi_crossbar_v2_1_38_crossbar is either unconnected or has no load
INFO: [Synth 8-7129] Port S_AXI_AWADDR[160] in module axi_crossbar_v2_1_38_crossbar is either unconnected or has no load
INFO: [Synth 8-7129] Port S_AXI_AWADDR[95] in module axi_crossbar_v2_1_38_crossbar is either unconnected or has no load
INFO: [Synth 8-7129] Port S_AXI_AWADDR[94] in module axi_crossbar_v2_1_38_crossbar is either unconnected or has no load
INFO: [Synth 8-7129] Port S_AXI_AWADDR[93] in module axi_crossbar_v2_1_38_crossbar is either unconnected or has no load
INFO: [Synth 8-7129] Port S_AXI_AWADDR[92] in module axi_crossbar_v2_1_38_crossbar is either unconnected or has no load
INFO: [Synth 8-7129] Port S_AXI_AWADDR[91] in module axi_crossbar_v2_1_38_crossbar is either unconnected or has no load
INFO: [Synth 8-7129] Port S_AXI_AWADDR[90] in module axi_crossbar_v2_1_38_crossbar is either unconnected or has no load
INFO: [Synth 8-7129] Port S_AXI_AWADDR[89] in module axi_crossbar_v2_1_38_crossbar is either unconnected or has no load
INFO: [Synth 8-7129] Port S_AXI_AWADDR[88] in module axi_crossbar_v2_1_38_crossbar is either unconnected or has no load
INFO: [Synth 8-7129] Port S_AXI_AWADDR[87] in module axi_crossbar_v2_1_38_crossbar is either unconnected or has no load
INFO: [Synth 8-7129] Port S_AXI_AWADDR[86] in module axi_crossbar_v2_1_38_crossbar is either unconnected or has no load
INFO: [Synth 8-7129] Port S_AXI_AWADDR[85] in module axi_crossbar_v2_1_38_crossbar is either unconnected or has no load
INFO: [Synth 8-7129] Port S_AXI_AWADDR[84] in module axi_crossbar_v2_1_38_crossbar is either unconnected or has no load
INFO: [Synth 8-7129] Port S_AXI_AWADDR[83] in module axi_crossbar_v2_1_38_crossbar is either unconnected or has no load
INFO: [Synth 8-7129] Port S_AXI_AWADDR[82] in module axi_crossbar_v2_1_38_crossbar is either unconnected or has no load
INFO: [Synth 8-7129] Port S_AXI_AWADDR[81] in module axi_crossbar_v2_1_38_crossbar is either unconnected or has no load
INFO: [Synth 8-7129] Port S_AXI_AWADDR[80] in module axi_crossbar_v2_1_38_crossbar is either unconnected or has no load
INFO: [Common 17-14] Message 'Synth 8-7129' appears 100 times and further instances of the messages will be disabled. Use the Tcl command set_msg_config to change the current settings.
---------------------------------------------------------------------------------
Finished RTL Elaboration : Time (s): cpu = 00:00:21 ; elapsed = 00:00:23 . Memory (MB): peak = 2482.648 ; gain = 710.531 ; free physical = 3779 ; free virtual = 45089
---------------------------------------------------------------------------------
---------------------------------------------------------------------------------
Start Handling Custom Attributes
---------------------------------------------------------------------------------
---------------------------------------------------------------------------------
Finished Handling Custom Attributes : Time (s): cpu = 00:00:21 ; elapsed = 00:00:23 . Memory (MB): peak = 2482.648 ; gain = 710.531 ; free physical = 3802 ; free virtual = 45111
---------------------------------------------------------------------------------
---------------------------------------------------------------------------------
Finished RTL Optimization Phase 1 : Time (s): cpu = 00:00:21 ; elapsed = 00:00:23 . Memory (MB): peak = 2482.648 ; gain = 710.531 ; free physical = 3802 ; free virtual = 45111
---------------------------------------------------------------------------------
Netlist sorting complete. Time (s): cpu = 00:00:00.15 ; elapsed = 00:00:00.15 . Memory (MB): peak = 2482.648 ; gain = 0.000 ; free physical = 3827 ; free virtual = 45136
INFO: [Project 1-570] Preparing netlist for logic optimization

Processing XDC Constraints
Initializing timing engine
Parsing XDC File [/home/chipwisperer/Documents/SNN/snn_accelerator_integration/snn_accelerator_integration.gen/sources_1/bd/design_1/ip/design_1_axi_mem_intercon_imp_xbar_0/design_1_axi_mem_intercon_imp_xbar_0_ooc.xdc] for cell 'inst'
Finished Parsing XDC File [/home/chipwisperer/Documents/SNN/snn_accelerator_integration/snn_accelerator_integration.gen/sources_1/bd/design_1/ip/design_1_axi_mem_intercon_imp_xbar_0/design_1_axi_mem_intercon_imp_xbar_0_ooc.xdc] for cell 'inst'
Parsing XDC File [/home/chipwisperer/Documents/SNN/snn_accelerator_integration/snn_accelerator_integration.runs/design_1_axi_mem_intercon_imp_xbar_0_synth_1/dont_touch.xdc]
Finished Parsing XDC File [/home/chipwisperer/Documents/SNN/snn_accelerator_integration/snn_accelerator_integration.runs/design_1_axi_mem_intercon_imp_xbar_0_synth_1/dont_touch.xdc]
Completed Processing XDC Constraints

Netlist sorting complete. Time (s): cpu = 00:00:00 ; elapsed = 00:00:00 . Memory (MB): peak = 2547.145 ; gain = 0.000 ; free physical = 3936 ; free virtual = 45246
INFO: [Project 1-111] Unisim Transformation Summary:
No Unisim elements were transformed.

Constraint Validation Runtime : Time (s): cpu = 00:00:00.23 ; elapsed = 00:00:00.15 . Memory (MB): peak = 2547.180 ; gain = 0.000 ; free physical = 3940 ; free virtual = 45250
INFO: [Designutils 20-5008] Incremental synthesis strategy off
---------------------------------------------------------------------------------
Finished Constraint Validation : Time (s): cpu = 00:00:35 ; elapsed = 00:00:37 . Memory (MB): peak = 2547.180 ; gain = 775.062 ; free physical = 3891 ; free virtual = 45208
---------------------------------------------------------------------------------
---------------------------------------------------------------------------------
Start Loading Part and Timing Information
---------------------------------------------------------------------------------
Loading part: xc7z020clg400-1
---------------------------------------------------------------------------------
Finished Loading Part and Timing Information : Time (s): cpu = 00:00:35 ; elapsed = 00:00:37 . Memory (MB): peak = 2555.148 ; gain = 783.031 ; free physical = 3891 ; free virtual = 45208
---------------------------------------------------------------------------------
---------------------------------------------------------------------------------
Start Applying 'set_property' XDC Constraints
---------------------------------------------------------------------------------
---------------------------------------------------------------------------------
Finished applying 'set_property' XDC Constraints : Time (s): cpu = 00:00:35 ; elapsed = 00:00:37 . Memory (MB): peak = 2555.148 ; gain = 783.031 ; free physical = 3892 ; free virtual = 45209
---------------------------------------------------------------------------------
INFO: [Synth 8-802] inferred FSM for state register 'state_reg' in module 'axi_data_fifo_v2_1_36_axic_reg_srl_fifo'
INFO: [Synth 8-802] inferred FSM for state register 'state_reg' in module 'axi_data_fifo_v2_1_36_axic_reg_srl_fifo__parameterized0'
INFO: [Synth 8-802] inferred FSM for state register 'state_reg' in module 'axi_data_fifo_v2_1_36_axic_reg_srl_fifo__parameterized1'
INFO: [Synth 8-802] inferred FSM for state register 'state_reg' in module 'axi_data_fifo_v2_1_36_axic_reg_srl_fifo__parameterized2'
INFO: [Synth 8-802] inferred FSM for state register 'gen_axi.write_cs_reg' in module 'axi_crossbar_v2_1_38_decerr_slave'
---------------------------------------------------------------------------------------------------
                   State |                     New Encoding |                Previous Encoding 
---------------------------------------------------------------------------------------------------
                    ZERO |                              100 |                               10
                     ONE |                              010 |                               11
                     TWO |                              001 |                               01
---------------------------------------------------------------------------------------------------
INFO: [Synth 8-3354] encoded FSM with state register 'state_reg' using encoding 'one-hot' in module 'axi_data_fifo_v2_1_36_axic_reg_srl_fifo'
---------------------------------------------------------------------------------------------------
                   State |                     New Encoding |                Previous Encoding 
---------------------------------------------------------------------------------------------------
                    ZERO |                              100 |                               10
                     ONE |                              010 |                               11
                     TWO |                              001 |                               01
---------------------------------------------------------------------------------------------------
INFO: [Synth 8-3354] encoded FSM with state register 'state_reg' using encoding 'one-hot' in module 'axi_data_fifo_v2_1_36_axic_reg_srl_fifo__parameterized0'
---------------------------------------------------------------------------------------------------
                   State |                     New Encoding |                Previous Encoding 
---------------------------------------------------------------------------------------------------
                    ZERO |                              100 |                               10
                     ONE |                              010 |                               11
                     TWO |                              001 |                               01
---------------------------------------------------------------------------------------------------
INFO: [Synth 8-3354] encoded FSM with state register 'state_reg' using encoding 'one-hot' in module 'axi_data_fifo_v2_1_36_axic_reg_srl_fifo__parameterized1'
---------------------------------------------------------------------------------------------------
                   State |                     New Encoding |                Previous Encoding 
---------------------------------------------------------------------------------------------------
                    ZERO |                              100 |                               10
                     ONE |                              010 |                               11
                     TWO |                              001 |                               01
---------------------------------------------------------------------------------------------------
INFO: [Synth 8-3354] encoded FSM with state register 'state_reg' using encoding 'one-hot' in module 'axi_data_fifo_v2_1_36_axic_reg_srl_fifo__parameterized2'
---------------------------------------------------------------------------------------------------
                   State |                     New Encoding |                Previous Encoding 
---------------------------------------------------------------------------------------------------
            P_WRITE_IDLE |                              001 |                               00
            P_WRITE_DATA |                              010 |                               01
            P_WRITE_RESP |                              100 |                               10
---------------------------------------------------------------------------------------------------
INFO: [Synth 8-3354] encoded FSM with state register 'gen_axi.write_cs_reg' using encoding 'one-hot' in module 'axi_crossbar_v2_1_38_decerr_slave'
---------------------------------------------------------------------------------
Finished RTL Optimization Phase 2 : Time (s): cpu = 00:00:37 ; elapsed = 00:00:39 . Memory (MB): peak = 2555.148 ; gain = 783.031 ; free physical = 3798 ; free virtual = 45116
---------------------------------------------------------------------------------
---------------------------------------------------------------------------------
Start RTL Component Statistics 
---------------------------------------------------------------------------------
Detailed RTL Component Info : 
+---Adders : 
	   2 Input    8 Bit       Adders := 3     
	   2 Input    5 Bit       Adders := 10    
	   2 Input    4 Bit       Adders := 6     
	   2 Input    3 Bit       Adders := 6     
	   2 Input    2 Bit       Adders := 21    
	   2 Input    1 Bit       Adders := 4     
+---XORs : 
	   2 Input      1 Bit         XORs := 22    
+---Registers : 
	               70 Bit    Registers := 6     
	               66 Bit    Registers := 2     
	                8 Bit    Registers := 17    
	                5 Bit    Registers := 13    
	                4 Bit    Registers := 13    
	                3 Bit    Registers := 24    
	                2 Bit    Registers := 45    
	                1 Bit    Registers := 58    
+---Muxes : 
	   2 Input   70 Bit        Muxes := 6     
	   2 Input    8 Bit        Muxes := 7     
	   2 Input    4 Bit        Muxes := 4     
	   2 Input    3 Bit        Muxes := 40    
	   3 Input    3 Bit        Muxes := 8     
	   2 Input    2 Bit        Muxes := 62    
	   2 Input    1 Bit        Muxes := 213   
	   3 Input    1 Bit        Muxes := 32    
---------------------------------------------------------------------------------
Finished RTL Component Statistics 
---------------------------------------------------------------------------------
---------------------------------------------------------------------------------
Start Part Resource Summary
---------------------------------------------------------------------------------
Part Resources:
DSPs: 220 (col length:60)
BRAMs: 280 (col length: RAMB18 60 RAMB36 30)
---------------------------------------------------------------------------------
Finished Part Resource Summary
---------------------------------------------------------------------------------
---------------------------------------------------------------------------------
Start Cross Boundary and Area Optimization
---------------------------------------------------------------------------------
---------------------------------------------------------------------------------
Finished Cross Boundary and Area Optimization : Time (s): cpu = 00:00:52 ; elapsed = 00:00:54 . Memory (MB): peak = 2555.148 ; gain = 783.031 ; free physical = 3100 ; free virtual = 44426
---------------------------------------------------------------------------------
---------------------------------------------------------------------------------
Start Applying XDC Timing Constraints
---------------------------------------------------------------------------------
---------------------------------------------------------------------------------
Finished Applying XDC Timing Constraints : Time (s): cpu = 00:01:02 ; elapsed = 00:01:04 . Memory (MB): peak = 2565.148 ; gain = 793.031 ; free physical = 10525 ; free virtual = 51859
---------------------------------------------------------------------------------
---------------------------------------------------------------------------------
Start Timing Optimization
---------------------------------------------------------------------------------
---------------------------------------------------------------------------------
Finished Timing Optimization : Time (s): cpu = 00:01:06 ; elapsed = 00:01:08 . Memory (MB): peak = 2600.195 ; gain = 828.078 ; free physical = 9648 ; free virtual = 50982
---------------------------------------------------------------------------------
---------------------------------------------------------------------------------
Start Technology Mapping
---------------------------------------------------------------------------------
---------------------------------------------------------------------------------
Finished Technology Mapping : Time (s): cpu = 00:01:09 ; elapsed = 00:01:11 . Memory (MB): peak = 2608.203 ; gain = 836.086 ; free physical = 8987 ; free virtual = 50321
---------------------------------------------------------------------------------
---------------------------------------------------------------------------------
Start IO Insertion
---------------------------------------------------------------------------------
---------------------------------------------------------------------------------
Start Flattening Before IO Insertion
---------------------------------------------------------------------------------
---------------------------------------------------------------------------------
Finished Flattening Before IO Insertion
---------------------------------------------------------------------------------
---------------------------------------------------------------------------------
Start Final Netlist Cleanup
---------------------------------------------------------------------------------
---------------------------------------------------------------------------------
Finished Final Netlist Cleanup
---------------------------------------------------------------------------------
---------------------------------------------------------------------------------
Finished IO Insertion : Time (s): cpu = 00:01:17 ; elapsed = 00:01:21 . Memory (MB): peak = 2759.016 ; gain = 986.898 ; free physical = 10641 ; free virtual = 51979
---------------------------------------------------------------------------------
---------------------------------------------------------------------------------
Start Renaming Generated Instances
---------------------------------------------------------------------------------
---------------------------------------------------------------------------------
Finished Renaming Generated Instances : Time (s): cpu = 00:01:17 ; elapsed = 00:01:21 . Memory (MB): peak = 2759.016 ; gain = 986.898 ; free physical = 10641 ; free virtual = 51979
---------------------------------------------------------------------------------
---------------------------------------------------------------------------------
Start Rebuilding User Hierarchy
---------------------------------------------------------------------------------
---------------------------------------------------------------------------------
Finished Rebuilding User Hierarchy : Time (s): cpu = 00:01:17 ; elapsed = 00:01:22 . Memory (MB): peak = 2759.016 ; gain = 986.898 ; free physical = 10612 ; free virtual = 51950
---------------------------------------------------------------------------------
---------------------------------------------------------------------------------
Start Renaming Generated Ports
---------------------------------------------------------------------------------
---------------------------------------------------------------------------------
Finished Renaming Generated Ports : Time (s): cpu = 00:01:17 ; elapsed = 00:01:22 . Memory (MB): peak = 2759.016 ; gain = 986.898 ; free physical = 10612 ; free virtual = 51950
---------------------------------------------------------------------------------
---------------------------------------------------------------------------------
Start Handling Custom Attributes
---------------------------------------------------------------------------------
---------------------------------------------------------------------------------
Finished Handling Custom Attributes : Time (s): cpu = 00:01:17 ; elapsed = 00:01:22 . Memory (MB): peak = 2759.016 ; gain = 986.898 ; free physical = 10612 ; free virtual = 51950
---------------------------------------------------------------------------------
---------------------------------------------------------------------------------
Start Renaming Generated Nets
---------------------------------------------------------------------------------
---------------------------------------------------------------------------------
Finished Renaming Generated Nets : Time (s): cpu = 00:01:17 ; elapsed = 00:01:22 . Memory (MB): peak = 2759.016 ; gain = 986.898 ; free physical = 10611 ; free virtual = 51949
---------------------------------------------------------------------------------
---------------------------------------------------------------------------------
Start Writing Synthesis Report
---------------------------------------------------------------------------------

Report BlackBoxes: 
+-+--------------+----------+
| |BlackBox name |Instances |
+-+--------------+----------+
+-+--------------+----------+

Report Cell Usage: 
+------+--------+------+
|      |Cell    |Count |
+------+--------+------+
|1     |LUT1    |    14|
|2     |LUT2    |    55|
|3     |LUT3    |   254|
|4     |LUT4    |   349|
|5     |LUT5    |   485|
|6     |LUT6    |   626|
|7     |MUXF7   |    53|
|8     |SRLC32E |    19|
|9     |FDRE    |   655|
|10    |FDSE    |    36|
+------+--------+------+
---------------------------------------------------------------------------------
Finished Writing Synthesis Report : Time (s): cpu = 00:01:17 ; elapsed = 00:01:22 . Memory (MB): peak = 2759.016 ; gain = 986.898 ; free physical = 10611 ; free virtual = 51949
---------------------------------------------------------------------------------
Synthesis finished with 0 errors, 0 critical warnings and 0 warnings.
Synthesis Optimization Runtime : Time (s): cpu = 00:01:12 ; elapsed = 00:01:17 . Memory (MB): peak = 2759.016 ; gain = 922.367 ; free physical = 10594 ; free virtual = 51933
Synthesis Optimization Complete : Time (s): cpu = 00:01:17 ; elapsed = 00:01:22 . Memory (MB): peak = 2759.023 ; gain = 986.898 ; free physical = 10594 ; free virtual = 51933
INFO: [Project 1-571] Translating synthesized netlist
Netlist sorting complete. Time (s): cpu = 00:00:00.06 ; elapsed = 00:00:00.07 . Memory (MB): peak = 2759.023 ; gain = 0.000 ; free physical = 10608 ; free virtual = 51946
INFO: [Netlist 29-17] Analyzing 53 Unisim elements for replacement
INFO: [Netlist 29-28] Unisim Transformation completed in 0 CPU seconds
INFO: [Project 1-570] Preparing netlist for logic optimization
INFO: [Opt 31-138] Pushed 0 inverter(s) to 0 load pin(s).
Netlist sorting complete. Time (s): cpu = 00:00:00 ; elapsed = 00:00:00 . Memory (MB): peak = 2815.043 ; gain = 0.000 ; free physical = 9925 ; free virtual = 51268
INFO: [Project 1-111] Unisim Transformation Summary:
No Unisim elements were transformed.

Synth Design complete | Checksum: d1bcab2c
INFO: [Common 17-83] Releasing license: Synthesis
265 Infos, 0 Warnings, 0 Critical Warnings and 0 Errors encountered.
synth_design completed successfully
synth_design: Time (s): cpu = 00:01:33 ; elapsed = 00:01:32 . Memory (MB): peak = 2815.078 ; gain = 1242.508 ; free physical = 9753 ; free virtual = 51092
INFO: [Common 17-2834] synth_design peak Physical Memory [PSS] (MB): overall = 1902.857; main = 1690.322; forked = 212.535
INFO: [Common 17-2834] synth_design peak Virtual Memory [VSS] (MB): overall = 3722.199; main = 2815.047; forked = 993.992
Write ShapeDB Complete: Time (s): cpu = 00:00:00.01 ; elapsed = 00:00:00.01 . Memory (MB): peak = 2839.055 ; gain = 0.000 ; free physical = 9724 ; free virtual = 51064
INFO: [Common 17-1381] The checkpoint '/home/chipwisperer/Documents/SNN/snn_accelerator_integration/snn_accelerator_integration.runs/design_1_axi_mem_intercon_imp_xbar_0_synth_1/design_1_axi_mem_intercon_imp_xbar_0.dcp' has been generated.
INFO: [Coretcl 2-1648] Added synthesis output to IP cache for IP design_1_axi_mem_intercon_imp_xbar_0, cache-ID = 29cb449007a21199
INFO: [Coretcl 2-1174] Renamed 68 cell refs.
Write ShapeDB Complete: Time (s): cpu = 00:00:00.02 ; elapsed = 00:00:00.01 . Memory (MB): peak = 2839.055 ; gain = 0.000 ; free physical = 9691 ; free virtual = 51039
INFO: [Common 17-1381] The checkpoint '/home/chipwisperer/Documents/SNN/snn_accelerator_integration/snn_accelerator_integration.runs/design_1_axi_mem_intercon_imp_xbar_0_synth_1/design_1_axi_mem_intercon_imp_xbar_0.dcp' has been generated.
INFO: [Vivado 12-24828] Executing command : report_utilization -file design_1_axi_mem_intercon_imp_xbar_0_utilization_synth.rpt -pb design_1_axi_mem_intercon_imp_xbar_0_utilization_synth.pb
INFO: [Common 17-206] Exiting Vivado at Tue Jul 21 15:54:22 2026...
