
*** Running vivado
    with args -log design_1_wrapper.vdi -applog -m64 -product Vivado -messageDb vivado.pb -mode batch -source design_1_wrapper.tcl -notrace


****** Vivado v2025.2 (64-bit)
  **** SW Build 6299465 on Fri Nov 14 12:34:56 MST 2025
  **** IP Build 6300035 on Fri Nov 14 10:48:45 MST 2025
  **** SharedData Build 6298862 on Thu Nov 13 04:50:51 MST 2025
  **** Start of session at: Tue Jul 21 16:17:31 2026
    ** Copyright 1986-2022 Xilinx, Inc. All Rights Reserved.
    ** Copyright 2022-2025 Advanced Micro Devices, Inc. All Rights Reserved.

source design_1_wrapper.tcl -notrace
INFO: [IP_Flow 19-234] Refreshing IP repositories
INFO: [IP_Flow 19-1700] Loaded user IP repository '/home/chipwisperer/Documents/SNN/Event-Driven-Spiking-Neural-Network-Accelerator-for-FPGA/hardware/ip_repo/snn_top_hls_1_0'.
INFO: [IP_Flow 19-2313] Loaded Vivado IP repository '/home/chipwisperer/AMD/2025.2/data/ip'.
add_files: Time (s): cpu = 00:00:05 ; elapsed = 00:00:05 . Memory (MB): peak = 1620.434 ; gain = 0.000 ; free physical = 15623 ; free virtual = 57021
Command: link_design -top design_1_wrapper -part xc7z020clg400-1
Design is defaulting to srcset: sources_1
Design is defaulting to constrset: constrs_1
INFO: [Device 21-403] Loading part xc7z020clg400-1
INFO: [Project 1-5699] Read binary netlist with skipMacroContent - 1
INFO: [Project 1-454] Reading design checkpoint '/home/chipwisperer/Documents/SNN/snn_accelerator_integration/snn_accelerator_integration.gen/sources_1/bd/design_1/ip/design_1_axi_dma_0_0/design_1_axi_dma_0_0.dcp' for cell 'design_1_i/axi_dma_0'
INFO: [Project 1-454] Reading design checkpoint '/home/chipwisperer/Documents/SNN/snn_accelerator_integration/snn_accelerator_integration.gen/sources_1/bd/design_1/ip/design_1_axi_dma_1_0/design_1_axi_dma_1_0.dcp' for cell 'design_1_i/axi_dma_1'
INFO: [Project 1-454] Reading design checkpoint '/home/chipwisperer/Documents/SNN/snn_accelerator_integration/snn_accelerator_integration.gen/sources_1/bd/design_1/ip/design_1_axi_dma_2_0/design_1_axi_dma_2_0.dcp' for cell 'design_1_i/axi_dma_2'
INFO: [Project 1-454] Reading design checkpoint '/home/chipwisperer/Documents/SNN/snn_accelerator_integration/snn_accelerator_integration.gen/sources_1/bd/design_1/ip/design_1_axi_smc_0/design_1_axi_smc_0.dcp' for cell 'design_1_i/axi_smc'
INFO: [Project 1-454] Reading design checkpoint '/home/chipwisperer/Documents/SNN/snn_accelerator_integration/snn_accelerator_integration.gen/sources_1/bd/design_1/ip/design_1_processing_system7_0_0/design_1_processing_system7_0_0.dcp' for cell 'design_1_i/processing_system7_0'
INFO: [Project 1-454] Reading design checkpoint '/home/chipwisperer/Documents/SNN/snn_accelerator_integration/snn_accelerator_integration.gen/sources_1/bd/design_1/ip/design_1_rst_ps7_0_100M_0/design_1_rst_ps7_0_100M_0.dcp' for cell 'design_1_i/rst_ps7_0_100M'
INFO: [Project 1-454] Reading design checkpoint '/home/chipwisperer/Documents/SNN/snn_accelerator_integration/snn_accelerator_integration.gen/sources_1/bd/design_1/ip/design_1_snn_top_hls_0_0/design_1_snn_top_hls_0_0.dcp' for cell 'design_1_i/snn_top_hls_0'
INFO: [Project 1-454] Reading design checkpoint '/home/chipwisperer/Documents/SNN/snn_accelerator_integration/snn_accelerator_integration.gen/sources_1/bd/design_1/ip/design_1_axi_mem_intercon_imp_xbar_0/design_1_axi_mem_intercon_imp_xbar_0.dcp' for cell 'design_1_i/axi_mem_intercon/xbar'
INFO: [Project 1-454] Reading design checkpoint '/home/chipwisperer/Documents/SNN/snn_accelerator_integration/snn_accelerator_integration.gen/sources_1/bd/design_1/ip/design_1_axi_mem_intercon_imp_auto_pc_0/design_1_axi_mem_intercon_imp_auto_pc_0.dcp' for cell 'design_1_i/axi_mem_intercon/s00_couplers/auto_pc'
INFO: [Project 1-454] Reading design checkpoint '/home/chipwisperer/Documents/SNN/snn_accelerator_integration/snn_accelerator_integration.gen/sources_1/bd/design_1/ip/design_1_axi_mem_intercon_imp_auto_us_0/design_1_axi_mem_intercon_imp_auto_us_0.dcp' for cell 'design_1_i/axi_mem_intercon/s00_couplers/auto_us'
INFO: [Project 1-454] Reading design checkpoint '/home/chipwisperer/Documents/SNN/snn_accelerator_integration/snn_accelerator_integration.gen/sources_1/bd/design_1/ip/design_1_axi_mem_intercon_imp_auto_pc_1/design_1_axi_mem_intercon_imp_auto_pc_1.dcp' for cell 'design_1_i/axi_mem_intercon/s02_couplers/auto_pc'
INFO: [Project 1-454] Reading design checkpoint '/home/chipwisperer/Documents/SNN/snn_accelerator_integration/snn_accelerator_integration.gen/sources_1/bd/design_1/ip/design_1_axi_mem_intercon_imp_auto_us_1/design_1_axi_mem_intercon_imp_auto_us_1.dcp' for cell 'design_1_i/axi_mem_intercon/s02_couplers/auto_us'
INFO: [Project 1-454] Reading design checkpoint '/home/chipwisperer/Documents/SNN/snn_accelerator_integration/snn_accelerator_integration.gen/sources_1/bd/design_1/ip/design_1_axi_mem_intercon_imp_auto_pc_2/design_1_axi_mem_intercon_imp_auto_pc_2.dcp' for cell 'design_1_i/axi_mem_intercon/s03_couplers/auto_pc'
INFO: [Project 1-454] Reading design checkpoint '/home/chipwisperer/Documents/SNN/snn_accelerator_integration/snn_accelerator_integration.gen/sources_1/bd/design_1/ip/design_1_axi_mem_intercon_imp_auto_us_2/design_1_axi_mem_intercon_imp_auto_us_2.dcp' for cell 'design_1_i/axi_mem_intercon/s03_couplers/auto_us'
INFO: [Project 1-454] Reading design checkpoint '/home/chipwisperer/Documents/SNN/snn_accelerator_integration/snn_accelerator_integration.gen/sources_1/bd/design_1/ip/design_1_axi_mem_intercon_imp_auto_pc_3/design_1_axi_mem_intercon_imp_auto_pc_3.dcp' for cell 'design_1_i/axi_mem_intercon/s05_couplers/auto_pc'
INFO: [Project 1-454] Reading design checkpoint '/home/chipwisperer/Documents/SNN/snn_accelerator_integration/snn_accelerator_integration.gen/sources_1/bd/design_1/ip/design_1_axi_mem_intercon_imp_auto_us_3/design_1_axi_mem_intercon_imp_auto_us_3.dcp' for cell 'design_1_i/axi_mem_intercon/s05_couplers/auto_us'
INFO: [Project 1-454] Reading design checkpoint '/home/chipwisperer/Documents/SNN/snn_accelerator_integration/snn_accelerator_integration.gen/sources_1/bd/design_1/ip/design_1_axi_mem_intercon_imp_auto_pc_4/design_1_axi_mem_intercon_imp_auto_pc_4.dcp' for cell 'design_1_i/axi_mem_intercon/s06_couplers/auto_pc'
INFO: [Project 1-454] Reading design checkpoint '/home/chipwisperer/Documents/SNN/snn_accelerator_integration/snn_accelerator_integration.gen/sources_1/bd/design_1/ip/design_1_axi_mem_intercon_imp_auto_us_4/design_1_axi_mem_intercon_imp_auto_us_4.dcp' for cell 'design_1_i/axi_mem_intercon/s06_couplers/auto_us'
Netlist sorting complete. Time (s): cpu = 00:00:00.46 ; elapsed = 00:00:00.46 . Memory (MB): peak = 1900.293 ; gain = 0.000 ; free physical = 15352 ; free virtual = 56749
INFO: [Netlist 29-17] Analyzing 2066 Unisim elements for replacement
INFO: [Netlist 29-28] Unisim Transformation completed in 0 CPU seconds
INFO: [Project 1-479] Netlist was created with Vivado 2025.2
INFO: [Project 1-570] Preparing netlist for logic optimization
Parsing XDC File [/home/chipwisperer/Documents/SNN/snn_accelerator_integration/snn_accelerator_integration.gen/sources_1/bd/design_1/ip/design_1_processing_system7_0_0/design_1_processing_system7_0_0.xdc] for cell 'design_1_i/processing_system7_0/inst'
Finished Parsing XDC File [/home/chipwisperer/Documents/SNN/snn_accelerator_integration/snn_accelerator_integration.gen/sources_1/bd/design_1/ip/design_1_processing_system7_0_0/design_1_processing_system7_0_0.xdc] for cell 'design_1_i/processing_system7_0/inst'
Parsing XDC File [/home/chipwisperer/Documents/SNN/snn_accelerator_integration/snn_accelerator_integration.gen/sources_1/bd/design_1/ip/design_1_axi_dma_0_0/design_1_axi_dma_0_0.xdc] for cell 'design_1_i/axi_dma_0/U0'
Finished Parsing XDC File [/home/chipwisperer/Documents/SNN/snn_accelerator_integration/snn_accelerator_integration.gen/sources_1/bd/design_1/ip/design_1_axi_dma_0_0/design_1_axi_dma_0_0.xdc] for cell 'design_1_i/axi_dma_0/U0'
Parsing XDC File [/home/chipwisperer/Documents/SNN/snn_accelerator_integration/snn_accelerator_integration.gen/sources_1/bd/design_1/ip/design_1_axi_smc_0/bd_0/ip/ip_1/bd_afc3_psr_aclk_0_board.xdc] for cell 'design_1_i/axi_smc/inst/clk_map/psr_aclk/U0'
Finished Parsing XDC File [/home/chipwisperer/Documents/SNN/snn_accelerator_integration/snn_accelerator_integration.gen/sources_1/bd/design_1/ip/design_1_axi_smc_0/bd_0/ip/ip_1/bd_afc3_psr_aclk_0_board.xdc] for cell 'design_1_i/axi_smc/inst/clk_map/psr_aclk/U0'
Parsing XDC File [/home/chipwisperer/Documents/SNN/snn_accelerator_integration/snn_accelerator_integration.gen/sources_1/bd/design_1/ip/design_1_axi_smc_0/smartconnect.xdc] for cell 'design_1_i/axi_smc/inst'
Finished Parsing XDC File [/home/chipwisperer/Documents/SNN/snn_accelerator_integration/snn_accelerator_integration.gen/sources_1/bd/design_1/ip/design_1_axi_smc_0/smartconnect.xdc] for cell 'design_1_i/axi_smc/inst'
Parsing XDC File [/home/chipwisperer/Documents/SNN/snn_accelerator_integration/snn_accelerator_integration.gen/sources_1/bd/design_1/ip/design_1_rst_ps7_0_100M_0/design_1_rst_ps7_0_100M_0_board.xdc] for cell 'design_1_i/rst_ps7_0_100M/U0'
Finished Parsing XDC File [/home/chipwisperer/Documents/SNN/snn_accelerator_integration/snn_accelerator_integration.gen/sources_1/bd/design_1/ip/design_1_rst_ps7_0_100M_0/design_1_rst_ps7_0_100M_0_board.xdc] for cell 'design_1_i/rst_ps7_0_100M/U0'
Parsing XDC File [/home/chipwisperer/Documents/SNN/snn_accelerator_integration/snn_accelerator_integration.gen/sources_1/bd/design_1/ip/design_1_axi_dma_1_0/design_1_axi_dma_1_0.xdc] for cell 'design_1_i/axi_dma_1/U0'
Finished Parsing XDC File [/home/chipwisperer/Documents/SNN/snn_accelerator_integration/snn_accelerator_integration.gen/sources_1/bd/design_1/ip/design_1_axi_dma_1_0/design_1_axi_dma_1_0.xdc] for cell 'design_1_i/axi_dma_1/U0'
Parsing XDC File [/home/chipwisperer/Documents/SNN/snn_accelerator_integration/snn_accelerator_integration.gen/sources_1/bd/design_1/ip/design_1_axi_dma_2_0/design_1_axi_dma_2_0.xdc] for cell 'design_1_i/axi_dma_2/U0'
Finished Parsing XDC File [/home/chipwisperer/Documents/SNN/snn_accelerator_integration/snn_accelerator_integration.gen/sources_1/bd/design_1/ip/design_1_axi_dma_2_0/design_1_axi_dma_2_0.xdc] for cell 'design_1_i/axi_dma_2/U0'
Parsing XDC File [/home/chipwisperer/Documents/SNN/Event-Driven-Spiking-Neural-Network-Accelerator-for-FPGA/hardware/constraints/pynq_z2_pins.xdc]
Finished Parsing XDC File [/home/chipwisperer/Documents/SNN/Event-Driven-Spiking-Neural-Network-Accelerator-for-FPGA/hardware/constraints/pynq_z2_pins.xdc]
Parsing XDC File [/home/chipwisperer/Documents/SNN/Event-Driven-Spiking-Neural-Network-Accelerator-for-FPGA/hardware/constraints/pynq_z2_v1.0.xdc]
Finished Parsing XDC File [/home/chipwisperer/Documents/SNN/Event-Driven-Spiking-Neural-Network-Accelerator-for-FPGA/hardware/constraints/pynq_z2_v1.0.xdc]
Parsing XDC File [/home/chipwisperer/Documents/SNN/snn_accelerator_integration/snn_accelerator_integration.gen/sources_1/bd/design_1/ip/design_1_axi_dma_0_0/design_1_axi_dma_0_0_clocks.xdc] for cell 'design_1_i/axi_dma_0/U0'
Finished Parsing XDC File [/home/chipwisperer/Documents/SNN/snn_accelerator_integration/snn_accelerator_integration.gen/sources_1/bd/design_1/ip/design_1_axi_dma_0_0/design_1_axi_dma_0_0_clocks.xdc] for cell 'design_1_i/axi_dma_0/U0'
Parsing XDC File [/home/chipwisperer/Documents/SNN/snn_accelerator_integration/snn_accelerator_integration.gen/sources_1/bd/design_1/ip/design_1_axi_mem_intercon_imp_auto_us_0/design_1_axi_mem_intercon_imp_auto_us_0_clocks.xdc] for cell 'design_1_i/axi_mem_intercon/s00_couplers/auto_us/inst'
Finished Parsing XDC File [/home/chipwisperer/Documents/SNN/snn_accelerator_integration/snn_accelerator_integration.gen/sources_1/bd/design_1/ip/design_1_axi_mem_intercon_imp_auto_us_0/design_1_axi_mem_intercon_imp_auto_us_0_clocks.xdc] for cell 'design_1_i/axi_mem_intercon/s00_couplers/auto_us/inst'
Parsing XDC File [/home/chipwisperer/Documents/SNN/snn_accelerator_integration/snn_accelerator_integration.gen/sources_1/bd/design_1/ip/design_1_axi_mem_intercon_imp_auto_us_1/design_1_axi_mem_intercon_imp_auto_us_1_clocks.xdc] for cell 'design_1_i/axi_mem_intercon/s02_couplers/auto_us/inst'
Finished Parsing XDC File [/home/chipwisperer/Documents/SNN/snn_accelerator_integration/snn_accelerator_integration.gen/sources_1/bd/design_1/ip/design_1_axi_mem_intercon_imp_auto_us_1/design_1_axi_mem_intercon_imp_auto_us_1_clocks.xdc] for cell 'design_1_i/axi_mem_intercon/s02_couplers/auto_us/inst'
Parsing XDC File [/home/chipwisperer/Documents/SNN/snn_accelerator_integration/snn_accelerator_integration.gen/sources_1/bd/design_1/ip/design_1_axi_mem_intercon_imp_auto_us_2/design_1_axi_mem_intercon_imp_auto_us_2_clocks.xdc] for cell 'design_1_i/axi_mem_intercon/s03_couplers/auto_us/inst'
Finished Parsing XDC File [/home/chipwisperer/Documents/SNN/snn_accelerator_integration/snn_accelerator_integration.gen/sources_1/bd/design_1/ip/design_1_axi_mem_intercon_imp_auto_us_2/design_1_axi_mem_intercon_imp_auto_us_2_clocks.xdc] for cell 'design_1_i/axi_mem_intercon/s03_couplers/auto_us/inst'
Parsing XDC File [/home/chipwisperer/Documents/SNN/snn_accelerator_integration/snn_accelerator_integration.gen/sources_1/bd/design_1/ip/design_1_axi_mem_intercon_imp_auto_us_3/design_1_axi_mem_intercon_imp_auto_us_3_clocks.xdc] for cell 'design_1_i/axi_mem_intercon/s05_couplers/auto_us/inst'
Finished Parsing XDC File [/home/chipwisperer/Documents/SNN/snn_accelerator_integration/snn_accelerator_integration.gen/sources_1/bd/design_1/ip/design_1_axi_mem_intercon_imp_auto_us_3/design_1_axi_mem_intercon_imp_auto_us_3_clocks.xdc] for cell 'design_1_i/axi_mem_intercon/s05_couplers/auto_us/inst'
Parsing XDC File [/home/chipwisperer/Documents/SNN/snn_accelerator_integration/snn_accelerator_integration.gen/sources_1/bd/design_1/ip/design_1_axi_mem_intercon_imp_auto_us_4/design_1_axi_mem_intercon_imp_auto_us_4_clocks.xdc] for cell 'design_1_i/axi_mem_intercon/s06_couplers/auto_us/inst'
Finished Parsing XDC File [/home/chipwisperer/Documents/SNN/snn_accelerator_integration/snn_accelerator_integration.gen/sources_1/bd/design_1/ip/design_1_axi_mem_intercon_imp_auto_us_4/design_1_axi_mem_intercon_imp_auto_us_4_clocks.xdc] for cell 'design_1_i/axi_mem_intercon/s06_couplers/auto_us/inst'
Parsing XDC File [/home/chipwisperer/Documents/SNN/snn_accelerator_integration/snn_accelerator_integration.gen/sources_1/bd/design_1/ip/design_1_axi_dma_1_0/design_1_axi_dma_1_0_clocks.xdc] for cell 'design_1_i/axi_dma_1/U0'
Finished Parsing XDC File [/home/chipwisperer/Documents/SNN/snn_accelerator_integration/snn_accelerator_integration.gen/sources_1/bd/design_1/ip/design_1_axi_dma_1_0/design_1_axi_dma_1_0_clocks.xdc] for cell 'design_1_i/axi_dma_1/U0'
Parsing XDC File [/home/chipwisperer/Documents/SNN/snn_accelerator_integration/snn_accelerator_integration.gen/sources_1/bd/design_1/ip/design_1_axi_dma_2_0/design_1_axi_dma_2_0_clocks.xdc] for cell 'design_1_i/axi_dma_2/U0'
Finished Parsing XDC File [/home/chipwisperer/Documents/SNN/snn_accelerator_integration/snn_accelerator_integration.gen/sources_1/bd/design_1/ip/design_1_axi_dma_2_0/design_1_axi_dma_2_0_clocks.xdc] for cell 'design_1_i/axi_dma_2/U0'
INFO: [Project 1-1714] 91 XPM XDC files have been applied to the design.
INFO: [Opt 31-138] Pushed 0 inverter(s) to 0 load pin(s).
Netlist sorting complete. Time (s): cpu = 00:00:00.01 ; elapsed = 00:00:00.01 . Memory (MB): peak = 2648.445 ; gain = 0.000 ; free physical = 14748 ; free virtual = 56146
INFO: [Project 1-111] Unisim Transformation Summary:
  A total of 1019 instances were transformed.
  RAM32M => RAM32M (RAMD32(x6), RAMS32(x2)): 8 instances
  RAM32X1D => RAM32X1D (RAMD32(x2)): 3 instances
  RAM64M => RAM64M (RAMD64E(x4)): 994 instances
  RAM64X1D => RAM64X1D (RAMD64E(x2)): 14 instances

30 Infos, 0 Warnings, 0 Critical Warnings and 0 Errors encountered.
link_design completed successfully
link_design: Time (s): cpu = 00:00:27 ; elapsed = 00:00:25 . Memory (MB): peak = 2648.480 ; gain = 1028.047 ; free physical = 14748 ; free virtual = 56146
Command: opt_design
Attempting to get a license for feature 'Implementation' and/or device 'xc7z020'
INFO: [Common 17-349] Got license for feature 'Implementation' and/or device 'xc7z020'
Running DRC as a precondition to command opt_design

Starting DRC Task
INFO: [DRC 23-27] Running DRC with 8 threads
INFO: [Project 1-461] DRC finished with 0 Errors
INFO: [Project 1-462] Please refer to the DRC report (report_drc) for more information.

Time (s): cpu = 00:00:02 ; elapsed = 00:00:00.86 . Memory (MB): peak = 2649.445 ; gain = 0.965 ; free physical = 14723 ; free virtual = 56121

Starting Cache Timing Information Task
INFO: [Timing 38-35] Done setting XDC timing constraints.
Ending Cache Timing Information Task | Checksum: 154025210

Time (s): cpu = 00:00:03 ; elapsed = 00:00:01 . Memory (MB): peak = 2653.414 ; gain = 3.969 ; free physical = 14718 ; free virtual = 56116

Starting Logic Optimization Task

Phase 1 Initialization

Phase 1.1 Core Generation And Design Setup
Phase 1.1 Core Generation And Design Setup | Checksum: 154025210

Time (s): cpu = 00:00:00.05 ; elapsed = 00:00:00.05 . Memory (MB): peak = 3010.227 ; gain = 0.000 ; free physical = 14353 ; free virtual = 55751

Phase 1.2 Setup Constraints And Sort Netlist
Phase 1.2 Setup Constraints And Sort Netlist | Checksum: 154025210

Time (s): cpu = 00:00:00.07 ; elapsed = 00:00:00.07 . Memory (MB): peak = 3010.227 ; gain = 0.000 ; free physical = 14353 ; free virtual = 55751
Phase 1 Initialization | Checksum: 154025210

Time (s): cpu = 00:00:00.08 ; elapsed = 00:00:00.08 . Memory (MB): peak = 3010.227 ; gain = 0.000 ; free physical = 14353 ; free virtual = 55751

Phase 2 Timer Update And Timing Data Collection

Phase 2.1 Detect if minReqCache needed
Phase 2.1 Detect if minReqCache needed | Checksum: 154025210

Time (s): cpu = 00:00:00.11 ; elapsed = 00:00:00.12 . Memory (MB): peak = 3010.227 ; gain = 0.000 ; free physical = 14337 ; free virtual = 55735

Phase 2.2 Timer Update
Phase 2.2 Timer Update | Checksum: 154025210

Time (s): cpu = 00:00:02 ; elapsed = 00:00:00.62 . Memory (MB): peak = 3010.227 ; gain = 0.000 ; free physical = 14337 ; free virtual = 55735

Phase 2.3 Timing Data Collection
Phase 2.3 Timing Data Collection | Checksum: 154025210

Time (s): cpu = 00:00:02 ; elapsed = 00:00:00.65 . Memory (MB): peak = 3010.227 ; gain = 0.000 ; free physical = 14337 ; free virtual = 55735
Phase 2 Timer Update And Timing Data Collection | Checksum: 154025210

Time (s): cpu = 00:00:02 ; elapsed = 00:00:00.65 . Memory (MB): peak = 3010.227 ; gain = 0.000 ; free physical = 14337 ; free virtual = 55735

Phase 3 Retarget
INFO: [Opt 31-1851] Number of loadless carry chains removed were: 0
INFO: [Opt 31-1834] Total Chains To Be Transformed Were: 0 AND Number of Transformed insts Created are: 0
INFO: [Opt 31-1566] Pulled 13 inverters resulting in an inversion of 108 pins
INFO: [Opt 31-138] Pushed 11 inverter(s) to 36 load pin(s).
INFO: [Opt 31-49] Retargeted 0 cell(s).
Phase 3 Retarget | Checksum: d6c7d167

Time (s): cpu = 00:00:03 ; elapsed = 00:00:02 . Memory (MB): peak = 3010.227 ; gain = 0.000 ; free physical = 14336 ; free virtual = 55734
Retarget | Checksum: d6c7d167
INFO: [Opt 31-389] Phase Retarget created 711 cells and removed 897 cells
INFO: [Opt 31-1021] In phase Retarget, 183 netlist objects are constrained preventing optimization. Please run opt_design with -debug_log to get more detail. 

Phase 4 Constant propagation
INFO: [Opt 31-138] Pushed 16 inverter(s) to 47 load pin(s).
Phase 4 Constant propagation | Checksum: 10c51aac5

Time (s): cpu = 00:00:04 ; elapsed = 00:00:03 . Memory (MB): peak = 3010.227 ; gain = 0.000 ; free physical = 14336 ; free virtual = 55734
Constant propagation | Checksum: 10c51aac5
INFO: [Opt 31-389] Phase Constant propagation created 790 cells and removed 2767 cells
INFO: [Opt 31-1021] In phase Constant propagation, 183 netlist objects are constrained preventing optimization. Please run opt_design with -debug_log to get more detail. 

Phase 5 Sweep
INFO: [Constraints 18-11670] Building netlist checker database with flags, 0x8
Done building netlist checker database: Time (s): cpu = 00:00:00.01 ; elapsed = 00:00:00.02 . Memory (MB): peak = 3010.227 ; gain = 0.000 ; free physical = 14335 ; free virtual = 55733
INFO: [Constraints 18-11670] Building netlist checker database with flags, 0x8
Done building netlist checker database: Time (s): cpu = 00:00:00.02 ; elapsed = 00:00:00.01 . Memory (MB): peak = 3010.227 ; gain = 0.000 ; free physical = 14336 ; free virtual = 55734
Phase 5 Sweep | Checksum: 12cc21d5e

Time (s): cpu = 00:00:06 ; elapsed = 00:00:04 . Memory (MB): peak = 3010.227 ; gain = 0.000 ; free physical = 14335 ; free virtual = 55733
Sweep | Checksum: 12cc21d5e
INFO: [Opt 31-389] Phase Sweep created 0 cells and removed 1462 cells
INFO: [Opt 31-1021] In phase Sweep, 377 netlist objects are constrained preventing optimization. Please run opt_design with -debug_log to get more detail. 

Phase 6 BUFG optimization
Phase 6 BUFG optimization | Checksum: 12cc21d5e

Time (s): cpu = 00:00:07 ; elapsed = 00:00:05 . Memory (MB): peak = 3042.242 ; gain = 32.016 ; free physical = 14335 ; free virtual = 55733
BUFG optimization | Checksum: 12cc21d5e
INFO: [Opt 31-662] Phase BUFG optimization created 0 cells of which 0 are BUFGs and removed 0 cells.

Phase 7 Shift Register Optimization
INFO: [Opt 31-1064] SRL Remap converted 0 SRLs to 0 registers and converted 0 registers of register chains to 0 SRLs
Phase 7 Shift Register Optimization | Checksum: 12cc21d5e

Time (s): cpu = 00:00:07 ; elapsed = 00:00:05 . Memory (MB): peak = 3042.242 ; gain = 32.016 ; free physical = 14335 ; free virtual = 55733
Shift Register Optimization | Checksum: 12cc21d5e
INFO: [Opt 31-389] Phase Shift Register Optimization created 0 cells and removed 0 cells

Phase 8 Post Processing Netlist
Phase 8 Post Processing Netlist | Checksum: de093379

Time (s): cpu = 00:00:07 ; elapsed = 00:00:05 . Memory (MB): peak = 3042.242 ; gain = 32.016 ; free physical = 14334 ; free virtual = 55733
Post Processing Netlist | Checksum: de093379
INFO: [Opt 31-389] Phase Post Processing Netlist created 0 cells and removed 0 cells
INFO: [Opt 31-1021] In phase Post Processing Netlist, 222 netlist objects are constrained preventing optimization. Please run opt_design with -debug_log to get more detail. 

Phase 9 Finalization

Phase 9.1 Finalizing Design Cores and Updating Shapes
Phase 9.1 Finalizing Design Cores and Updating Shapes | Checksum: 1aba15e50

Time (s): cpu = 00:00:08 ; elapsed = 00:00:06 . Memory (MB): peak = 3042.242 ; gain = 32.016 ; free physical = 14341 ; free virtual = 55739

Phase 9.2 Verifying Netlist Connectivity

Starting Connectivity Check Task

Time (s): cpu = 00:00:00.04 ; elapsed = 00:00:00.04 . Memory (MB): peak = 3042.242 ; gain = 0.000 ; free physical = 14341 ; free virtual = 55739
Phase 9.2 Verifying Netlist Connectivity | Checksum: 1aba15e50

Time (s): cpu = 00:00:08 ; elapsed = 00:00:06 . Memory (MB): peak = 3042.242 ; gain = 32.016 ; free physical = 14341 ; free virtual = 55739
Phase 9 Finalization | Checksum: 1aba15e50

Time (s): cpu = 00:00:08 ; elapsed = 00:00:06 . Memory (MB): peak = 3042.242 ; gain = 32.016 ; free physical = 14341 ; free virtual = 55739
Opt_design Change Summary
=========================


-------------------------------------------------------------------------------------------------------------------------
|  Phase                        |  #Cells created  |  #Cells Removed  |  #Constrained objects preventing optimizations  |
-------------------------------------------------------------------------------------------------------------------------
|  Retarget                     |             711  |             897  |                                            183  |
|  Constant propagation         |             790  |            2767  |                                            183  |
|  Sweep                        |               0  |            1462  |                                            377  |
|  BUFG optimization            |               0  |               0  |                                              0  |
|  Shift Register Optimization  |               0  |               0  |                                              0  |
|  Post Processing Netlist      |               0  |               0  |                                            222  |
-------------------------------------------------------------------------------------------------------------------------


Ending Logic Optimization Task | Checksum: 1aba15e50

Time (s): cpu = 00:00:08 ; elapsed = 00:00:06 . Memory (MB): peak = 3042.242 ; gain = 32.016 ; free physical = 14341 ; free virtual = 55739

Starting Power Optimization Task
INFO: [Pwropt 34-132] Skipping clock gating for clocks with a period < 2.00 ns.
INFO: [Timing 38-35] Done setting XDC timing constraints.
Running Vector-less Activity Propagation...

Finished Running Vector-less Activity Propagation
INFO: [Pwropt 34-9] Applying IDT optimizations ...
INFO: [Pwropt 34-10] Applying ODC optimizations ...


Starting PowerOpt Patch Enables Task
INFO: [Pwropt 34-162] WRITE_MODE attribute of 0 BRAM(s) out of a total of 112 has been updated to save power. Run report_power_opt to get a complete listing of the BRAMs updated.
INFO: [Pwropt 34-201] Structural ODC has moved 1 WE to EN ports
Number of BRAM Ports augmented: 116 newly gated: 1 Total Ports: 224
Number of Flops added for Enable Generation: 26

Ending PowerOpt Patch Enables Task | Checksum: 1551bee2d

Time (s): cpu = 00:00:00.58 ; elapsed = 00:00:00.57 . Memory (MB): peak = 3274.293 ; gain = 0.000 ; free physical = 14230 ; free virtual = 55629
Ending Power Optimization Task | Checksum: 1551bee2d

Time (s): cpu = 00:00:20 ; elapsed = 00:00:11 . Memory (MB): peak = 3274.293 ; gain = 232.051 ; free physical = 14230 ; free virtual = 55629

Starting Final Cleanup Task

Starting Logic Optimization Task
INFO: [Timing 38-35] Done setting XDC timing constraints.
Ending Logic Optimization Task | Checksum: 16047756b

Time (s): cpu = 00:00:06 ; elapsed = 00:00:03 . Memory (MB): peak = 3274.293 ; gain = 0.000 ; free physical = 14225 ; free virtual = 55625
Ending Final Cleanup Task | Checksum: 16047756b

Time (s): cpu = 00:00:09 ; elapsed = 00:00:06 . Memory (MB): peak = 3274.293 ; gain = 0.000 ; free physical = 14225 ; free virtual = 55625
Netlist sorting complete. Time (s): cpu = 00:00:00.01 ; elapsed = 00:00:00.01 . Memory (MB): peak = 3274.293 ; gain = 0.000 ; free physical = 14225 ; free virtual = 55625
INFO: [Common 17-83] Releasing license: Implementation
62 Infos, 0 Warnings, 0 Critical Warnings and 0 Errors encountered.
opt_design completed successfully
opt_design: Time (s): cpu = 00:00:46 ; elapsed = 00:00:28 . Memory (MB): peak = 3274.293 ; gain = 625.812 ; free physical = 14225 ; free virtual = 55625
INFO: [Vivado 12-24828] Executing command : report_drc -file design_1_wrapper_drc_opted.rpt -pb design_1_wrapper_drc_opted.pb -rpx design_1_wrapper_drc_opted.rpx
Command: report_drc -file design_1_wrapper_drc_opted.rpt -pb design_1_wrapper_drc_opted.pb -rpx design_1_wrapper_drc_opted.rpx
INFO: [IP_Flow 19-1839] IP Catalog is up to date.
INFO: [DRC 23-27] Running DRC with 8 threads
INFO: [Vivado_Tcl 2-168] The results of DRC are in file /home/chipwisperer/Documents/SNN/snn_accelerator_integration/snn_accelerator_integration.runs/impl_1/design_1_wrapper_drc_opted.rpt.
report_drc completed successfully
INFO: [Timing 38-480] Writing timing data to binary archive.
Wrote PlaceDB: Time (s): cpu = 00:00:00 ; elapsed = 00:00:00 . Memory (MB): peak = 3274.293 ; gain = 0.000 ; free physical = 14223 ; free virtual = 55624
Wrote PulsedLatchDB: Time (s): cpu = 00:00:00 ; elapsed = 00:00:00 . Memory (MB): peak = 3274.293 ; gain = 0.000 ; free physical = 14223 ; free virtual = 55624
Writing XDEF routing.
Writing XDEF routing logical nets.
Write ShapeDB Complete: Time (s): cpu = 00:00:00.39 ; elapsed = 00:00:00.08 . Memory (MB): peak = 3274.293 ; gain = 0.000 ; free physical = 14221 ; free virtual = 55623
Writing XDEF routing special nets.
Wrote RouteStorage: Time (s): cpu = 00:00:00.41 ; elapsed = 00:00:00.09 . Memory (MB): peak = 3274.293 ; gain = 0.000 ; free physical = 14221 ; free virtual = 55623
Wrote PlaceStorage: Time (s): cpu = 00:00:00.05 ; elapsed = 00:00:00.01 . Memory (MB): peak = 3274.293 ; gain = 0.000 ; free physical = 14221 ; free virtual = 55623
Wrote Netlist Cache: Time (s): cpu = 00:00:00.01 ; elapsed = 00:00:00 . Memory (MB): peak = 3274.293 ; gain = 0.000 ; free physical = 14221 ; free virtual = 55624
Wrote Device Cache: Time (s): cpu = 00:00:00.04 ; elapsed = 00:00:00.01 . Memory (MB): peak = 3274.293 ; gain = 0.000 ; free physical = 14220 ; free virtual = 55624
Write Physdb Complete: Time (s): cpu = 00:00:00.53 ; elapsed = 00:00:00.12 . Memory (MB): peak = 3274.293 ; gain = 0.000 ; free physical = 14220 ; free virtual = 55624
INFO: [Common 17-1381] The checkpoint '/home/chipwisperer/Documents/SNN/snn_accelerator_integration/snn_accelerator_integration.runs/impl_1/design_1_wrapper_opt.dcp' has been generated.
Command: place_design
Attempting to get a license for feature 'Implementation' and/or device 'xc7z020'
INFO: [Common 17-349] Got license for feature 'Implementation' and/or device 'xc7z020'
INFO: [Common 17-83] Releasing license: Implementation
INFO: [DRC 23-27] Running DRC with 8 threads
INFO: [Vivado_Tcl 4-198] DRC finished with 0 Errors
INFO: [Vivado_Tcl 4-199] Please refer to the DRC report (report_drc) for more information.
INFO: [Timing 38-35] Done setting XDC timing constraints.
Running DRC as a precondition to command place_design
INFO: [DRC 23-27] Running DRC with 8 threads
INFO: [Vivado_Tcl 4-198] DRC finished with 0 Errors, 21 Warnings
INFO: [Vivado_Tcl 4-199] Please refer to the DRC report (report_drc) for more information.
INFO: [Place 30-611] Multithreading enabled for place_design using a maximum of 8 CPUs

Starting Placer Task

Phase 1 Placer Initialization

Phase 1.1 Placer Initialization Netlist Sorting
Netlist sorting complete. Time (s): cpu = 00:00:00.02 ; elapsed = 00:00:00.01 . Memory (MB): peak = 3393.402 ; gain = 0.000 ; free physical = 14187 ; free virtual = 55594
Phase 1.1 Placer Initialization Netlist Sorting | Checksum: e491740e

Time (s): cpu = 00:00:00.03 ; elapsed = 00:00:00.03 . Memory (MB): peak = 3393.402 ; gain = 0.000 ; free physical = 14187 ; free virtual = 55594
Netlist sorting complete. Time (s): cpu = 00:00:00.01 ; elapsed = 00:00:00.02 . Memory (MB): peak = 3393.402 ; gain = 0.000 ; free physical = 14187 ; free virtual = 55594

Phase 1.2 IO Placement/ Clock Placement/ Build Placer Device
Phase 1.2 IO Placement/ Clock Placement/ Build Placer Device | Checksum: e575e03e

Time (s): cpu = 00:00:03 ; elapsed = 00:00:02 . Memory (MB): peak = 3393.402 ; gain = 0.000 ; free physical = 14196 ; free virtual = 55603

Phase 1.3 Build Placer Netlist Model
Phase 1.3 Build Placer Netlist Model | Checksum: 12dfeab5c

Time (s): cpu = 00:00:19 ; elapsed = 00:00:09 . Memory (MB): peak = 3393.402 ; gain = 0.000 ; free physical = 14222 ; free virtual = 55630

Phase 1.4 Constrain Clocks/Macros
Phase 1.4 Constrain Clocks/Macros | Checksum: 12dfeab5c

Time (s): cpu = 00:00:19 ; elapsed = 00:00:09 . Memory (MB): peak = 3393.402 ; gain = 0.000 ; free physical = 14222 ; free virtual = 55630
Phase 1 Placer Initialization | Checksum: 12dfeab5c

Time (s): cpu = 00:00:19 ; elapsed = 00:00:09 . Memory (MB): peak = 3393.402 ; gain = 0.000 ; free physical = 14222 ; free virtual = 55630

Phase 2 Global Placement

Phase 2.1 Floorplanning
Phase 2.1 Floorplanning | Checksum: 20b93e0c1

Time (s): cpu = 00:00:27 ; elapsed = 00:00:11 . Memory (MB): peak = 3393.402 ; gain = 0.000 ; free physical = 14248 ; free virtual = 55656

Phase 2.2 Update Timing before SLR Path Opt
Phase 2.2 Update Timing before SLR Path Opt | Checksum: 141159ec6

Time (s): cpu = 00:00:35 ; elapsed = 00:00:12 . Memory (MB): peak = 3393.402 ; gain = 0.000 ; free physical = 14245 ; free virtual = 55654

Phase 2.3 Post-Processing in Floorplanning
Phase 2.3 Post-Processing in Floorplanning | Checksum: 141159ec6

Time (s): cpu = 00:00:35 ; elapsed = 00:00:12 . Memory (MB): peak = 3393.402 ; gain = 0.000 ; free physical = 14242 ; free virtual = 55651

Phase 2.4 Global Place Phase1
Phase 2.4 Global Place Phase1 | Checksum: 1dcbcb57a

Time (s): cpu = 00:01:16 ; elapsed = 00:00:28 . Memory (MB): peak = 3393.402 ; gain = 0.000 ; free physical = 14252 ; free virtual = 55662

Phase 2.5 Global Place Phase2

Phase 2.5.1 UpdateTiming Before Physical Synthesis
Phase 2.5.1 UpdateTiming Before Physical Synthesis | Checksum: 22a168a85

Time (s): cpu = 00:01:24 ; elapsed = 00:00:29 . Memory (MB): peak = 3393.402 ; gain = 0.000 ; free physical = 14250 ; free virtual = 55660

Phase 2.5.2 Physical Synthesis In Placer
INFO: [Physopt 32-1035] Found 0 LUTNM shape to break, 1534 LUT instances to create LUTNM shape
INFO: [Physopt 32-1044] Break lutnm for timing: one critical 0, two critical 0, total 0, new lutff created 0
INFO: [Physopt 32-1138] End 1 Pass. Optimized 571 nets or LUTs. Breaked 0 LUT, combined 571 existing LUTs and moved 0 existing LUT
INFO: [Physopt 32-65] No nets found for high-fanout optimization.
INFO: [Physopt 32-232] Optimized 0 net. Created 0 new instance.
INFO: [Physopt 32-775] End 1 Pass. Optimized 0 net or cell. Created 0 new cell, deleted 0 existing cell and moved 0 existing cell
INFO: [Physopt 32-457] Pass 1. Identified 3 candidate cells for DSP register optimization.
INFO: [Physopt 32-665] Processed cell design_1_i/snn_top_hls_0/inst/grp_apply_rstdp_reward_fu_1580/grp_apply_rstdp_reward_Pipeline_RSTDP_INNER_fu_264/mul_8s_8s_16_3_1_U126/buff0_reg. 8 registers were pushed out.
INFO: [Physopt 32-665] Processed cell design_1_i/snn_top_hls_0/inst/grp_decay_all_traces_fu_1462/grp_decay_all_traces_Pipeline_DECAY_POST_TRACE_fu_36/mul_8ns_8ns_16_3_1_U21/buff0_reg. 8 registers were pushed out.
INFO: [Physopt 32-665] Processed cell design_1_i/snn_top_hls_0/inst/grp_decay_all_traces_fu_1462/grp_decay_all_traces_Pipeline_DECAY_PRE_TRACE_fu_28/mul_8ns_8ns_16_3_1_U17/buff0_reg. 8 registers were pushed out.
INFO: [Physopt 32-775] End 2 Pass. Optimized 3 nets or cells. Created 24 new cells, deleted 0 existing cell and moved 0 existing cell
Netlist sorting complete. Time (s): cpu = 00:00:00.01 ; elapsed = 00:00:00.02 . Memory (MB): peak = 3393.402 ; gain = 0.000 ; free physical = 14248 ; free virtual = 55660
INFO: [Physopt 32-1123] No candidate cells found for Shift Register to Pipeline optimization
INFO: [Physopt 32-775] End 2 Pass. Optimized 0 net or cell. Created 0 new cell, deleted 0 existing cell and moved 0 existing cell
INFO: [Physopt 32-1401] No candidate cells found for Shift Register optimization.
INFO: [Physopt 32-677] No candidate cells for Shift Register optimization found in the design
INFO: [Physopt 32-775] End 1 Pass. Optimized 0 net or cell. Created 0 new cell, deleted 0 existing cell and moved 0 existing cell
INFO: [Physopt 32-526] No candidate cells for BRAM register optimization found in the design
INFO: [Physopt 32-775] End 1 Pass. Optimized 0 net or cell. Created 0 new cell, deleted 0 existing cell and moved 0 existing cell
INFO: [Physopt 32-846] No candidate cells for URAM register optimization found in the design
INFO: [Physopt 32-775] End 1 Pass. Optimized 0 net or cell. Created 0 new cell, deleted 0 existing cell and moved 0 existing cell
INFO: [Physopt 32-846] No candidate cells for URAM register optimization found in the design
INFO: [Physopt 32-775] End 1 Pass. Optimized 0 net or cell. Created 0 new cell, deleted 0 existing cell and moved 0 existing cell
INFO: [Physopt 32-949] No candidate nets found for dynamic/static region interface net replication
INFO: [Physopt 32-775] End 1 Pass. Optimized 0 net or cell. Created 0 new cell, deleted 0 existing cell and moved 0 existing cell
Netlist sorting complete. Time (s): cpu = 00:00:00.01 ; elapsed = 00:00:00.01 . Memory (MB): peak = 3393.402 ; gain = 0.000 ; free physical = 14248 ; free virtual = 55660

Summary of Physical Synthesis Optimizations
============================================


-----------------------------------------------------------------------------------------------------------------------------------------------------------
|  Optimization                                     |  Added Cells  |  Removed Cells  |  Optimized Cells/Nets  |  Dont Touch  |  Iterations  |  Elapsed   |
-----------------------------------------------------------------------------------------------------------------------------------------------------------
|  LUT Combining                                    |            0  |            571  |                   571  |           0  |           1  |  00:00:02  |
|  Retime                                           |            0  |              0  |                     0  |           0  |           1  |  00:00:00  |
|  Very High Fanout                                 |            0  |              0  |                     0  |           0  |           1  |  00:00:00  |
|  DSP Register                                     |           24  |              0  |                     3  |           0  |           1  |  00:00:00  |
|  Shift Register to Pipeline                       |            0  |              0  |                     0  |           0  |           1  |  00:00:00  |
|  Shift Register                                   |            0  |              0  |                     0  |           0  |           1  |  00:00:00  |
|  BRAM Register                                    |            0  |              0  |                     0  |           0  |           1  |  00:00:00  |
|  URAM Register                                    |            0  |              0  |                     0  |           0  |           1  |  00:00:00  |
|  Dynamic/Static Region Interface Net Replication  |            0  |              0  |                     0  |           0  |           1  |  00:00:00  |
|  Total                                            |           24  |            571  |                   574  |           0  |           9  |  00:00:02  |
-----------------------------------------------------------------------------------------------------------------------------------------------------------


Phase 2.5.2 Physical Synthesis In Placer | Checksum: 16acc3bf6

Time (s): cpu = 00:01:35 ; elapsed = 00:00:34 . Memory (MB): peak = 3393.402 ; gain = 0.000 ; free physical = 14247 ; free virtual = 55659
Phase 2.5 Global Place Phase2 | Checksum: 18c8732a7

Time (s): cpu = 00:01:38 ; elapsed = 00:00:36 . Memory (MB): peak = 3393.402 ; gain = 0.000 ; free physical = 14244 ; free virtual = 55656
Phase 2 Global Placement | Checksum: 18c8732a7

Time (s): cpu = 00:01:38 ; elapsed = 00:00:36 . Memory (MB): peak = 3393.402 ; gain = 0.000 ; free physical = 14244 ; free virtual = 55656

Phase 3 Detail Placement

Phase 3.1 Commit Multi Column Macros
Phase 3.1 Commit Multi Column Macros | Checksum: 1b556d597

Time (s): cpu = 00:01:46 ; elapsed = 00:00:37 . Memory (MB): peak = 3393.402 ; gain = 0.000 ; free physical = 14244 ; free virtual = 55656

Phase 3.2 Commit Most Macros & LUTRAMs
Phase 3.2 Commit Most Macros & LUTRAMs | Checksum: 1a357d4d0

Time (s): cpu = 00:02:07 ; elapsed = 00:00:46 . Memory (MB): peak = 3393.402 ; gain = 0.000 ; free physical = 14237 ; free virtual = 55650

Phase 3.3 Area Swap Optimization
Phase 3.3 Area Swap Optimization | Checksum: 1804042e5

Time (s): cpu = 00:02:08 ; elapsed = 00:00:46 . Memory (MB): peak = 3393.402 ; gain = 0.000 ; free physical = 14237 ; free virtual = 55650

Phase 3.4 Pipeline Register Optimization
Phase 3.4 Pipeline Register Optimization | Checksum: 169afbf20

Time (s): cpu = 00:02:08 ; elapsed = 00:00:46 . Memory (MB): peak = 3393.402 ; gain = 0.000 ; free physical = 14237 ; free virtual = 55650

Phase 3.5 Fast Optimization
Phase 3.5 Fast Optimization | Checksum: e712f836

Time (s): cpu = 00:02:25 ; elapsed = 00:00:50 . Memory (MB): peak = 3393.402 ; gain = 0.000 ; free physical = 14236 ; free virtual = 55648

Phase 3.6 Small Shape Detail Placement
Phase 3.6 Small Shape Detail Placement | Checksum: 19d9ff439

Time (s): cpu = 00:02:35 ; elapsed = 00:00:59 . Memory (MB): peak = 3393.402 ; gain = 0.000 ; free physical = 14224 ; free virtual = 55636

Phase 3.7 Re-assign LUT pins
Phase 3.7 Re-assign LUT pins | Checksum: 16e13555b

Time (s): cpu = 00:02:37 ; elapsed = 00:01:01 . Memory (MB): peak = 3393.402 ; gain = 0.000 ; free physical = 14225 ; free virtual = 55637

Phase 3.8 Pipeline Register Optimization
Phase 3.8 Pipeline Register Optimization | Checksum: 1b938df78

Time (s): cpu = 00:02:37 ; elapsed = 00:01:01 . Memory (MB): peak = 3393.402 ; gain = 0.000 ; free physical = 14225 ; free virtual = 55637

Phase 3.9 Fast Optimization
Phase 3.9 Fast Optimization | Checksum: 1565e0b94

Time (s): cpu = 00:03:03 ; elapsed = 00:01:06 . Memory (MB): peak = 3393.402 ; gain = 0.000 ; free physical = 14219 ; free virtual = 55631
Phase 3 Detail Placement | Checksum: 1565e0b94

Time (s): cpu = 00:03:03 ; elapsed = 00:01:06 . Memory (MB): peak = 3393.402 ; gain = 0.000 ; free physical = 14219 ; free virtual = 55631

Phase 4 Post Placement Optimization and Clean-Up

Phase 4.1 Post Commit Optimization
INFO: [Timing 38-35] Done setting XDC timing constraints.

Phase 4.1.1 Post Placement Optimization
Post Placement Optimization Initialization | Checksum: 1e34d2534

Phase 4.1.1.1 BUFG Insertion

Starting Physical Synthesis Task

Phase 1 Physical Synthesis Initialization
INFO: [Physopt 32-721] Multithreading enabled for phys_opt_design using a maximum of 8 CPUs
INFO: [Physopt 32-619] Estimated Timing Summary | WNS=-1.077 | TNS=-33.105 |
Phase 1 Physical Synthesis Initialization | Checksum: 1e3e77641

Time (s): cpu = 00:00:02 ; elapsed = 00:00:00.39 . Memory (MB): peak = 3393.402 ; gain = 0.000 ; free physical = 14213 ; free virtual = 55626
INFO: [Place 46-56] BUFG insertion identified 0 candidate nets. Inserted BUFG: 0, Replicated BUFG Driver: 0, Skipped due to Placement/Routing Conflicts: 0, Skipped due to Timing Degradation: 0, Skipped due to netlist editing failed: 0.
Ending Physical Synthesis Task | Checksum: 223d6e30e

Time (s): cpu = 00:00:02 ; elapsed = 00:00:00.48 . Memory (MB): peak = 3393.402 ; gain = 0.000 ; free physical = 14211 ; free virtual = 55624
Phase 4.1.1.1 BUFG Insertion | Checksum: 1e34d2534

Time (s): cpu = 00:03:25 ; elapsed = 00:01:12 . Memory (MB): peak = 3393.402 ; gain = 0.000 ; free physical = 14211 ; free virtual = 55624

Phase 4.1.1.2 Post Placement Timing Optimization
INFO: [Place 30-746] Post Placement Timing Summary WNS=0.508. For the most accurate timing information please run report_timing.
Phase 4.1.1.2 Post Placement Timing Optimization | Checksum: 1de88e7d6

Time (s): cpu = 00:03:36 ; elapsed = 00:01:21 . Memory (MB): peak = 3393.402 ; gain = 0.000 ; free physical = 14211 ; free virtual = 55623

Time (s): cpu = 00:03:36 ; elapsed = 00:01:21 . Memory (MB): peak = 3393.402 ; gain = 0.000 ; free physical = 14211 ; free virtual = 55623
Phase 4.1 Post Commit Optimization | Checksum: 1de88e7d6

Time (s): cpu = 00:03:36 ; elapsed = 00:01:22 . Memory (MB): peak = 3393.402 ; gain = 0.000 ; free physical = 14211 ; free virtual = 55623

Phase 4.2 Post Placement Cleanup
Phase 4.2 Post Placement Cleanup | Checksum: 1de88e7d6

Time (s): cpu = 00:03:37 ; elapsed = 00:01:22 . Memory (MB): peak = 3393.402 ; gain = 0.000 ; free physical = 14211 ; free virtual = 55623

Phase 4.3 Placer Reporting

Phase 4.3.1 Print Estimated Congestion
INFO: [Place 30-612] Post-Placement Estimated Congestion 
 ____________________________________________________
|           | Global Congestion | Short Congestion  |
| Direction | Region Size       | Region Size       |
|___________|___________________|___________________|
|      North|                1x1|                1x1|
|___________|___________________|___________________|
|      South|                1x1|                2x2|
|___________|___________________|___________________|
|       East|                1x1|                1x1|
|___________|___________________|___________________|
|       West|                1x1|                2x2|
|___________|___________________|___________________|

Phase 4.3.1 Print Estimated Congestion | Checksum: 1de88e7d6

Time (s): cpu = 00:03:37 ; elapsed = 00:01:22 . Memory (MB): peak = 3393.402 ; gain = 0.000 ; free physical = 14210 ; free virtual = 55623
Phase 4.3 Placer Reporting | Checksum: 1de88e7d6

Time (s): cpu = 00:03:37 ; elapsed = 00:01:22 . Memory (MB): peak = 3393.402 ; gain = 0.000 ; free physical = 14210 ; free virtual = 55623

Phase 4.4 Final Placement Cleanup
Netlist sorting complete. Time (s): cpu = 00:00:00.01 ; elapsed = 00:00:00.01 . Memory (MB): peak = 3393.402 ; gain = 0.000 ; free physical = 14210 ; free virtual = 55623

Time (s): cpu = 00:03:37 ; elapsed = 00:01:22 . Memory (MB): peak = 3393.402 ; gain = 0.000 ; free physical = 14210 ; free virtual = 55623
Phase 4 Post Placement Optimization and Clean-Up | Checksum: 1df5bb1fb

Time (s): cpu = 00:03:37 ; elapsed = 00:01:22 . Memory (MB): peak = 3393.402 ; gain = 0.000 ; free physical = 14210 ; free virtual = 55623
Ending Placer Task | Checksum: 1a0c14b61

Time (s): cpu = 00:03:37 ; elapsed = 00:01:22 . Memory (MB): peak = 3393.402 ; gain = 0.000 ; free physical = 14210 ; free virtual = 55623
108 Infos, 0 Warnings, 0 Critical Warnings and 0 Errors encountered.
place_design completed successfully
place_design: Time (s): cpu = 00:03:46 ; elapsed = 00:01:27 . Memory (MB): peak = 3393.402 ; gain = 119.109 ; free physical = 14210 ; free virtual = 55623
INFO: [Vivado 12-24838] Running report commands "report_control_sets, report_io, report_utilization" in parallel.
Running report generation with 3 threads.
INFO: [Vivado 12-24828] Executing command : report_io -file design_1_wrapper_io_placed.rpt
report_io: Time (s): cpu = 00:00:00.71 ; elapsed = 00:00:00.33 . Memory (MB): peak = 3393.402 ; gain = 0.000 ; free physical = 14191 ; free virtual = 55604
INFO: [Vivado 12-24828] Executing command : report_control_sets -verbose -file design_1_wrapper_control_sets_placed.rpt
report_control_sets: Time (s): cpu = 00:00:00.91 ; elapsed = 00:00:00.41 . Memory (MB): peak = 3393.402 ; gain = 0.000 ; free physical = 14198 ; free virtual = 55612
INFO: [Vivado 12-24828] Executing command : report_utilization -file design_1_wrapper_utilization_placed.rpt -pb design_1_wrapper_utilization_placed.pb
INFO: [Timing 38-480] Writing timing data to binary archive.
Wrote PlaceDB: Time (s): cpu = 00:00:00 ; elapsed = 00:00:00 . Memory (MB): peak = 3393.402 ; gain = 0.000 ; free physical = 14176 ; free virtual = 55589
Wrote PulsedLatchDB: Time (s): cpu = 00:00:00 ; elapsed = 00:00:00 . Memory (MB): peak = 3393.402 ; gain = 0.000 ; free physical = 14176 ; free virtual = 55589
Writing XDEF routing.
Writing XDEF routing logical nets.
Writing XDEF routing special nets.
Wrote RouteStorage: Time (s): cpu = 00:00:00.39 ; elapsed = 00:00:00.09 . Memory (MB): peak = 3393.402 ; gain = 0.000 ; free physical = 14168 ; free virtual = 55585
Write ShapeDB Complete: Time (s): cpu = 00:00:00.42 ; elapsed = 00:00:00.09 . Memory (MB): peak = 3393.402 ; gain = 0.000 ; free physical = 14168 ; free virtual = 55586
Wrote PlaceStorage: Time (s): cpu = 00:00:04 ; elapsed = 00:00:01 . Memory (MB): peak = 3393.402 ; gain = 0.000 ; free physical = 14137 ; free virtual = 55577
Wrote Netlist Cache: Time (s): cpu = 00:00:00.05 ; elapsed = 00:00:00.03 . Memory (MB): peak = 3393.402 ; gain = 0.000 ; free physical = 14137 ; free virtual = 55579
Wrote Device Cache: Time (s): cpu = 00:00:00.02 ; elapsed = 00:00:00.01 . Memory (MB): peak = 3393.402 ; gain = 0.000 ; free physical = 14129 ; free virtual = 55572
Write Physdb Complete: Time (s): cpu = 00:00:04 ; elapsed = 00:00:01 . Memory (MB): peak = 3393.402 ; gain = 0.000 ; free physical = 14129 ; free virtual = 55572
INFO: [Common 17-1381] The checkpoint '/home/chipwisperer/Documents/SNN/snn_accelerator_integration/snn_accelerator_integration.runs/impl_1/design_1_wrapper_placed.dcp' has been generated.
Command: phys_opt_design
Attempting to get a license for feature 'Implementation' and/or device 'xc7z020'
INFO: [Common 17-349] Got license for feature 'Implementation' and/or device 'xc7z020'

Starting Initial Update Timing Task

Time (s): cpu = 00:00:17 ; elapsed = 00:00:04 . Memory (MB): peak = 3393.402 ; gain = 0.000 ; free physical = 14124 ; free virtual = 55548
INFO: [Vivado_Tcl 4-2279] Estimated Timing Summary | WNS= 0.508 | TNS= 0.000 | 
INFO: [Vivado_Tcl 4-383] Design worst setup slack (WNS) is greater than or equal to 0.000 ns. All physical synthesis setup optimizations will be skipped.
INFO: [Vivado_Tcl 4-232] No setup violation found. The netlist was not modified.
INFO: [Common 17-83] Releasing license: Implementation
119 Infos, 0 Warnings, 0 Critical Warnings and 0 Errors encountered.
phys_opt_design completed successfully
INFO: [Timing 38-480] Writing timing data to binary archive.
Wrote PlaceDB: Time (s): cpu = 00:00:00 ; elapsed = 00:00:00.01 . Memory (MB): peak = 3393.402 ; gain = 0.000 ; free physical = 14124 ; free virtual = 55548
Wrote PulsedLatchDB: Time (s): cpu = 00:00:00 ; elapsed = 00:00:00 . Memory (MB): peak = 3393.402 ; gain = 0.000 ; free physical = 14124 ; free virtual = 55548
Writing XDEF routing.
Writing XDEF routing logical nets.
Writing XDEF routing special nets.
Wrote RouteStorage: Time (s): cpu = 00:00:00.39 ; elapsed = 00:00:00.08 . Memory (MB): peak = 3393.402 ; gain = 0.000 ; free physical = 14124 ; free virtual = 55549
Write ShapeDB Complete: Time (s): cpu = 00:00:00.47 ; elapsed = 00:00:00.1 . Memory (MB): peak = 3393.402 ; gain = 0.000 ; free physical = 14123 ; free virtual = 55551
Wrote PlaceStorage: Time (s): cpu = 00:00:04 ; elapsed = 00:00:01 . Memory (MB): peak = 3393.402 ; gain = 0.000 ; free physical = 14110 ; free virtual = 55560
Wrote Netlist Cache: Time (s): cpu = 00:00:00.05 ; elapsed = 00:00:00.02 . Memory (MB): peak = 3393.402 ; gain = 0.000 ; free physical = 14102 ; free virtual = 55554
Wrote Device Cache: Time (s): cpu = 00:00:00.03 ; elapsed = 00:00:00.02 . Memory (MB): peak = 3393.402 ; gain = 0.000 ; free physical = 14102 ; free virtual = 55555
Write Physdb Complete: Time (s): cpu = 00:00:04 ; elapsed = 00:00:01 . Memory (MB): peak = 3393.402 ; gain = 0.000 ; free physical = 14102 ; free virtual = 55555
INFO: [Common 17-1381] The checkpoint '/home/chipwisperer/Documents/SNN/snn_accelerator_integration/snn_accelerator_integration.runs/impl_1/design_1_wrapper_physopt.dcp' has been generated.
Command: route_design
Attempting to get a license for feature 'Implementation' and/or device 'xc7z020'
INFO: [Common 17-349] Got license for feature 'Implementation' and/or device 'xc7z020'


Starting Routing Task
INFO: [Route 35-254] Multithreading enabled for route_design using a maximum of 8 CPUs

Phase 1 Build RT Design
Checksum: PlaceDB: e01d8c3f ConstDB: 0 ShapeSum: aaaa4c32 RouteDB: 15f972f0
Post Restoration Checksum: NetGraph: 529ba081 | NumContArr: 3a185392 | Constraints: c2a8fa9d | Timing: c2a8fa9d
Phase 1 Build RT Design | Checksum: 21205e94d

Time (s): cpu = 00:00:52 ; elapsed = 00:00:30 . Memory (MB): peak = 3393.402 ; gain = 0.000 ; free physical = 14168 ; free virtual = 55603

Phase 2 Router Initialization

Phase 2.1 Fix Topology Constraints
Phase 2.1 Fix Topology Constraints | Checksum: 21205e94d

Time (s): cpu = 00:00:52 ; elapsed = 00:00:30 . Memory (MB): peak = 3393.402 ; gain = 0.000 ; free physical = 14167 ; free virtual = 55603

Phase 2.2 Pre Route Cleanup
Phase 2.2 Pre Route Cleanup | Checksum: 21205e94d

Time (s): cpu = 00:00:53 ; elapsed = 00:00:30 . Memory (MB): peak = 3393.402 ; gain = 0.000 ; free physical = 14167 ; free virtual = 55603
 Number of Nodes with overlaps = 0

Phase 2.3 Update Timing
Phase 2.3 Update Timing | Checksum: 110c5faca

Time (s): cpu = 00:01:21 ; elapsed = 00:00:37 . Memory (MB): peak = 3393.402 ; gain = 0.000 ; free physical = 14167 ; free virtual = 55603
INFO: [Route 35-416] Intermediate Timing Summary | WNS=0.576  | TNS=0.000  | WHS=-0.277 | THS=-210.299|


Phase 2.4 Soft Constraint Pins - Fast Budgeting
Phase 2.4 Soft Constraint Pins - Fast Budgeting | Checksum: 1a00e79b2

Time (s): cpu = 00:01:28 ; elapsed = 00:00:39 . Memory (MB): peak = 3393.402 ; gain = 0.000 ; free physical = 14167 ; free virtual = 55603

Router Utilization Summary
  Global Vertical Routing Utilization    = 0 %
  Global Horizontal Routing Utilization  = 0 %
  Routable Net Status*
  *Does not include unroutable nets such as driverless and loadless.
  Run report_route_status for detailed report.
  Number of Failed Nets               = 19685
    (Failed Nets is the sum of unrouted and partially routed nets)
  Number of Unrouted Nets             = 19685
  Number of Partially Routed Nets     = 0
  Number of Node Overlaps             = 0

Phase 2 Router Initialization | Checksum: 16bdf5515

Time (s): cpu = 00:01:29 ; elapsed = 00:00:39 . Memory (MB): peak = 3393.402 ; gain = 0.000 ; free physical = 14167 ; free virtual = 55603

Phase 3 Global Routing
Phase 3 Global Routing | Checksum: 16bdf5515

Time (s): cpu = 00:01:29 ; elapsed = 00:00:39 . Memory (MB): peak = 3393.402 ; gain = 0.000 ; free physical = 14167 ; free virtual = 55603

Phase 4 Initial Routing

Phase 4.1 Initial Net Routing Pass
Phase 4.1 Initial Net Routing Pass | Checksum: 272236197

Time (s): cpu = 00:01:57 ; elapsed = 00:00:45 . Memory (MB): peak = 3393.402 ; gain = 0.000 ; free physical = 14163 ; free virtual = 55599
Phase 4 Initial Routing | Checksum: 272236197

Time (s): cpu = 00:01:57 ; elapsed = 00:00:45 . Memory (MB): peak = 3393.402 ; gain = 0.000 ; free physical = 14163 ; free virtual = 55599

Phase 5 Rip-up And Reroute

Phase 5.1 Global Iteration 0
 Number of Nodes with overlaps = 3036
 Number of Nodes with overlaps = 1015
 Number of Nodes with overlaps = 594
 Number of Nodes with overlaps = 274
 Number of Nodes with overlaps = 110
 Number of Nodes with overlaps = 38
 Number of Nodes with overlaps = 8
 Number of Nodes with overlaps = 2
 Number of Nodes with overlaps = 0
INFO: [Route 35-416] Intermediate Timing Summary | WNS=-0.142 | TNS=-0.230 | WHS=N/A    | THS=N/A    |

Phase 5.1 Global Iteration 0 | Checksum: 221c34670

Time (s): cpu = 00:03:36 ; elapsed = 00:01:46 . Memory (MB): peak = 3393.402 ; gain = 0.000 ; free physical = 14132 ; free virtual = 55568

Phase 5.2 Global Iteration 1
 Number of Nodes with overlaps = 329
 Number of Nodes with overlaps = 102
 Number of Nodes with overlaps = 57
 Number of Nodes with overlaps = 22
 Number of Nodes with overlaps = 13
 Number of Nodes with overlaps = 4
 Number of Nodes with overlaps = 0
INFO: [Route 35-416] Intermediate Timing Summary | WNS=-0.011 | TNS=-0.011 | WHS=N/A    | THS=N/A    |

Phase 5.2 Global Iteration 1 | Checksum: 1cf711bc1

Time (s): cpu = 00:04:19 ; elapsed = 00:02:08 . Memory (MB): peak = 3393.402 ; gain = 0.000 ; free physical = 14130 ; free virtual = 55567

Phase 5.3 Global Iteration 2
 Number of Nodes with overlaps = 258
 Number of Nodes with overlaps = 85
 Number of Nodes with overlaps = 36
 Number of Nodes with overlaps = 10
 Number of Nodes with overlaps = 3
 Number of Nodes with overlaps = 0
INFO: [Route 35-416] Intermediate Timing Summary | WNS=0.157  | TNS=0.000  | WHS=N/A    | THS=N/A    |

Phase 5.3 Global Iteration 2 | Checksum: 1899c95cc

Time (s): cpu = 00:04:46 ; elapsed = 00:02:22 . Memory (MB): peak = 3393.402 ; gain = 0.000 ; free physical = 14132 ; free virtual = 55569
Phase 5 Rip-up And Reroute | Checksum: 1899c95cc

Time (s): cpu = 00:04:47 ; elapsed = 00:02:22 . Memory (MB): peak = 3393.402 ; gain = 0.000 ; free physical = 14132 ; free virtual = 55569

Phase 6 Delay and Skew Optimization

Phase 6.1 Delay CleanUp
Phase 6.1 Delay CleanUp | Checksum: 1899c95cc

Time (s): cpu = 00:04:47 ; elapsed = 00:02:22 . Memory (MB): peak = 3393.402 ; gain = 0.000 ; free physical = 14132 ; free virtual = 55569

Phase 6.2 Clock Skew Optimization
Phase 6.2 Clock Skew Optimization | Checksum: 1899c95cc

Time (s): cpu = 00:04:47 ; elapsed = 00:02:22 . Memory (MB): peak = 3393.402 ; gain = 0.000 ; free physical = 14132 ; free virtual = 55569
Phase 6 Delay and Skew Optimization | Checksum: 1899c95cc

Time (s): cpu = 00:04:47 ; elapsed = 00:02:22 . Memory (MB): peak = 3393.402 ; gain = 0.000 ; free physical = 14132 ; free virtual = 55569

Phase 7 Post Hold Fix

Phase 7.1 Hold Fix Iter
INFO: [Route 35-416] Intermediate Timing Summary | WNS=0.170  | TNS=0.000  | WHS=0.021  | THS=0.000  |

Phase 7.1 Hold Fix Iter | Checksum: 219177d80

Time (s): cpu = 00:04:51 ; elapsed = 00:02:22 . Memory (MB): peak = 3393.402 ; gain = 0.000 ; free physical = 14132 ; free virtual = 55569
Phase 7 Post Hold Fix | Checksum: 219177d80

Time (s): cpu = 00:04:51 ; elapsed = 00:02:22 . Memory (MB): peak = 3393.402 ; gain = 0.000 ; free physical = 14132 ; free virtual = 55569

Phase 8 Route finalize

Router Utilization Summary
  Global Vertical Routing Utilization    = 8.52651 %
  Global Horizontal Routing Utilization  = 10.712 %
  Routable Net Status*
  *Does not include unroutable nets such as driverless and loadless.
  Run report_route_status for detailed report.
  Number of Failed Nets               = 0
    (Failed Nets is the sum of unrouted and partially routed nets)
  Number of Unrouted Nets             = 0
  Number of Partially Routed Nets     = 0
  Number of Node Overlaps             = 0

Phase 8 Route finalize | Checksum: 219177d80

Time (s): cpu = 00:04:51 ; elapsed = 00:02:23 . Memory (MB): peak = 3393.402 ; gain = 0.000 ; free physical = 14133 ; free virtual = 55569

Phase 9 Verifying routed nets

 Verification completed successfully
Phase 9 Verifying routed nets | Checksum: 219177d80

Time (s): cpu = 00:04:52 ; elapsed = 00:02:23 . Memory (MB): peak = 3393.402 ; gain = 0.000 ; free physical = 14133 ; free virtual = 55569

Phase 10 Depositing Routes
Phase 10 Depositing Routes | Checksum: 2f2a590ec

Time (s): cpu = 00:04:55 ; elapsed = 00:02:25 . Memory (MB): peak = 3393.402 ; gain = 0.000 ; free physical = 14134 ; free virtual = 55570

Phase 11 Post Process Routing
Phase 11 Post Process Routing | Checksum: 2f2a590ec

Time (s): cpu = 00:04:56 ; elapsed = 00:02:25 . Memory (MB): peak = 3393.402 ; gain = 0.000 ; free physical = 14134 ; free virtual = 55570

Phase 12 Post Router Timing
INFO: [Route 35-57] Estimated Timing Summary | WNS=0.170  | TNS=0.000  | WHS=0.021  | THS=0.000  |

INFO: [Route 35-327] The final timing numbers are based on the router estimated timing analysis. For a complete and accurate timing signoff, please run report_timing_summary.
Phase 12 Post Router Timing | Checksum: 2f2a590ec

Time (s): cpu = 00:04:56 ; elapsed = 00:02:25 . Memory (MB): peak = 3393.402 ; gain = 0.000 ; free physical = 14134 ; free virtual = 55570
Total Elapsed time in route_design: 144.98 secs

Phase 13 Post-Route Event Processing
Phase 13 Post-Route Event Processing | Checksum: 1dc919ec2

Time (s): cpu = 00:04:56 ; elapsed = 00:02:25 . Memory (MB): peak = 3393.402 ; gain = 0.000 ; free physical = 14134 ; free virtual = 55570
INFO: [Route 35-16] Router Completed Successfully
Ending Routing Task | Checksum: 1dc919ec2

Time (s): cpu = 00:04:56 ; elapsed = 00:02:25 . Memory (MB): peak = 3393.402 ; gain = 0.000 ; free physical = 14134 ; free virtual = 55570

Routing Is Done.
INFO: [Common 17-83] Releasing license: Implementation
132 Infos, 0 Warnings, 0 Critical Warnings and 0 Errors encountered.
route_design completed successfully
route_design: Time (s): cpu = 00:04:57 ; elapsed = 00:02:25 . Memory (MB): peak = 3393.402 ; gain = 0.000 ; free physical = 14134 ; free virtual = 55570
INFO: [Vivado 12-24828] Executing command : report_drc -file design_1_wrapper_drc_routed.rpt -pb design_1_wrapper_drc_routed.pb -rpx design_1_wrapper_drc_routed.rpx
Command: report_drc -file design_1_wrapper_drc_routed.rpt -pb design_1_wrapper_drc_routed.pb -rpx design_1_wrapper_drc_routed.rpx
INFO: [IP_Flow 19-1839] IP Catalog is up to date.
INFO: [DRC 23-27] Running DRC with 8 threads
INFO: [Vivado_Tcl 2-168] The results of DRC are in file /home/chipwisperer/Documents/SNN/snn_accelerator_integration/snn_accelerator_integration.runs/impl_1/design_1_wrapper_drc_routed.rpt.
report_drc completed successfully
INFO: [Vivado 12-24828] Executing command : report_methodology -file design_1_wrapper_methodology_drc_routed.rpt -pb design_1_wrapper_methodology_drc_routed.pb -rpx design_1_wrapper_methodology_drc_routed.rpx
Command: report_methodology -file design_1_wrapper_methodology_drc_routed.rpt -pb design_1_wrapper_methodology_drc_routed.pb -rpx design_1_wrapper_methodology_drc_routed.rpx
INFO: [Timing 38-35] Done setting XDC timing constraints.
INFO: [DRC 23-133] Running Methodology with 8 threads
INFO: [Vivado_Tcl 2-1520] The results of Report Methodology are in file /home/chipwisperer/Documents/SNN/snn_accelerator_integration/snn_accelerator_integration.runs/impl_1/design_1_wrapper_methodology_drc_routed.rpt.
report_methodology completed successfully
report_methodology: Time (s): cpu = 00:00:39 ; elapsed = 00:00:07 . Memory (MB): peak = 3393.402 ; gain = 0.000 ; free physical = 14117 ; free virtual = 55553
INFO: [Vivado 12-24828] Executing command : report_timing_summary -max_paths 10 -routable_nets -report_unconstrained -file design_1_wrapper_timing_summary_routed.rpt -pb design_1_wrapper_timing_summary_routed.pb -rpx design_1_wrapper_timing_summary_routed.rpx -warn_on_violation 
INFO: [Timing 38-35] Done setting XDC timing constraints.
INFO: [Timing 38-91] UpdateTimingParams: Speed grade: -1, Delay Type: min_max.
INFO: [Timing 38-191] Multithreading enabled for timing update using a maximum of 8 CPUs
INFO: [Vivado 12-24838] Running report commands "report_bus_skew, report_incremental_reuse, report_route_status" in parallel.
Running report generation with 3 threads.
INFO: [Vivado 12-24828] Executing command : report_incremental_reuse -file design_1_wrapper_incremental_reuse_routed.rpt
INFO: [Vivado_Tcl 4-1062] Incremental flow is disabled. No incremental reuse Info to report.
INFO: [Vivado 12-24828] Executing command : report_bus_skew -warn_on_violation -file design_1_wrapper_bus_skew_routed.rpt -pb design_1_wrapper_bus_skew_routed.pb -rpx design_1_wrapper_bus_skew_routed.rpx
INFO: [Timing 38-91] UpdateTimingParams: Speed grade: -1, Delay Type: min_max.
INFO: [Timing 38-191] Multithreading enabled for timing update using a maximum of 8 CPUs
INFO: [Vivado 12-24828] Executing command : report_route_status -file design_1_wrapper_route_status.rpt -pb design_1_wrapper_route_status.pb
INFO: [Vivado 12-24828] Executing command : report_power -file design_1_wrapper_power_routed.rpt -pb design_1_wrapper_power_summary_routed.pb -rpx design_1_wrapper_power_routed.rpx
Command: report_power -file design_1_wrapper_power_routed.rpt -pb design_1_wrapper_power_summary_routed.pb -rpx design_1_wrapper_power_routed.rpx
Running Vector-less Activity Propagation...

Finished Running Vector-less Activity Propagation
WARNING: [Power 33-332] Found switching activity that implies high-fanout reset nets being asserted for excessive periods of time which may result in inaccurate power analysis.
Resolution: To review and fix problems, please run Power Constraints Advisor in the GUI from Tools > Power Constraints Advisor or run report_power with the -advisory option to generate a text report.
152 Infos, 1 Warnings, 0 Critical Warnings and 0 Errors encountered.
report_power completed successfully
report_power: Time (s): cpu = 00:00:12 ; elapsed = 00:00:05 . Memory (MB): peak = 3393.402 ; gain = 0.000 ; free physical = 14078 ; free virtual = 55526
INFO: [Vivado 12-24828] Executing command : report_clock_utilization -file design_1_wrapper_clock_utilization_routed.rpt
generate_parallel_reports: Time (s): cpu = 00:01:14 ; elapsed = 00:00:20 . Memory (MB): peak = 3393.402 ; gain = 0.000 ; free physical = 14078 ; free virtual = 55527
INFO: [Timing 38-480] Writing timing data to binary archive.
Wrote PlaceDB: Time (s): cpu = 00:00:00 ; elapsed = 00:00:00.01 . Memory (MB): peak = 3393.402 ; gain = 0.000 ; free physical = 14078 ; free virtual = 55527
Wrote PulsedLatchDB: Time (s): cpu = 00:00:00 ; elapsed = 00:00:00 . Memory (MB): peak = 3393.402 ; gain = 0.000 ; free physical = 14078 ; free virtual = 55527
Writing XDEF routing.
Writing XDEF routing logical nets.
Write ShapeDB Complete: Time (s): cpu = 00:00:00.49 ; elapsed = 00:00:00.1 . Memory (MB): peak = 3393.402 ; gain = 0.000 ; free physical = 14074 ; free virtual = 55527
Writing XDEF routing special nets.
Wrote RouteStorage: Time (s): cpu = 00:00:02 ; elapsed = 00:00:00.44 . Memory (MB): peak = 3393.402 ; gain = 0.000 ; free physical = 14070 ; free virtual = 55533
Wrote PlaceStorage: Time (s): cpu = 00:00:03 ; elapsed = 00:00:01 . Memory (MB): peak = 3393.402 ; gain = 0.000 ; free physical = 14048 ; free virtual = 55529
Wrote Netlist Cache: Time (s): cpu = 00:00:00.05 ; elapsed = 00:00:00.02 . Memory (MB): peak = 3393.402 ; gain = 0.000 ; free physical = 14049 ; free virtual = 55531
Wrote Device Cache: Time (s): cpu = 00:00:00.02 ; elapsed = 00:00:00.02 . Memory (MB): peak = 3393.402 ; gain = 0.000 ; free physical = 14049 ; free virtual = 55532
Write Physdb Complete: Time (s): cpu = 00:00:06 ; elapsed = 00:00:02 . Memory (MB): peak = 3393.402 ; gain = 0.000 ; free physical = 14050 ; free virtual = 55533
INFO: [Common 17-1381] The checkpoint '/home/chipwisperer/Documents/SNN/snn_accelerator_integration/snn_accelerator_integration.runs/impl_1/design_1_wrapper_routed.dcp' has been generated.
INFO: [Memdata 28-167] Found XPM memory block design_1_i/axi_dma_2/U0/I_PRMRY_DATAMOVER/GEN_S2MM_FULL.I_S2MM_FULL_WRAPPER/GEN_ENABLE_INDET_BTT_SF.I_INDET_BTT/I_XD_FIFO/NON_BLK_MEM.I_SYNC_FIFOGEN_FIFO/xpm_fifo_base_inst/gen_sdpram.xpm_memory_base_inst with a P_MEMORY_PRIMITIVE property set to auto. A value of block is required. You will not be able to use the updatemem program to update the bitstream with new data for the design_1_i/axi_dma_2/U0/I_PRMRY_DATAMOVER/GEN_S2MM_FULL.I_S2MM_FULL_WRAPPER/GEN_ENABLE_INDET_BTT_SF.I_INDET_BTT/I_XD_FIFO/NON_BLK_MEM.I_SYNC_FIFOGEN_FIFO/xpm_fifo_base_inst/gen_sdpram.xpm_memory_base_inst block.
INFO: [Memdata 28-208] The XPM instance: <design_1_i/axi_dma_2/U0/I_PRMRY_DATAMOVER/GEN_S2MM_FULL.I_S2MM_FULL_WRAPPER/GEN_ENABLE_INDET_BTT_SF.I_INDET_BTT/I_DATA_FIFO/BLK_MEM.I_SYNC_FIFOGEN_FIFO/xpm_fifo_base_inst/gen_sdpram.xpm_memory_base_inst> is part of IP: <design_1_i/axi_dma_2>. This XPM instance will be excluded from the .mmi because updatemem is prohibited from making changes to an XPM that is part of an IP.
INFO: [Memdata 28-208] The XPM instance: <design_1_i/axi_dma_2/U0/I_PRMRY_DATAMOVER/GEN_MM2S_FULL.I_MM2S_FULL_WRAPPER/GEN_INCLUDE_MM2S_SF.I_RD_SF/I_DATA_FIFO/BLK_MEM.I_SYNC_FIFOGEN_FIFO/xpm_fifo_base_inst/gen_sdpram.xpm_memory_base_inst> is part of IP: <design_1_i/axi_dma_2>. This XPM instance will be excluded from the .mmi because updatemem is prohibited from making changes to an XPM that is part of an IP.
INFO: [Memdata 28-167] Found XPM memory block design_1_i/axi_dma_1/U0/I_PRMRY_DATAMOVER/GEN_S2MM_FULL.I_S2MM_FULL_WRAPPER/GEN_ENABLE_INDET_BTT_SF.I_INDET_BTT/I_XD_FIFO/NON_BLK_MEM.I_SYNC_FIFOGEN_FIFO/xpm_fifo_base_inst/gen_sdpram.xpm_memory_base_inst with a P_MEMORY_PRIMITIVE property set to auto. A value of block is required. You will not be able to use the updatemem program to update the bitstream with new data for the design_1_i/axi_dma_1/U0/I_PRMRY_DATAMOVER/GEN_S2MM_FULL.I_S2MM_FULL_WRAPPER/GEN_ENABLE_INDET_BTT_SF.I_INDET_BTT/I_XD_FIFO/NON_BLK_MEM.I_SYNC_FIFOGEN_FIFO/xpm_fifo_base_inst/gen_sdpram.xpm_memory_base_inst block.
INFO: [Memdata 28-208] The XPM instance: <design_1_i/axi_dma_1/U0/I_PRMRY_DATAMOVER/GEN_S2MM_FULL.I_S2MM_FULL_WRAPPER/GEN_ENABLE_INDET_BTT_SF.I_INDET_BTT/I_DATA_FIFO/BLK_MEM.I_SYNC_FIFOGEN_FIFO/xpm_fifo_base_inst/gen_sdpram.xpm_memory_base_inst> is part of IP: <design_1_i/axi_dma_1>. This XPM instance will be excluded from the .mmi because updatemem is prohibited from making changes to an XPM that is part of an IP.
INFO: [Memdata 28-208] The XPM instance: <design_1_i/axi_dma_1/U0/I_PRMRY_DATAMOVER/GEN_MM2S_FULL.I_MM2S_FULL_WRAPPER/GEN_INCLUDE_MM2S_SF.I_RD_SF/I_DATA_FIFO/BLK_MEM.I_SYNC_FIFOGEN_FIFO/xpm_fifo_base_inst/gen_sdpram.xpm_memory_base_inst> is part of IP: <design_1_i/axi_dma_1>. This XPM instance will be excluded from the .mmi because updatemem is prohibited from making changes to an XPM that is part of an IP.
INFO: [Memdata 28-208] The XPM instance: <design_1_i/axi_dma_0/U0/I_PRMRY_DATAMOVER/GEN_MM2S_FULL.I_MM2S_FULL_WRAPPER/GEN_INCLUDE_MM2S_SF.I_RD_SF/I_DATA_FIFO/BLK_MEM.I_SYNC_FIFOGEN_FIFO/xpm_fifo_base_inst/gen_sdpram.xpm_memory_base_inst> is part of IP: <design_1_i/axi_dma_0>. This XPM instance will be excluded from the .mmi because updatemem is prohibited from making changes to an XPM that is part of an IP.
Command: write_bitstream -force design_1_wrapper.bit
Attempting to get a license for feature 'Implementation' and/or device 'xc7z020'
INFO: [Common 17-349] Got license for feature 'Implementation' and/or device 'xc7z020'
Running DRC as a precondition to command write_bitstream
INFO: [IP_Flow 19-1839] IP Catalog is up to date.
INFO: [DRC 23-27] Running DRC with 8 threads
INFO: [Vivado 12-3199] DRC finished with 0 Errors
INFO: [Vivado 12-3200] Please refer to the DRC report (report_drc) for more information.
Integrating Hard IP ELF/MEM with the PDI.
INFO: [Designutils 20-2272] Running write_bitstream with 8 threads.
Loading data files...
Loading site data...
Loading route data...
Processing options...
Creating bitmap...
Creating bitstream...
Writing bitstream ./design_1_wrapper.bit...
INFO: [Vivado 12-1842] Bitgen Completed Successfully.
INFO: [Common 17-83] Releasing license: Implementation
170 Infos, 1 Warnings, 0 Critical Warnings and 0 Errors encountered.
write_bitstream completed successfully
write_bitstream: Time (s): cpu = 00:01:03 ; elapsed = 00:00:23 . Memory (MB): peak = 3514.184 ; gain = 120.781 ; free physical = 13758 ; free virtual = 55223
INFO: [Common 17-206] Exiting Vivado at Tue Jul 21 16:23:30 2026...
